################################################################################
#                                                                              #
#      IAR Universal Linker V4.61L/W32                                         #
#                                                                              #
#           Link time     =  21/Jul/2010  13:58:30                             #
#           Target CPU    =  x51                                               #
#           List file     =  "D:\程式開發\TI CC2530 example\CC2530_ex_v4\CC253 #
#                            0_ex\mcu-net1\ex_rfrecv\debug\List\rfrecv.map"    #
#           Output file 1 =  "D:\程式開發\TI CC2530 example\CC2530_ex_v4\CC253 #
#                            0_ex\mcu-net1\ex_rfrecv\debug\Exe\rfrecv.hex"     #
#                            Format: intel-extended                            #
#           Output file 2 =  "D:\程式開發\TI CC2530 example\CC2530_ex_v4\CC253 #
#                            0_ex\mcu-net1\ex_rfrecv\debug\Exe\rfrecv.d51"     #
#                            Format: debug                                     #
#                            UBROF version 10.0.2                              #
#                            Using library modules for C-SPY (-rt)             #
#           Command line  =  "-IC:\IAR Systems\Embedded Workbench 5.3\8051\CON #
#                            FIG\"                                             #
#                            -D_NR_OF_BANKS=0x07 -D_CODEBANK_END=0xFFFF        #
#                            -D_CODEBANK_START=0x8000 -D?CBANK_MASK=0x07       #
#                            -D?CBANK=0x9F                                     #
#                            "D:\程式開發\TI CC2530 example\CC2530_ex_v4\CC253 #
#                            0_ex\mcu-net1\ex_rfrecv\debug\Obj\basic_rf.r51"   #
#                            "D:\程式開發\TI CC2530 example\CC2530_ex_v4\CC253 #
#                            0_ex\mcu-net1\ex_rfrecv\debug\Obj\basic_rf_securi #
#                            ty.r51"                                           #
#                            "D:\程式開發\TI CC2530 example\CC2530_ex_v4\CC253 #
#                            0_ex\mcu-net1\ex_rfrecv\debug\Obj\ex.r51"         #
#                            "D:\程式開發\TI CC2530 example\CC2530_ex_v4\CC253 #
#                            0_ex\mcu-net1\ex_rfrecv\debug\Obj\hal_board.r51"  #
#                            "D:\程式開發\TI CC2530 example\CC2530_ex_v4\CC253 #
#                            0_ex\mcu-net1\ex_rfrecv\debug\Obj\hal_buzzer.r51" #
#                            "D:\程式開發\TI CC2530 example\CC2530_ex_v4\CC253 #
#                            0_ex\mcu-net1\ex_rfrecv\debug\Obj\hal_clock.r51"  #
#                            "D:\程式開發\TI CC2530 example\CC2530_ex_v4\CC253 #
#                            0_ex\mcu-net1\ex_rfrecv\debug\Obj\hal_int.r51"    #
#                            "D:\程式開發\TI CC2530 example\CC2530_ex_v4\CC253 #
#                            0_ex\mcu-net1\ex_rfrecv\debug\Obj\hal_mcu.r51"    #
#                            "D:\程式開發\TI CC2530 example\CC2530_ex_v4\CC253 #
#                            0_ex\mcu-net1\ex_rfrecv\debug\Obj\hal_rf.r51"     #
#                            "D:\程式開發\TI CC2530 example\CC2530_ex_v4\CC253 #
#                            0_ex\mcu-net1\ex_rfrecv\debug\Obj\hal_rf_security #
#                            .r51"                                             #
#                            "D:\程式開發\TI CC2530 example\CC2530_ex_v4\CC253 #
#                            0_ex\mcu-net1\ex_rfrecv\debug\Obj\hal_rtc.r51"    #
#                            "D:\程式開發\TI CC2530 example\CC2530_ex_v4\CC253 #
#                            0_ex\mcu-net1\ex_rfrecv\debug\Obj\hal_uart.r51"   #
#                            "D:\程式開發\TI CC2530 example\CC2530_ex_v4\CC253 #
#                            0_ex\mcu-net1\ex_rfrecv\debug\Obj\util.r51"       #
#                            "D:\程式開發\TI CC2530 example\CC2530_ex_v4\CC253 #
#                            0_ex\mcu-net1\ex_rfrecv\debug\Obj\util_buffer.r51 #
#                            "                                                 #
#                            -o                                                #
#                            "D:\程式開發\TI CC2530 example\CC2530_ex_v4\CC253 #
#                            0_ex\mcu-net1\ex_rfrecv\debug\Exe\rfrecv.d51"     #
#                            -l                                                #
#                            "D:\程式開發\TI CC2530 example\CC2530_ex_v4\CC253 #
#                            0_ex\mcu-net1\ex_rfrecv\debug\List\rfrecv.map"    #
#                            -xmsn                                             #
#                            "-IC:\IAR Systems\Embedded Workbench 5.3\8051\CON #
#                            FIG\"                                             #
#                            -f lnk51ew_cc2530b.xcl (-D_IDATA_END=0xFF         #
#                            -D_PDATA_START=0x1E00 -D_PDATA_END=0x1EFF         #
#                            -D_IXDATA_START=0x0001 -D_IXDATA_END=0x1EFF       #
#                            -D_XDATA_START=_IXDATA_START                      #
#                            -D_XDATA_END=_IXDATA_END -D_CODE_START=0x0000     #
#                            -D_CODE_END=0x7FFF -D_FIRST_BANK_ADDR=0x10000     #
#                            -M(CODE)[(_CODEBANK_START+_FIRST_BANK_ADDR)-(_COD #
#                            EBANK_END+_FIRST_BANK_ADDR)]*_NR_OF_BANKS+0x10000 #
#                            =0x8000                                           #
#                            -ww69=i -D_NEAR_CODE_END=_CODE_END                #
#                            -D?REGISTER_BANK=0 -D_REGISTER_BANK_START=0       #
#                            -D?PBANK_NUMBER=0x1E -D?PBANK=0x93                #
#                            -D_BREG_START=0x00 -D?VB=0x20                     #
#                            -D_FAR_DATA_NR_OF_BANKS=0x0E                      #
#                            -D_FAR_DATA_START=0x010001                        #
#                            -D_FAR_DATA_END=0xFFFFFF                          #
#                            -D_FAR_CODE_START=_CODE_START                     #
#                            -D_FAR_CODE_END=_CODE_END -f lnk_base.xcl         #
#                            (-Z(BIT)BREG=_BREG_START -Z(BIT)BIT_N=0-7F        #
#                            -Z(DATA)REGISTERS+8=_REGISTER_BANK_START          #
#                            -Z(DATA)BDATA_Z,BDATA_N,BDATA_I=20-2F             #
#                            -Z(DATA)VREG+_NR_OF_VIRTUAL_REGISTERS=08-7F       #
#                            -Z(DATA)PSP,XSP=08-7F -Z(DATA)DOVERLAY=08-7F      #
#                            -Z(DATA)DATA_I,DATA_Z,DATA_N=08-7F                #
#                            -U(IDATA)0-7F=(DATA)0-7F                          #
#                            -Z(IDATA)IDATA_I,IDATA_Z,IDATA_N=08-_IDATA_END    #
#                            -Z(IDATA)ISTACK+_IDATA_STACK_SIZE#08-_IDATA_END   #
#                            -Z(IDATA)IOVERLAY=08-FF -Z(CODE)INTVEC=0          #
#                            -Z(CODE)CSTART=_CODE_START-_CODE_END              #
#                            -Z(CODE)BIT_ID,BDATA_ID,DATA_ID,IDATA_ID,IXDATA_I #
#                            D,PDATA_ID,XDATA_ID=_CODE_START-_CODE_END         #
#                            -Z(CODE)HUGE_ID=_FAR_CODE_START-_FAR_CODE_END     #
#                            -Z(CODE)BANK_RELAYS,RCODE,DIFUNCT,CODE_C,CODE_N,N #
#                            EAR_CODE=_CODE_START-_CODE_END                    #
#                            -P(CODE)BANKED_CODE=_CODE_START-_CODE_END,[(_CODE #
#                            BANK_START+_FIRST_BANK_ADDR)-(_CODEBANK_END+_FIRS #
#                            T_BANK_ADDR)]*_NR_OF_BANKS+10000                  #
#                            -P(CODE)FAR_CODE_C,FAR_CODE_N,FAR_CODE=[_FAR_CODE #
#                            _START-_FAR_CODE_END]/10000                       #
#                            -P(CODE)HUGE_CODE_C=_FAR_CODE_START-_FAR_CODE_END #
#                            -Z(CODE)CHECKSUM#_CODE_END                        #
#                            -Z(XDATA)EXT_STACK+_EXTENDED_STACK_SIZE=_EXTENDED #
#                            _STACK_START                                      #
#                            -Z(XDATA)PSTACK+_PDATA_STACK_SIZE=_PDATA_START-_P #
#                            DATA_END                                          #
#                            -Z(XDATA)XSTACK+_XDATA_STACK_SIZE=_XDATA_START-_X #
#                            DATA_END                                          #
#                            -Z(XDATA)PDATA_Z,PDATA_I=_PDATA_START-_PDATA_END  #
#                            -P(XDATA)PDATA_N=_PDATA_START-_PDATA_END          #
#                            -Z(XDATA)IXDATA_Z,IXDATA_I=_IXDATA_START-_IXDATA_ #
#                            END                                               #
#                            -P(XDATA)IXDATA_N=_IXDATA_START-_IXDATA_END       #
#                            -Z(XDATA)XDATA_Z,XDATA_I=_XDATA_START-_XDATA_END  #
#                            -P(XDATA)XDATA_N=_XDATA_START-_XDATA_END          #
#                            -Z(XDATA)XDATA_HEAP+_XDATA_HEAP_SIZE=_XDATA_START #
#                            -_XDATA_END                                       #
#                            -Z(CONST)XDATA_ROM_C=_XDATA_START-_XDATA_END      #
#                            -Z(XDATA)FAR_Z=[_FAR_DATA_START-_FAR_DATA_END]/10 #
#                            000                                               #
#                            -Z(XDATA)FAR_I=[_FAR_DATA_START-_FAR_DATA_END]/10 #
#                            000                                               #
#                            -Z(CODE)FAR_ID=[_FAR_CODE_START-_FAR_CODE_END]/10 #
#                            000                                               #
#                            -Z(XDATA)FAR_HEAP+_FAR_HEAP_SIZE=[_FAR_DATA_START #
#                            -_FAR_DATA_END]/10000                             #
#                            -P(XDATA)FAR_N=[_FAR_DATA_START-_FAR_DATA_END]*_F #
#                            AR_DATA_NR_OF_BANKS+10000                         #
#                            -P(CONST)FAR_ROM_C=[_FAR_DATA_START-_FAR_DATA_END #
#                            ]*_FAR_DATA_NR_OF_BANKS+10000                     #
#                            -Z(XDATA)HUGE_Z,HUGE_I=_FAR_DATA_START-_FAR_DATA_ #
#                            END                                               #
#                            -P(XDATA)HUGE_N=_FAR_DATA_START-_FAR_DATA_END     #
#                            -Z(XDATA)HUGE_HEAP+_HUGE_HEAP_SIZE=_FAR_DATA_STAR #
#                            T-_FAR_DATA_END                                   #
#                            -Z(CONST)HUGE_ROM_C=_FAR_DATA_START-_FAR_DATA_END #
#                            -cx51) -D_BANK0_START=0x00000                     #
#                            -D_BANK0_END=0x07FFF -D_BANK1_START=0x18000       #
#                            -D_BANK1_END=0x1FFFF -D_BANK2_START=0x28000       #
#                            -D_BANK2_END=0x2FFFF -D_BANK3_START=0x38000       #
#                            -D_BANK3_END=0x3FFFF -D_BANK4_START=0x48000       #
#                            -D_BANK4_END=0x4FFFF -D_BANK5_START=0x58000       #
#                            -D_BANK5_END=0x5FFFF -D_BANK6_START=0x68000       #
#                            -D_BANK6_END=0x6FFFF -D_BANK7_START=0x78000       #
#                            -D_BANK7_END=0x7FFFF                              #
#                            -P(CODE)BANK0=_BANK0_START-_BANK0_END             #
#                            -P(CODE)BANK1=_BANK1_START-_BANK1_END             #
#                            -P(CODE)BANK2=_BANK2_START-_BANK2_END             #
#                            -P(CODE)BANK3=_BANK3_START-_BANK3_END             #
#                            -P(CODE)BANK4=_BANK4_START-_BANK4_END             #
#                            -P(CODE)BANK5=_BANK5_START-_BANK5_END             #
#                            -P(CODE)BANK6=_BANK6_START-_BANK6_END             #
#                            -P(CODE)BANK7=_BANK7_START-_BANK7_END             #
#                            -D_FLASH_LOCK_BITS_START=((_NR_OF_BANKS*_FIRST_BA #
#                            NK_ADDR)+0xFFF0)                                  #
#                            -D_FLASH_LOCK_BITS_END=((_NR_OF_BANKS*_FIRST_BANK #
#                            _ADDR)+0xFFFF)                                    #
#                            -Z(CODE)FLASH_LOCK_BITS=_FLASH_LOCK_BITS_START-_F #
#                            LASH_LOCK_BITS_END                                #
#                            -U(CODE)0x0000=(CODE)_FLASH_LOCK_BITS_START-_FLAS #
#                            H_LOCK_BITS_END)                                  #
#                            -e?BCALL_07=?BCALL -e?BRET_07=?BRET               #
#                            -e?BDISPATCH_07=?BDISPATCH                        #
#                            -D_NR_OF_VIRTUAL_REGISTERS=8                      #
#                            -e_medium_write=_formatted_write                  #
#                            -e_medium_read=_formatted_read -rt                #
#                            "-Ointel-extended=D:\程式開發\TI CC2530 example\C #
#                            C2530_ex_v4\CC2530_ex\mcu-net1\ex_rfrecv\debug\Ex #
#                            e\rfrecv.hex"                                     #
#                            -s __program_start                                #
#                            "C:\IAR Systems\Embedded Workbench 5.3\8051\LIB\C #
#                            LIB\cl-pli-blxd-1e16x01.r51"                      #
#                            -D_IDATA_STACK_SIZE=0x40                          #
#                            -D_EXTENDED_STACK_START=0x00                      #
#                            -D_EXTENDED_STACK_SIZE=0x00                       #
#                            -D_PDATA_STACK_SIZE=0x80                          #
#                            -D_XDATA_STACK_SIZE=0x100                         #
#                            -D_XDATA_HEAP_SIZE=0xFF -D_FAR_HEAP_SIZE=0xFFF    #
#                            -D_HUGE_HEAP_SIZE=0xFFF                           #
#                                                                              #
#                           Copyright (C) 1987-2009 IAR Systems AB.            #
################################################################################





                ****************************************
                *                                      *
                *           CROSS REFERENCE            *
                *                                      *
                ****************************************

       Program entry at : CODE      000000E3  Relocatable, from module : CSTARTUP




                ****************************************
                *                                      *
                *            RUNTIME MODEL             *
                *                                      *
                ****************************************

  __calling_convention     = xdata_reentrant
  __code_model             = banked
  __core                   = plain
  __data_model             = large
  __dptr_size              = 16
  __extended_stack         = disabled
  __location_for_constants = data
  __number_of_dptrs        = 1
  __rt_version             = 1



                ****************************************
                *                                      *
                *              MODULE MAP              *
                *                                      *
                ****************************************


  DEFINED ABSOLUTE ENTRIES
    *************************************************************************

  DEFINED ABSOLUTE ENTRIES
  PROGRAM MODULE, NAME : ?ABS_ENTRY_MOD

Absolute parts
           ENTRY                   ADDRESS         REF BY
           =====                   =======         ======
           _HUGE_HEAP_SIZE         00000FFF 
           _FAR_HEAP_SIZE          00000FFF 
           _XDATA_HEAP_SIZE        000000FF 
           _XDATA_STACK_SIZE       00000100 
           _PDATA_STACK_SIZE       00000080 
           _EXTENDED_STACK_SIZE    00000000 
           _EXTENDED_STACK_START   00000000 
           _IDATA_STACK_SIZE       00000040 
           _NR_OF_VIRTUAL_REGISTERS
                                   00000008 
           _FLASH_LOCK_BITS_END    0003FFFF 
           _FLASH_LOCK_BITS_START
                                   0003FFF0 
           _BANK7_END              0003FFFF 
           _BANK7_START            00038000 
           _BANK6_END              00037FFF 
           _BANK6_START            00030000 
           _BANK5_END              0002FFFF 
           _BANK5_START            00028000 
           _BANK4_END              00027FFF 
           _BANK4_START            00020000 
           _BANK3_END              0001FFFF 
           _BANK3_START            00018000 
           _BANK2_END              00017FFF 
           _BANK2_START            00010000 
           _BANK1_END              0000FFFF 
           _BANK1_START            00008000 
           _BANK0_END              00007FFF 
           _BANK0_START            00000000 
           _FAR_CODE_END           00007FFF 
           _FAR_CODE_START         00000000 
           _FAR_DATA_END           00FFFFFF 
           _FAR_DATA_START         00010001 
           _FAR_DATA_NR_OF_BANKS   0000000E 
           ?VB                     00000020        ?BANKED_ENTER_XDATA (?BANKED_ENTER_XDATA)
                                                   ?BANKED_LEAVE_XDATA (?BANKED_LEAVE_XDATA)
                                                   ?INTERRUPT_ENTER_XSP (?INTERRUPT_ENTER_XSP)
                                                   ?INTERRUPT_LEAVE_XSP (?INTERRUPT_LEAVE_XSP)
           _BREG_START             00000000 
           ?PBANK                  00000093 
           ?PBANK_NUMBER           0000001E 
           _REGISTER_BANK_START    00000000 
           ?REGISTER_BANK          00000000        Segment part 6 (CSTARTUP)
           _NEAR_CODE_END          00007FFF 
           _FIRST_BANK_ADDR        00010000 
           _CODE_END               00007FFF 
           _CODE_START             00000000 
           _XDATA_END              00001EFF 
           _XDATA_START            00000001 
           _IXDATA_END             00001EFF 
           _IXDATA_START           00000001 
           _PDATA_END              00001EFF 
           _PDATA_START            00001E00 
           _IDATA_END              000000FF 
           ?CBANK                  0000009F        ?RESET_CODE_BANK (CSTARTUP)
                                                   Segment part 3 (?BANKED_CODE_SUPPORT)
           ?CBANK_MASK             00000007 
           _CODEBANK_START         00008000 
           _CODEBANK_END           0000FFFF 
           _NR_OF_BANKS            00000007 
    *************************************************************************

  FILE NAME : D:\程式開發\TI CC2530 example\CC2530_ex_v4\CC2530_ex\mcu-net1\ex_rfrecv\debug\Obj\basic_rf.r51
  PROGRAM MODULE, NAME : basic_rf

  SEGMENTS IN THE MODULE
  ======================
XDATA_I
  Relative segment, address: XDATA 000002BF - 000002CA (0xc bytes), align: 0
  Segment part 6.             Intra module refs:   ?Subroutine1
                                                   basicRfInit
                                                   basicRfPacketIsReady
                                                   basicRfReceive
                                                   basicRfRxFrmDoneIsr
           LOCAL                   ADDRESS         
           =====                   =======         
           rxi                     000002BF 
    -------------------------------------------------------------------------
XDATA_I
  Relative segment, address: XDATA 000002CB - 000002CE (0x4 bytes), align: 0
  Segment part 12.            Intra module refs:   basicRfInit
           ENTRY                   ADDRESS         REF BY
           =====                   =======         ======
           __Constant_0            000002CB 
    -------------------------------------------------------------------------
XDATA_Z
  Relative segment, address: XDATA 00000101 - 00000107 (0x7 bytes), align: 0
  Segment part 8.             Intra module refs:   basicRfInit
                                                   basicRfReceiveOn
                                                   basicRfRxFrmDoneIsr
           LOCAL                   ADDRESS         
           =====                   =======         
           txState                 00000101 
    -------------------------------------------------------------------------
XDATA_Z
  Relative segment, address: XDATA 00000108 - 00000109 (0x2 bytes), align: 0
  Segment part 9.             Intra module refs:   ?Subroutine7
                                                   basicRfInit
           LOCAL                   ADDRESS         
           =====                   =======         
           pConfig                 00000108 
    -------------------------------------------------------------------------
XDATA_Z
  Relative segment, address: XDATA 0000010A - 00000189 (0x80 bytes), align: 0
  Segment part 11.            Intra module refs:   ?Subroutine4
                                                   basicRfRxFrmDoneIsr
           LOCAL                   ADDRESS         
           =====                   =======         
           rxMpdu                  0000010A 
    -------------------------------------------------------------------------
<BANKED_CODE> 1 (was BANKED_CODE)
  Relative segment, address: CODE 00000B0B - 00000BE3 (0xd9 bytes), align: 0
  Segment part 14.            Intra module refs:   basicRfRxFrmDoneIsr::?relay
           LOCAL                   ADDRESS         
           =====                   =======         
           basicRfRxFrmDoneIsr     00000B0B 
               calls direct, is indirectly called
               ISTACK = 00000000 ( 00000002 )
    -------------------------------------------------------------------------
<BANKED_CODE> 1 (was BANKED_CODE)
  Relative segment, address: CODE 00000BE4 - 00000BE4 (0x1 bytes), align: 0
  Segment part 16.            Intra module refs:   basicRfPacketIsReady
           LOCAL                   ADDRESS         
           =====                   =======         
           ?Subroutine8            00000BE4 
    -------------------------------------------------------------------------
<BANKED_CODE> 1 (was BANKED_CODE)
  Relative segment, address: CODE 00000BE5 - 00000BEB (0x7 bytes), align: 0
  Segment part 17.            Intra module refs:   ?Subroutine8
                                                   basicRfReceiveOn
                                                   basicRfRxFrmDoneIsr
    -------------------------------------------------------------------------
<BANKED_CODE> 1 (was BANKED_CODE)
  Relative segment, address: CODE 00000BEC - 00000BF9 (0xe bytes), align: 0
  Segment part 18.            Intra module refs:   basicRfRxFrmDoneIsr
           LOCAL                   ADDRESS         
           =====                   =======         
           ?Subroutine4            00000BEC 
    -------------------------------------------------------------------------
<BANKED_CODE> 1 (was BANKED_CODE)
  Relative segment, address: CODE 00000BFA - 00000BFC (0x3 bytes), align: 0
  Segment part 19.            Intra module refs:   basicRfReceive
                                                   basicRfRxFrmDoneIsr
           LOCAL                   ADDRESS         
           =====                   =======         
           ?Subroutine1            00000BFA 
    -------------------------------------------------------------------------
<BANKED_CODE> 1 (was BANKED_CODE)
  Relative segment, address: CODE 00000BFD - 00000C03 (0x7 bytes), align: 0
  Segment part 20.            Intra module refs:   ?Subroutine1
                                                   basicRfReceive
    -------------------------------------------------------------------------
<BANKED_CODE> 1 (was BANKED_CODE)
  Relative segment, address: CODE 00000C04 - 00000C6C (0x69 bytes), align: 0
  Segment part 21.            Intra module refs:   basicRfInit::?relay
           ENTRY                   ADDRESS         REF BY
           =====                   =======         ======
           basicRfInit             00000C04 
               calls direct
               XSTACK = 00000000 ( 0000000C )
    -------------------------------------------------------------------------
<BANKED_CODE> 1 (was BANKED_CODE)
  Relative segment, address: CODE 00000C6D - 00000C71 (0x5 bytes), align: 0
  Segment part 23.            Intra module refs:   basicRfInit
           LOCAL                   ADDRESS         
           =====                   =======         
           ?Subroutine9            00000C6D 
    -------------------------------------------------------------------------
<BANKED_CODE> 1 (was BANKED_CODE)
  Relative segment, address: CODE 00000C72 - 00000C75 (0x4 bytes), align: 0
  Segment part 24.            Intra module refs:   basicRfInit
           LOCAL                   ADDRESS         
           =====                   =======         
           ?Subroutine3            00000C72 
    -------------------------------------------------------------------------
<BANKED_CODE> 1 (was BANKED_CODE)
  Relative segment, address: CODE 00000C76 - 00000C7B (0x6 bytes), align: 0
  Segment part 25.            Intra module refs:   ?Subroutine3
           LOCAL                   ADDRESS         
           =====                   =======         
           ?Subroutine5            00000C76 
    -------------------------------------------------------------------------
<BANKED_CODE> 1 (was BANKED_CODE)
  Relative segment, address: CODE 00000C7C - 00000C7F (0x4 bytes), align: 0
  Segment part 29.            Intra module refs:   basicRfInit
           LOCAL                   ADDRESS         
           =====                   =======         
           ?Subroutine6            00000C7C 
    -------------------------------------------------------------------------
<BANKED_CODE> 1 (was BANKED_CODE)
  Relative segment, address: CODE 00000C80 - 00000C8B (0xc bytes), align: 0
  Segment part 30.            Intra module refs:   ?Subroutine5
                                                   ?Subroutine6
           LOCAL                   ADDRESS         
           =====                   =======         
           ?Subroutine7            00000C80 
    -------------------------------------------------------------------------
<BANKED_CODE> 1 (was BANKED_CODE)
  Relative segment, address: CODE 00000C8C - 00000C96 (0xb bytes), align: 0
  Segment part 32.            Intra module refs:   basicRfPacketIsReady::?relay
           ENTRY                   ADDRESS         REF BY
           =====                   =======         ======
           basicRfPacketIsReady    00000C8C 
               ISTACK = 00000000 ( 00000002 )
    -------------------------------------------------------------------------
<BANKED_CODE> 1 (was BANKED_CODE)
  Relative segment, address: CODE 00000C97 - 00000D2D (0x97 bytes), align: 0
  Segment part 34.            Intra module refs:   basicRfReceive::?relay
           ENTRY                   ADDRESS         REF BY
           =====                   =======         ======
           basicRfReceive          00000C97 
               calls direct
               XSTACK = 00000000 ( 00000010 )
    -------------------------------------------------------------------------
<BANKED_CODE> 1 (was BANKED_CODE)
  Relative segment, address: CODE 00000D2E - 00000D3D (0x10 bytes), align: 0
  Segment part 38.            Intra module refs:   basicRfReceiveOn::?relay
           ENTRY                   ADDRESS         REF BY
           =====                   =======         ======
           basicRfReceiveOn        00000D2E 
               calls direct
               ISTACK = 00000000 ( 00000002 )
    -------------------------------------------------------------------------
XDATA_ID
  Relative segment, address: CODE 0000013A - 00000145 (0xc bytes), align: 0
  Segment part 7.             Intra module refs:   rxi
    -------------------------------------------------------------------------
XDATA_ID
  Relative segment, address: CODE 00000146 - 00000149 (0x4 bytes), align: 0
  Segment part 13.            Intra module refs:   __Constant_0
    -------------------------------------------------------------------------
BANK_RELAYS
  Relative segment, address: CODE 0000015A - 0000015F (0x6 bytes), align: 0
  Segment part 15.            Intra module refs:   basicRfInit
           LOCAL                   ADDRESS         
           =====                   =======         
           basicRfRxFrmDoneIsr::?relay
                                   0000015A 
    -------------------------------------------------------------------------
BANK_RELAYS
  Relative segment, address: CODE 00000160 - 00000165 (0x6 bytes), align: 0
  Segment part 22.
           ENTRY                   ADDRESS         REF BY
           =====                   =======         ======
           basicRfInit::?relay     00000160        main (ex)
    -------------------------------------------------------------------------
BANK_RELAYS
  Relative segment, address: CODE 00000166 - 0000016B (0x6 bytes), align: 0
  Segment part 33.
           ENTRY                   ADDRESS         REF BY
           =====                   =======         ======
           basicRfPacketIsReady::?relay
                                   00000166        main (ex)
    -------------------------------------------------------------------------
BANK_RELAYS
  Relative segment, address: CODE 0000016C - 00000171 (0x6 bytes), align: 0
  Segment part 35.
           ENTRY                   ADDRESS         REF BY
           =====                   =======         ======
           basicRfReceive::?relay
                                   0000016C        main (ex)
    -------------------------------------------------------------------------
BANK_RELAYS
  Relative segment, address: CODE 00000172 - 00000177 (0x6 bytes), align: 0
  Segment part 39.
           ENTRY                   ADDRESS         REF BY
           =====                   =======         ======
           basicRfReceiveOn::?relay
                                   00000172        main (ex)

    *************************************************************************

  FILE NAME : D:\程式開發\TI CC2530 example\CC2530_ex_v4\CC2530_ex\mcu-net1\ex_rfrecv\debug\Obj\basic_rf_security.r51
    *************************************************************************

  FILE NAME : D:\程式開發\TI CC2530 example\CC2530_ex_v4\CC2530_ex\mcu-net1\ex_rfrecv\debug\Obj\ex.r51
  PROGRAM MODULE, NAME : ex

  SEGMENTS IN THE MODULE
  ======================
SFR_AN
  Relative segment, address: DATA 00000090 - 00000090 (0x1 bytes), align: 0
  Segment part 1. ROOT.       Intra module refs:   GetDateTime (hal_rtc)
                                                   GetRTCData (hal_rtc)
                                                   RTC_Init (hal_rtc)
                                                   SetDateTime (hal_rtc)
                                                   SetRTCCommand (hal_rtc)
                                                   SetRTCData (hal_rtc)
                                                   halBoardInit (hal_board)
                                                   main
           ENTRY                   ADDRESS         REF BY
           =====                   =======         ======
           _A_P1                   00000090 
    -------------------------------------------------------------------------
XDATA_Z
  Relative segment, address: XDATA 0000018A - 000001A9 (0x20 bytes), align: 0
  Segment part 9.             Intra module refs:   main
           LOCAL                   ADDRESS         
           =====                   =======         
           pRxData                 0000018A 
    -------------------------------------------------------------------------
XDATA_Z
  Relative segment, address: XDATA 000001AA - 000001AF (0x6 bytes), align: 0
  Segment part 10.            Intra module refs:   main
           LOCAL                   ADDRESS         
           =====                   =======         
           basicRfConfig           000001AA 
    -------------------------------------------------------------------------
<BANKED_CODE> 1 (was BANKED_CODE)
  Relative segment, address: CODE 000008D2 - 00000ADA (0x209 bytes), align: 0
  Segment part 11.
           ENTRY                   ADDRESS         REF BY
           =====                   =======         ======
           main                    000008D2        ?call_main (?cmain)
               calls direct
               XSTACK = 00000000 ( 00000020 )
               ISTACK = 00000000 ( 00000001 )
    -------------------------------------------------------------------------
<BANKED_CODE> 1 (was BANKED_CODE)
  Relative segment, address: CODE 00000ADB - 00000AE5 (0xb bytes), align: 0
  Segment part 13.            Intra module refs:   main
           LOCAL                   ADDRESS         
           =====                   =======         
           ?Subroutine3            00000ADB 
    -------------------------------------------------------------------------
<BANKED_CODE> 1 (was BANKED_CODE)
  Relative segment, address: CODE 00000AE6 - 00000AF2 (0xd bytes), align: 0
  Segment part 14.            Intra module refs:   main
           LOCAL                   ADDRESS         
           =====                   =======         
           ?Subroutine2            00000AE6 
    -------------------------------------------------------------------------
<BANKED_CODE> 1 (was BANKED_CODE)
  Relative segment, address: CODE 00000AF3 - 00000B00 (0xe bytes), align: 0
  Segment part 15.            Intra module refs:   main
           LOCAL                   ADDRESS         
           =====                   =======         
           ?Subroutine1            00000AF3 
    -------------------------------------------------------------------------
<BANKED_CODE> 1 (was BANKED_CODE)
  Relative segment, address: CODE 00000B01 - 00000B0A (0xa bytes), align: 0
  Segment part 16.            Intra module refs:   main
           LOCAL                   ADDRESS         
           =====                   =======         
           ?Subroutine0            00000B01 
    -------------------------------------------------------------------------
XDATA_ID
  Relative segment, address: CODE 0000014A - 00000159 (0x10 bytes), align: 0
  Segment part 8.             Intra module refs:   Segment part 7
    -------------------------------------------------------------------------
XDATA_I
  Relative segment, address: XDATA 000002CF - 000002DE (0x10 bytes), align: 0
  Segment part 7.             Intra module refs:   main

    *************************************************************************

  FILE NAME : D:\程式開發\TI CC2530 example\CC2530_ex_v4\CC2530_ex\mcu-net1\ex_rfrecv\debug\Obj\hal_board.r51
  PROGRAM MODULE, NAME : hal_board

  SEGMENTS IN THE MODULE
  ======================
SFR_AN
  Relative segment, address: DATA 00000080 - 00000080 (0x1 bytes), align: 0
  Segment part 1. ROOT.       Intra module refs:   T1_ISR (hal_buzzer)
                                                   halBoardInit
                                                   halBuzzer (hal_buzzer)
           ENTRY                   ADDRESS         REF BY
           =====                   =======         ======
           _A_P0                   00000080 
    -------------------------------------------------------------------------
SFR_AN
  Relative segment, address: DATA 000000F3 - 000000F3 (0x1 bytes), align: 0
  Segment part 3. ROOT.       Intra module refs:   halBoardInit
                                                   halUartInit (hal_uart)
           ENTRY                   ADDRESS         REF BY
           =====                   =======         ======
           P0SEL                   000000F3 
    -------------------------------------------------------------------------
SFR_AN
  Relative segment, address: DATA 000000F4 - 000000F4 (0x1 bytes), align: 0
  Segment part 4. ROOT.       Intra module refs:   GetRTCData (hal_rtc)
                                                   RTC_Init (hal_rtc)
                                                   halBoardInit
           ENTRY                   ADDRESS         REF BY
           =====                   =======         ======
           P1SEL                   000000F4 
    -------------------------------------------------------------------------
SFR_AN
  Relative segment, address: DATA 000000FD - 000000FD (0x1 bytes), align: 0
  Segment part 5. ROOT.       Intra module refs:   halBoardInit
           ENTRY                   ADDRESS         REF BY
           =====                   =======         ======
           P0DIR                   000000FD 
    -------------------------------------------------------------------------
SFR_AN
  Relative segment, address: DATA 000000FE - 000000FE (0x1 bytes), align: 0
  Segment part 6. ROOT.       Intra module refs:   GetRTCData (hal_rtc)
                                                   RTC_Init (hal_rtc)
                                                   halBoardInit
           ENTRY                   ADDRESS         REF BY
           =====                   =======         ======
           P1DIR                   000000FE 
    -------------------------------------------------------------------------
<BANKED_CODE> 1 (was BANKED_CODE)
  Relative segment, address: CODE 00000FC4 - 00001001 (0x3e bytes), align: 0
  Segment part 13.            Intra module refs:   halBoardInit::?relay
           ENTRY                   ADDRESS         REF BY
           =====                   =======         ======
           halBoardInit            00000FC4 
               calls direct
               ISTACK = 00000000 ( 00000002 )
    -------------------------------------------------------------------------
<BANKED_CODE> 1 (was BANKED_CODE)
  Relative segment, address: CODE 00001002 - 00001015 (0x14 bytes), align: 0
  Segment part 15.            Intra module refs:   halAssertHandler::?relay
           ENTRY                   ADDRESS         REF BY
           =====                   =======         ======
           halAssertHandler        00001002 
               calls direct
               ISTACK = 00000000 ( 00000002 )
    -------------------------------------------------------------------------
BANK_RELAYS
  Relative segment, address: CODE 00000178 - 0000017D (0x6 bytes), align: 0
  Segment part 14.
           ENTRY                   ADDRESS         REF BY
           =====                   =======         ======
           halBoardInit::?relay    00000178        main (ex)
    -------------------------------------------------------------------------
BANK_RELAYS
  Relative segment, address: CODE 0000017E - 00000183 (0x6 bytes), align: 0
  Segment part 16.
           ENTRY                   ADDRESS         REF BY
           =====                   =======         ======
           halAssertHandler::?relay
                                   0000017E        main (ex)

    *************************************************************************

  FILE NAME : D:\程式開發\TI CC2530 example\CC2530_ex_v4\CC2530_ex\mcu-net1\ex_rfrecv\debug\Obj\hal_buzzer.r51
  PROGRAM MODULE, NAME : hal_buzzer

  SEGMENTS IN THE MODULE
  ======================
SFR_AN
  Relative segment, address: DATA 000000B8 - 000000B8 (0x1 bytes), align: 0
  Segment part 2. ROOT.       Intra module refs:   halBuzzer
                                                   halBuzzerInit
           ENTRY                   ADDRESS         REF BY
           =====                   =======         ======
           _A_IEN1                 000000B8 
    -------------------------------------------------------------------------
SFR_AN
  Relative segment, address: DATA 000000DA - 000000DA (0x1 bytes), align: 0
  Segment part 3. ROOT.       Intra module refs:   halBuzzerInit
           ENTRY                   ADDRESS         REF BY
           =====                   =======         ======
           T1CC0L                  000000DA 
    -------------------------------------------------------------------------
SFR_AN
  Relative segment, address: DATA 000000DB - 000000DB (0x1 bytes), align: 0
  Segment part 4. ROOT.       Intra module refs:   halBuzzerInit
           ENTRY                   ADDRESS         REF BY
           =====                   =======         ======
           T1CC0H                  000000DB 
    -------------------------------------------------------------------------
SFR_AN
  Relative segment, address: DATA 000000E2 - 000000E2 (0x1 bytes), align: 0
  Segment part 5. ROOT.       Intra module refs:   halBuzzer
           ENTRY                   ADDRESS         REF BY
           =====                   =======         ======
           T1CNTL                  000000E2 
    -------------------------------------------------------------------------
SFR_AN
  Relative segment, address: DATA 000000E4 - 000000E4 (0x1 bytes), align: 0
  Segment part 6. ROOT.       Intra module refs:   halBuzzer
                                                   halBuzzerInit
           ENTRY                   ADDRESS         REF BY
           =====                   =======         ======
           T1CTL                   000000E4 
    -------------------------------------------------------------------------
SFR_AN
  Relative segment, address: DATA 000000E5 - 000000E5 (0x1 bytes), align: 0
  Segment part 7. ROOT.       Intra module refs:   halBuzzerInit
           ENTRY                   ADDRESS         REF BY
           =====                   =======         ======
           T1CCTL0                 000000E5 
    -------------------------------------------------------------------------
<BANKED_CODE> 1 (was BANKED_CODE)
  Relative segment, address: CODE 00000F65 - 00000FA1 (0x3d bytes), align: 0
  Segment part 14.            Intra module refs:   halBuzzerInit::?relay
           ENTRY                   ADDRESS         REF BY
           =====                   =======         ======
           halBuzzerInit           00000F65 
               XSTACK = 00000000 ( 00000010 )
    -------------------------------------------------------------------------
<BANKED_CODE> 1 (was BANKED_CODE)
  Relative segment, address: CODE 00000FA2 - 00000FA6 (0x5 bytes), align: 0
  Segment part 16.            Intra module refs:   halBuzzerInit
           LOCAL                   ADDRESS         
           =====                   =======         
           ?Subroutine0            00000FA2 
    -------------------------------------------------------------------------
<BANKED_CODE> 1 (was BANKED_CODE)
  Relative segment, address: CODE 00000FA7 - 00000FC3 (0x1d bytes), align: 0
  Segment part 21.            Intra module refs:   halBuzzer::?relay
           ENTRY                   ADDRESS         REF BY
           =====                   =======         ======
           halBuzzer               00000FA7 
               calls direct
               ISTACK = 00000000 ( 00000002 )
    -------------------------------------------------------------------------
NEAR_CODE
  Relative segment, address: CODE 0000057D - 00000586 (0xa bytes), align: 0
  Segment part 23.            Intra module refs:   T1_ISR::??INTVEC 75
           ENTRY                   ADDRESS         REF BY
           =====                   =======         ======
           T1_ISR                  0000057D 
               interrupt function
               ISTACK = 00000000 ( 00000002 )
    -------------------------------------------------------------------------
INTVEC
  Common segment, address: CODE 00000000 - 0000004D (0x4e bytes), align: 0
  Segment part 8. ROOT.
           ENTRY                   ADDRESS         REF BY
           =====                   =======         ======
           T1_ISR::??INTVEC 75     0000004B 
    -------------------------------------------------------------------------
BANK_RELAYS
  Relative segment, address: CODE 00000184 - 00000189 (0x6 bytes), align: 0
  Segment part 15.
           ENTRY                   ADDRESS         REF BY
           =====                   =======         ======
           halBuzzerInit::?relay   00000184        halBoardInit (hal_board)
    -------------------------------------------------------------------------
BANK_RELAYS
  Relative segment, address: CODE 0000018A - 0000018F (0x6 bytes), align: 0
  Segment part 22.
           ENTRY                   ADDRESS         REF BY
           =====                   =======         ======
           halBuzzer::?relay       0000018A        main (ex)

    *************************************************************************

  FILE NAME : D:\程式開發\TI CC2530 example\CC2530_ex_v4\CC2530_ex\mcu-net1\ex_rfrecv\debug\Obj\hal_clock.r51
  PROGRAM MODULE, NAME : hal_clock

  SEGMENTS IN THE MODULE
  ======================
SFR_AN
  Relative segment, address: DATA 0000009D - 0000009D (0x1 bytes), align: 0
  Segment part 1. ROOT.       Intra module refs:   clockSetMainSrc
           ENTRY                   ADDRESS         REF BY
           =====                   =======         ======
           SLEEPSTA                0000009D 
    -------------------------------------------------------------------------
SFR_AN
  Relative segment, address: DATA 0000009E - 0000009E (0x1 bytes), align: 0
  Segment part 2. ROOT.       Intra module refs:   clockSetMainSrc
           ENTRY                   ADDRESS         REF BY
           =====                   =======         ======
           CLKCONSTA               0000009E 
    -------------------------------------------------------------------------
SFR_AN
  Relative segment, address: DATA 000000BE - 000000BE (0x1 bytes), align: 0
  Segment part 3. ROOT.       Intra module refs:   clockSetMainSrc
           ENTRY                   ADDRESS         REF BY
           =====                   =======         ======
           SLEEPCMD                000000BE 
    -------------------------------------------------------------------------
SFR_AN
  Relative segment, address: DATA 000000C6 - 000000C6 (0x1 bytes), align: 0
  Segment part 4. ROOT.       Intra module refs:   clockSetMainSrc
           ENTRY                   ADDRESS         REF BY
           =====                   =======         ======
           CLKCONCMD               000000C6 
    -------------------------------------------------------------------------
<BANKED_CODE> 1 (was BANKED_CODE)
  Relative segment, address: CODE 0000105E - 00001093 (0x36 bytes), align: 0
  Segment part 10.            Intra module refs:   clockSetMainSrc::?relay
           ENTRY                   ADDRESS         REF BY
           =====                   =======         ======
           clockSetMainSrc         0000105E 
    -------------------------------------------------------------------------
BANK_RELAYS
  Relative segment, address: CODE 00000190 - 00000195 (0x6 bytes), align: 0
  Segment part 11.
           ENTRY                   ADDRESS         REF BY
           =====                   =======         ======
           clockSetMainSrc::?relay
                                   00000190        halMcuInit (hal_mcu)

    *************************************************************************

  FILE NAME : D:\程式開發\TI CC2530 example\CC2530_ex_v4\CC2530_ex\mcu-net1\ex_rfrecv\debug\Obj\hal_int.r51
  PROGRAM MODULE, NAME : hal_int

  SEGMENTS IN THE MODULE
  ======================
SFR_AN
  Relative segment, address: DATA 000000A8 - 000000A8 (0x1 bytes), align: 0
  Segment part 1. ROOT.       Intra module refs:   halIntOff
                                                   halIntOn
                                                   halRfRxInterruptConfig (hal_rf)
                                                   halUartInit (hal_uart)
                                                   rfIsr (hal_rf)
           ENTRY                   ADDRESS         REF BY
           =====                   =======         ======
           _A_IEN0                 000000A8 
    -------------------------------------------------------------------------
<BANKED_CODE> 1 (was BANKED_CODE)
  Relative segment, address: CODE 00001094 - 00001098 (0x5 bytes), align: 0
  Segment part 7.             Intra module refs:   halIntOn::?relay
           ENTRY                   ADDRESS         REF BY
           =====                   =======         ======
           halIntOn                00001094 
    -------------------------------------------------------------------------
<BANKED_CODE> 1 (was BANKED_CODE)
  Relative segment, address: CODE 00001099, align: 0
  Segment part 9.             Intra module refs:   halIntOff::?relay
           ENTRY                   ADDRESS         REF BY
           =====                   =======         ======
           halIntOff               00001099 
    -------------------------------------------------------------------------
<BANKED_CODE> 1 (was BANKED_CODE)
  Relative segment, address: CODE 00001099 - 0000109D (0x5 bytes), align: 0
  Segment part 11.            Intra module refs:   halIntOff
           LOCAL                   ADDRESS         
           =====                   =======         
           ?Subroutine0            00001099 
    -------------------------------------------------------------------------
BANK_RELAYS
  Relative segment, address: CODE 00000196 - 0000019B (0x6 bytes), align: 0
  Segment part 8.
           ENTRY                   ADDRESS         REF BY
           =====                   =======         ======
           halIntOn::?relay        00000196        basicRfInit (basic_rf)
                                                   basicRfReceive (basic_rf)
                                                   basicRfRxFrmDoneIsr (basic_rf)
                                                   halBoardInit (hal_board)
    -------------------------------------------------------------------------
BANK_RELAYS
  Relative segment, address: CODE 0000019C - 000001A1 (0x6 bytes), align: 0
  Segment part 10.
           ENTRY                   ADDRESS         REF BY
           =====                   =======         ======
           halIntOff::?relay       0000019C        basicRfInit (basic_rf)
                                                   basicRfReceive (basic_rf)
                                                   basicRfRxFrmDoneIsr (basic_rf)

    *************************************************************************

  FILE NAME : D:\程式開發\TI CC2530 example\CC2530_ex_v4\CC2530_ex\mcu-net1\ex_rfrecv\debug\Obj\hal_mcu.r51
  PROGRAM MODULE, NAME : hal_mcu

  SEGMENTS IN THE MODULE
  ======================
SFR_AN
  Relative segment, address: DATA 000000C9 - 000000C9 (0x1 bytes), align: 0
  Segment part 1. ROOT.
           ENTRY                   ADDRESS         REF BY
           =====                   =======         ======
           WDCTL                   000000C9 
    -------------------------------------------------------------------------
<BANKED_CODE> 1 (was BANKED_CODE)
  Relative segment, address: CODE 00000EF6 - 00000EFE (0x9 bytes), align: 0
  Segment part 9.             Intra module refs:   halMcuInit::?relay
           ENTRY                   ADDRESS         REF BY
           =====                   =======         ======
           halMcuInit              00000EF6 
               calls direct
               ISTACK = 00000000 ( 00000002 )
    -------------------------------------------------------------------------
<BANKED_CODE> 1 (was BANKED_CODE)
  Relative segment, address: CODE 00000EFF - 00000F05 (0x7 bytes), align: 0
  Segment part 11.            Intra module refs:   halMcuInit
           LOCAL                   ADDRESS         
           =====                   =======         
           ?Subroutine0            00000EFF 
    -------------------------------------------------------------------------
<BANKED_CODE> 1 (was BANKED_CODE)
  Relative segment, address: CODE 00000F06 - 00000F37 (0x32 bytes), align: 0
  Segment part 12.            Intra module refs:   halMcuWaitUs::?relay
           ENTRY                   ADDRESS         REF BY
           =====                   =======         ======
           halMcuWaitUs            00000F06 
               XSTACK = 00000009 ( 00000000 )
    -------------------------------------------------------------------------
<BANKED_CODE> 1 (was BANKED_CODE)
  Relative segment, address: CODE 00000F38 - 00000F64 (0x2d bytes), align: 0
  Segment part 14.            Intra module refs:   halMcuWaitMs::?relay
           ENTRY                   ADDRESS         REF BY
           =====                   =======         ======
           halMcuWaitMs            00000F38 
               calls direct
               XSTACK = 00000000 ( 00000009 )
    -------------------------------------------------------------------------
BANK_RELAYS
  Relative segment, address: CODE 000001A2 - 000001A7 (0x6 bytes), align: 0
  Segment part 10.
           ENTRY                   ADDRESS         REF BY
           =====                   =======         ======
           halMcuInit::?relay      000001A2        halBoardInit (hal_board)
    -------------------------------------------------------------------------
BANK_RELAYS
  Relative segment, address: CODE 000001A8 - 000001AD (0x6 bytes), align: 0
  Segment part 13.            Intra module refs:   halMcuWaitMs
           ENTRY                   ADDRESS         REF BY
           =====                   =======         ======
           halMcuWaitUs::?relay    000001A8        ?Subroutine2 (ex)
                                                   ?Subroutine2 (hal_rtc)
                                                   ?Subroutine3 (ex)
                                                   ?Subroutine6 (hal_rtc)
    -------------------------------------------------------------------------
BANK_RELAYS
  Relative segment, address: CODE 000001AE - 000001B3 (0x6 bytes), align: 0
  Segment part 15.
           ENTRY                   ADDRESS         REF BY
           =====                   =======         ======
           halMcuWaitMs::?relay    000001AE        halAssertHandler (hal_board)
                                                   halBuzzer (hal_buzzer)

    *************************************************************************

  FILE NAME : D:\程式開發\TI CC2530 example\CC2530_ex_v4\CC2530_ex\mcu-net1\ex_rfrecv\debug\Obj\hal_rf.r51
  PROGRAM MODULE, NAME : hal_rf

  SEGMENTS IN THE MODULE
  ======================
SFR_AN
  Relative segment, address: DATA 00000091 - 00000091 (0x1 bytes), align: 0
  Segment part 1. ROOT.
           ENTRY                   ADDRESS         REF BY
           =====                   =======         ======
           RFIRQF1                 00000091 
    -------------------------------------------------------------------------
SFR_AN
  Relative segment, address: DATA 0000009A - 0000009A (0x1 bytes), align: 0
  Segment part 2. ROOT.       Intra module refs:   halRfDisableRxInterrupt
                                                   halRfEnableRxInterrupt
                                                   halUart0TxIsr (hal_uart)
                                                   halUartWrite (hal_uart)
           ENTRY                   ADDRESS         REF BY
           =====                   =======         ======
           IEN2                    0000009A 
    -------------------------------------------------------------------------
SFR_AN
  Relative segment, address: DATA 0000009B - 0000009B (0x1 bytes), align: 0
  Segment part 3. ROOT.       Intra module refs:   rfIsr
           ENTRY                   ADDRESS         REF BY
           =====                   =======         ======
           S1CON                   0000009B 
    -------------------------------------------------------------------------
SFR_AN
  Relative segment, address: DATA 000000D9 - 000000D9 (0x1 bytes), align: 0
  Segment part 5. ROOT.       Intra module refs:   halRfReadRxBuf
           ENTRY                   ADDRESS         REF BY
           =====                   =======         ======
           RFD                     000000D9 
    -------------------------------------------------------------------------
SFR_AN
  Relative segment, address: DATA 000000E1 - 000000E1 (0x1 bytes), align: 0
  Segment part 6. ROOT.       Intra module refs:   halRfReceiveOn
           ENTRY                   ADDRESS         REF BY
           =====                   =======         ======
           RFST                    000000E1 
    -------------------------------------------------------------------------
SFR_AN
  Relative segment, address: DATA 000000E9 - 000000E9 (0x1 bytes), align: 0
  Segment part 7. ROOT.       Intra module refs:   rfIsr
           ENTRY                   ADDRESS         REF BY
           =====                   =======         ======
           RFIRQF0                 000000E9 
    -------------------------------------------------------------------------
XDATA_Z
  Relative segment, address: XDATA 000001B0 - 000001B1 (0x2 bytes), align: 0
  Segment part 24.            Intra module refs:   halRfRxInterruptConfig
                                                   rfIsr
           LOCAL                   ADDRESS         
           =====                   =======         
           pfISR                   000001B0 
    -------------------------------------------------------------------------
<BANKED_CODE> 1 (was BANKED_CODE)
  Relative segment, address: CODE 00000E30 - 00000E58 (0x29 bytes), align: 0
  Segment part 25.            Intra module refs:   halRfInit::?relay
           ENTRY                   ADDRESS         REF BY
           =====                   =======         ======
           halRfInit               00000E30 
               calls direct
               ISTACK = 00000000 ( 00000002 )
    -------------------------------------------------------------------------
<BANKED_CODE> 1 (was BANKED_CODE)
  Relative segment, address: CODE 00000E59 - 00000E5D (0x5 bytes), align: 0
  Segment part 31.            Intra module refs:   halRfGetRssiOffset::?relay
           ENTRY                   ADDRESS         REF BY
           =====                   =======         ======
           halRfGetRssiOffset      00000E59 
    -------------------------------------------------------------------------
<BANKED_CODE> 1 (was BANKED_CODE)
  Relative segment, address: CODE 00000E5E - 00000E6E (0x11 bytes), align: 0
  Segment part 33.            Intra module refs:   halRfSetChannel::?relay
           ENTRY                   ADDRESS         REF BY
           =====                   =======         ======
           halRfSetChannel         00000E5E 
               ISTACK = 00000000 ( 00000002 )
    -------------------------------------------------------------------------
<BANKED_CODE> 1 (was BANKED_CODE)
  Relative segment, address: CODE 00000E6F - 00000E7E (0x10 bytes), align: 0
  Segment part 35.            Intra module refs:   halRfSetShortAddr::?relay
           ENTRY                   ADDRESS         REF BY
           =====                   =======         ======
           halRfSetShortAddr       00000E6F 
               ISTACK = 00000000 ( 00000002 )
    -------------------------------------------------------------------------
<BANKED_CODE> 1 (was BANKED_CODE)
  Relative segment, address: CODE 00000E7F - 00000E8E (0x10 bytes), align: 0
  Segment part 37.            Intra module refs:   halRfSetPanId::?relay
           ENTRY                   ADDRESS         REF BY
           =====                   =======         ======
           halRfSetPanId           00000E7F 
               ISTACK = 00000000 ( 00000002 )
    -------------------------------------------------------------------------
<BANKED_CODE> 1 (was BANKED_CODE)
  Relative segment, address: CODE 00000E8F - 00000E95 (0x7 bytes), align: 0
  Segment part 40.            Intra module refs:   halRfDisableRxInterrupt
                                                   halRfEnableRxInterrupt
                                                   halRfInit
                                                   halRfReadRxBuf
                                                   halRfRxInterruptConfig
                                                   halRfSetChannel
                                                   halRfSetPanId
                                                   halRfSetShortAddr
    -------------------------------------------------------------------------
<BANKED_CODE> 1 (was BANKED_CODE)
  Relative segment, address: CODE 00000E96 - 00000EAE (0x19 bytes), align: 0
  Segment part 49.            Intra module refs:   halRfReadRxBuf::?relay
           ENTRY                   ADDRESS         REF BY
           =====                   =======         ======
           halRfReadRxBuf          00000E96 
               ISTACK = 00000000 ( 00000003 )
    -------------------------------------------------------------------------
<BANKED_CODE> 1 (was BANKED_CODE)
  Relative segment, address: CODE 00000EAF - 00000EB7 (0x9 bytes), align: 0
  Segment part 58.            Intra module refs:   halRfReceiveOn::?relay
           ENTRY                   ADDRESS         REF BY
           =====                   =======         ======
           halRfReceiveOn          00000EAF 
    -------------------------------------------------------------------------
<BANKED_CODE> 1 (was BANKED_CODE)
  Relative segment, address: CODE 00000EB8 - 00000EC8 (0x11 bytes), align: 0
  Segment part 62.            Intra module refs:   halRfDisableRxInterrupt::?relay
           ENTRY                   ADDRESS         REF BY
           =====                   =======         ======
           halRfDisableRxInterrupt
                                   00000EB8 
               ISTACK = 00000000 ( 00000002 )
    -------------------------------------------------------------------------
<BANKED_CODE> 1 (was BANKED_CODE)
  Relative segment, address: CODE 00000EC9 - 00000ED9 (0x11 bytes), align: 0
  Segment part 64.            Intra module refs:   halRfEnableRxInterrupt::?relay
           ENTRY                   ADDRESS         REF BY
           =====                   =======         ======
           halRfEnableRxInterrupt
                                   00000EC9 
               ISTACK = 00000000 ( 00000002 )
    -------------------------------------------------------------------------
<BANKED_CODE> 1 (was BANKED_CODE)
  Relative segment, address: CODE 00000EDA - 00000EF5 (0x1c bytes), align: 0
  Segment part 66.            Intra module refs:   halRfRxInterruptConfig::?relay
           ENTRY                   ADDRESS         REF BY
           =====                   =======         ======
           halRfRxInterruptConfig
                                   00000EDA 
               ISTACK = 00000000 ( 00000002 )
    -------------------------------------------------------------------------
NEAR_CODE
  Relative segment, address: CODE 00000587 - 000005C3 (0x3d bytes), align: 0
  Segment part 70.            Intra module refs:   rfIsr::??INTVEC 131
           ENTRY                   ADDRESS         REF BY
           =====                   =======         ======
           rfIsr                   00000587 
               interrupt function
               ISTACK = 00000000 ( 0000000F )
    -------------------------------------------------------------------------
INTVEC
  Common segment, address: CODE 00000000 - 00000085 (0x86 bytes), align: 0
  Segment part 8. ROOT.
           ENTRY                   ADDRESS         REF BY
           =====                   =======         ======
           rfIsr::??INTVEC 131     00000083 
    -------------------------------------------------------------------------
BANK_RELAYS
  Relative segment, address: CODE 000001B4 - 000001B9 (0x6 bytes), align: 0
  Segment part 26.
           ENTRY                   ADDRESS         REF BY
           =====                   =======         ======
           halRfInit::?relay       000001B4        basicRfInit (basic_rf)
    -------------------------------------------------------------------------
BANK_RELAYS
  Relative segment, address: CODE 000001BA - 000001BF (0x6 bytes), align: 0
  Segment part 32.
           ENTRY                   ADDRESS         REF BY
           =====                   =======         ======
           halRfGetRssiOffset::?relay
                                   000001BA        basicRfReceive (basic_rf)
    -------------------------------------------------------------------------
BANK_RELAYS
  Relative segment, address: CODE 000001C0 - 000001C5 (0x6 bytes), align: 0
  Segment part 34.
           ENTRY                   ADDRESS         REF BY
           =====                   =======         ======
           halRfSetChannel::?relay
                                   000001C0        basicRfInit (basic_rf)
    -------------------------------------------------------------------------
BANK_RELAYS
  Relative segment, address: CODE 000001C6 - 000001CB (0x6 bytes), align: 0
  Segment part 36.
           ENTRY                   ADDRESS         REF BY
           =====                   =======         ======
           halRfSetShortAddr::?relay
                                   000001C6        basicRfInit (basic_rf)
    -------------------------------------------------------------------------
BANK_RELAYS
  Relative segment, address: CODE 000001CC - 000001D1 (0x6 bytes), align: 0
  Segment part 38.
           ENTRY                   ADDRESS         REF BY
           =====                   =======         ======
           halRfSetPanId::?relay   000001CC        basicRfInit (basic_rf)
    -------------------------------------------------------------------------
BANK_RELAYS
  Relative segment, address: CODE 000001D2 - 000001D7 (0x6 bytes), align: 0
  Segment part 50.
           ENTRY                   ADDRESS         REF BY
           =====                   =======         ======
           halRfReadRxBuf::?relay
                                   000001D2        ?Subroutine4 (basic_rf)
                                                   basicRfRxFrmDoneIsr (basic_rf)
    -------------------------------------------------------------------------
BANK_RELAYS
  Relative segment, address: CODE 000001D8 - 000001DD (0x6 bytes), align: 0
  Segment part 59.
           ENTRY                   ADDRESS         REF BY
           =====                   =======         ======
           halRfReceiveOn::?relay
                                   000001D8        basicRfReceiveOn (basic_rf)
    -------------------------------------------------------------------------
BANK_RELAYS
  Relative segment, address: CODE 000001DE - 000001E3 (0x6 bytes), align: 0
  Segment part 63.
           ENTRY                   ADDRESS         REF BY
           =====                   =======         ======
           halRfDisableRxInterrupt::?relay
                                   000001DE        basicRfRxFrmDoneIsr (basic_rf)
    -------------------------------------------------------------------------
BANK_RELAYS
  Relative segment, address: CODE 000001E4 - 000001E9 (0x6 bytes), align: 0
  Segment part 65.            Intra module refs:   halRfInit
           ENTRY                   ADDRESS         REF BY
           =====                   =======         ======
           halRfEnableRxInterrupt::?relay
                                   000001E4        basicRfRxFrmDoneIsr (basic_rf)
    -------------------------------------------------------------------------
BANK_RELAYS
  Relative segment, address: CODE 000001EA - 000001EF (0x6 bytes), align: 0
  Segment part 67.
           ENTRY                   ADDRESS         REF BY
           =====                   =======         ======
           halRfRxInterruptConfig::?relay
                                   000001EA        basicRfInit (basic_rf)

    *************************************************************************

  FILE NAME : D:\程式開發\TI CC2530 example\CC2530_ex_v4\CC2530_ex\mcu-net1\ex_rfrecv\debug\Obj\hal_rf_security.r51
  PROGRAM MODULE, NAME : hal_rf_security

  SEGMENTS IN THE MODULE
  ======================
SFR_AN
  Relative segment, address: DATA 000000B1 - 000000B1 (0x1 bytes), align: 0
  Segment part 1. ROOT.
           ENTRY                   ADDRESS         REF BY
           =====                   =======         ======
           ENCDI                   000000B1 
    -------------------------------------------------------------------------
SFR_AN
  Relative segment, address: DATA 000000B2 - 000000B2 (0x1 bytes), align: 0
  Segment part 2. ROOT.
           ENTRY                   ADDRESS         REF BY
           =====                   =======         ======
           ENCDO                   000000B2 
    -------------------------------------------------------------------------
SFR_AN
  Relative segment, address: DATA 000000B3 - 000000B3 (0x1 bytes), align: 0
  Segment part 3. ROOT.
           ENTRY                   ADDRESS         REF BY
           =====                   =======         ======
           ENCCS                   000000B3 

    *************************************************************************

  FILE NAME : D:\程式開發\TI CC2530 example\CC2530_ex_v4\CC2530_ex\mcu-net1\ex_rfrecv\debug\Obj\hal_rtc.r51
  PROGRAM MODULE, NAME : hal_rtc

  SEGMENTS IN THE MODULE
  ======================
SFR_AN
  Relative segment, address: DATA 000000F6 - 000000F6 (0x1 bytes), align: 0
  Segment part 3. ROOT.       Intra module refs:   GetRTCData
           ENTRY                   ADDRESS         REF BY
           =====                   =======         ======
           P1INP                   000000F6 
    -------------------------------------------------------------------------
SFR_AN
  Relative segment, address: DATA 000000F7 - 000000F7 (0x1 bytes), align: 0
  Segment part 4. ROOT.       Intra module refs:   GetRTCData
           ENTRY                   ADDRESS         REF BY
           =====                   =======         ======
           P2INP                   000000F7 
    -------------------------------------------------------------------------
XDATA_Z
  Relative segment, address: XDATA 000001B2 - 000001B3 (0x2 bytes), align: 0
  Segment part 11.            Intra module refs:   GetDateTime
                                                   SetDateTime
           ENTRY                   ADDRESS         REF BY
           =====                   =======         ======
           Year                    000001B2        ?Subroutine1 (ex)
                                                   main (ex)
    -------------------------------------------------------------------------
XDATA_Z
  Relative segment, address: XDATA 000001B4 - 000001B4 (0x1 bytes), align: 0
  Segment part 12.            Intra module refs:   GetDateTime
                                                   SetDateTime
           ENTRY                   ADDRESS         REF BY
           =====                   =======         ======
           Month                   000001B4        main (ex)
    -------------------------------------------------------------------------
XDATA_Z
  Relative segment, address: XDATA 000001B5 - 000001B5 (0x1 bytes), align: 0
  Segment part 13.            Intra module refs:   GetDateTime
                                                   SetDateTime
           ENTRY                   ADDRESS         REF BY
           =====                   =======         ======
           Day                     000001B5        main (ex)
    -------------------------------------------------------------------------
XDATA_Z
  Relative segment, address: XDATA 000001B6 - 000001B6 (0x1 bytes), align: 0
  Segment part 14.            Intra module refs:   GetDateTime
                                                   SetDateTime
           ENTRY                   ADDRESS         REF BY
           =====                   =======         ======
           Hour                    000001B6        main (ex)
    -------------------------------------------------------------------------
XDATA_Z
  Relative segment, address: XDATA 000001B7 - 000001B7 (0x1 bytes), align: 0
  Segment part 15.            Intra module refs:   GetDateTime
                                                   SetDateTime
           ENTRY                   ADDRESS         REF BY
           =====                   =======         ======
           Min                     000001B7        main (ex)
    -------------------------------------------------------------------------
XDATA_Z
  Relative segment, address: XDATA 000001B8 - 000001B8 (0x1 bytes), align: 0
  Segment part 16.            Intra module refs:   GetDateTime
                                                   SetDateTime
           ENTRY                   ADDRESS         REF BY
           =====                   =======         ======
           Sec                     000001B8        main (ex)
    -------------------------------------------------------------------------
<BANKED_CODE> 1 (was BANKED_CODE)
  Relative segment, address: CODE 00000672 - 000006AF (0x3e bytes), align: 0
  Segment part 17.            Intra module refs:   GetRTCData::?relay
           ENTRY                   ADDRESS         REF BY
           =====                   =======         ======
           GetRTCData              00000672 
               calls direct
               XSTACK = 0000000A ( 0000000C )
    -------------------------------------------------------------------------
<BANKED_CODE> 1 (was BANKED_CODE)
  Relative segment, address: CODE 000006B0 - 000006D4 (0x25 bytes), align: 0
  Segment part 19.            Intra module refs:   SetRTCCommand::?relay
           ENTRY                   ADDRESS         REF BY
           =====                   =======         ======
           SetRTCCommand           000006B0 
               calls direct
               XSTACK = 0000000A ( 0000000A )
    -------------------------------------------------------------------------
<BANKED_CODE> 1 (was BANKED_CODE)
  Relative segment, address: CODE 000006D5 - 000006D6 (0x2 bytes), align: 0
  Segment part 21.            Intra module refs:   SetRTCCommand
                                                   SetRTCData
           LOCAL                   ADDRESS         
           =====                   =======         
           ?Subroutine8            000006D5 
    -------------------------------------------------------------------------
<BANKED_CODE> 1 (was BANKED_CODE)
  Relative segment, address: CODE 000006D7 - 000006DB (0x5 bytes), align: 0
  Segment part 22.            Intra module refs:   ?Subroutine8
                                                   GetDateTime
    -------------------------------------------------------------------------
<BANKED_CODE> 1 (was BANKED_CODE)
  Relative segment, address: CODE 000006DC - 00000702 (0x27 bytes), align: 0
  Segment part 23.            Intra module refs:   SetRTCData::?relay
           ENTRY                   ADDRESS         REF BY
           =====                   =======         ======
           SetRTCData              000006DC 
               calls direct
               XSTACK = 00000009 ( 0000000A )
    -------------------------------------------------------------------------
<BANKED_CODE> 1 (was BANKED_CODE)
  Relative segment, address: CODE 00000703 - 0000070B (0x9 bytes), align: 0
  Segment part 25.            Intra module refs:   SetRTCCommand
                                                   SetRTCData
           LOCAL                   ADDRESS         
           =====                   =======         
           ?Subroutine0            00000703 
    -------------------------------------------------------------------------
<BANKED_CODE> 1 (was BANKED_CODE)
  Relative segment, address: CODE 0000070C - 00000725 (0x1a bytes), align: 0
  Segment part 26.            Intra module refs:   ?Subroutine0
                                                   GetRTCData
           LOCAL                   ADDRESS         
           =====                   =======         
           ?Subroutine6            0000070C 
    -------------------------------------------------------------------------
<BANKED_CODE> 1 (was BANKED_CODE)
  Relative segment, address: CODE 00000726 - 00000734 (0xf bytes), align: 0
  Segment part 27.            Intra module refs:   ConvertBCD::?relay
           ENTRY                   ADDRESS         REF BY
           =====                   =======         ======
           ConvertBCD              00000726 
               XSTACK = 00000009 ( 00000000 )
    -------------------------------------------------------------------------
<BANKED_CODE> 1 (was BANKED_CODE)
  Relative segment, address: CODE 00000735 - 00000739 (0x5 bytes), align: 0
  Segment part 29.            Intra module refs:   ConvertBCD
                                                   ConvertHEX
           LOCAL                   ADDRESS         
           =====                   =======         
           ?Subroutine9            00000735 
    -------------------------------------------------------------------------
<BANKED_CODE> 1 (was BANKED_CODE)
  Relative segment, address: CODE 0000073A - 0000074B (0x12 bytes), align: 0
  Segment part 30.            Intra module refs:   ConvertHEX::?relay
           ENTRY                   ADDRESS         REF BY
           =====                   =======         ======
           ConvertHEX              0000073A 
               XSTACK = 0000000A ( 00000000 )
               ISTACK = 00000000 ( 00000001 )
    -------------------------------------------------------------------------
<BANKED_CODE> 1 (was BANKED_CODE)
  Relative segment, address: CODE 0000074C - 000007AB (0x60 bytes), align: 0
  Segment part 32.            Intra module refs:   RTC_Init::?relay
           ENTRY                   ADDRESS         REF BY
           =====                   =======         ======
           RTC_Init                0000074C 
               calls direct
               XSTACK = 00000000 ( 00000009 )
    -------------------------------------------------------------------------
<BANKED_CODE> 1 (was BANKED_CODE)
  Relative segment, address: CODE 000007AC - 000007B0 (0x5 bytes), align: 0
  Segment part 34.            Intra module refs:   RTC_Init
                                                   SetDateTime
           LOCAL                   ADDRESS         
           =====                   =======         
           ?Subroutine10           000007AC 
    -------------------------------------------------------------------------
<BANKED_CODE> 1 (was BANKED_CODE)
  Relative segment, address: CODE 000007B1 - 000007B9 (0x9 bytes), align: 0
  Segment part 35.            Intra module refs:   GetRTCData
                                                   RTC_Init
           LOCAL                   ADDRESS         
           =====                   =======         
           ?Subroutine5            000007B1 
    -------------------------------------------------------------------------
<BANKED_CODE> 1 (was BANKED_CODE)
  Relative segment, address: CODE 000007BA - 000007C4 (0xb bytes), align: 0
  Segment part 36.            Intra module refs:   RTC_Init
[...]
  Segment part 1.
           ENTRY                   ADDRESS         REF BY
           =====                   =======         ======
           ?UL_DIV_MOD             00000232        ?L_DIV_MOD (?L_DIV_MOD)

    -------------------------------------------------------------------------
  LIBRARY MODULE, NAME : ?L_DIV_MOD

  SEGMENTS IN THE MODULE
  ======================
RCODE
  Relative segment, address: CODE 000002A2 - 000002F8 (0x57 bytes), align: 0
  Segment part 0.
           ENTRY                   ADDRESS         REF BY
           =====                   =======         ======
           ?L_DIV_MOD              000002CC        halBuzzerInit (hal_buzzer)

    -------------------------------------------------------------------------
  LIBRARY MODULE, NAME : ?L_NEG_R1

  SEGMENTS IN THE MODULE
  ======================
RCODE
  Relative segment, address: CODE 000002F9 - 00000309 (0x11 bytes), align: 0
  Segment part 1.
           ENTRY                   ADDRESS         REF BY
           =====                   =======         ======
           ?L_NEG_R1               000002F9        ?L_DIV_MOD (?L_DIV_MOD)

    -------------------------------------------------------------------------
  LIBRARY MODULE, NAME : ?L_NEG

  SEGMENTS IN THE MODULE
  ======================
RCODE
  Relative segment, address: CODE 0000030A - 0000031A (0x11 bytes), align: 0
  Segment part 1.
           ENTRY                   ADDRESS         REF BY
           =====                   =======         ======
           ?L_NEG                  0000030A        ?L_DIV_MOD (?L_DIV_MOD)

    -------------------------------------------------------------------------
  LIBRARY MODULE, NAME : ?L_MOV_X

  SEGMENTS IN THE MODULE
  ======================
RCODE
  Relative segment, address: CODE 0000031B - 00000329 (0xf bytes), align: 0
  Segment part 0.
           ENTRY                   ADDRESS         REF BY
           =====                   =======         ======
           ?L_MOV_X                0000031B        basicRfInit (basic_rf)

    -------------------------------------------------------------------------
  LIBRARY MODULE, NAME : ?L_MOV_TO_X

  SEGMENTS IN THE MODULE
  ======================
RCODE
  Relative segment, address: CODE 0000032A - 00000338 (0xf bytes), align: 0
  Segment part 2.
           ENTRY                   ADDRESS         REF BY
           =====                   =======         ======
           ?L_MOV_TO_X             0000032A        basicRfInit (basic_rf)

    -------------------------------------------------------------------------
  LIBRARY MODULE, NAME : ?MOVE_LONG8_XDATA_IDATA

  SEGMENTS IN THE MODULE
  ======================
RCODE
  Relative segment, address: CODE 00000339 - 00000345 (0xd bytes), align: 0
  Segment part 0.
           ENTRY                   ADDRESS         REF BY
           =====                   =======         ======
           ?MOVE_LONG8_XDATA_IDATA
                                   00000339        ?PUSH_XSTACK_I (?PUSH_XSTACK_I)

    -------------------------------------------------------------------------
  LIBRARY MODULE, NAME : ?S_DIV_MOD

  SEGMENTS IN THE MODULE
  ======================
RCODE
  Relative segment, address: CODE 00000346 - 0000039E (0x59 bytes), align: 0
  Segment part 1.
           ENTRY                   ADDRESS         REF BY
           =====                   =======         ======
           ?US_DIV_MOD             00000346        main (ex)

    -------------------------------------------------------------------------
  LIBRARY MODULE, NAME : ?SS_SHR

  SEGMENTS IN THE MODULE
  ======================
RCODE
  Relative segment, address: CODE 0000039F - 000003A1 (0x3 bytes), align: 0
  Segment part 1.             Intra module refs:   Segment part 2
           ENTRY                   ADDRESS         REF BY
           =====                   =======         ======
           ?SS_SHR                 0000039F        SetRTCCommand (hal_rtc)
    -------------------------------------------------------------------------
RCODE
  Relative segment, address: CODE 000003A2 - 000003AE (0xd bytes), align: 0
  Segment part 2.             Intra module refs:   ?SS_SHR

    -------------------------------------------------------------------------
  LIBRARY MODULE, NAME : ?S_SHL

  SEGMENTS IN THE MODULE
  ======================
RCODE
  Relative segment, address: CODE 000003AF - 000003B1 (0x3 bytes), align: 0
  Segment part 0.
           ENTRY                   ADDRESS         REF BY
           =====                   =======         ======
           ?S_SHL                  000003AF        GetRTCData (hal_rtc)
                                                   SetRTCData (hal_rtc)
    -------------------------------------------------------------------------
RCODE
  Relative segment, address: CODE 000003B2 - 000003B4 (0x3 bytes), align: 0
  Segment part 1.             Intra module refs:   Segment part 2
           ENTRY                   ADDRESS         REF BY
           =====                   =======         ======
           ?S_SHL_REW              000003B2 
    -------------------------------------------------------------------------
RCODE
  Relative segment, address: CODE 000003B5 - 000003C1 (0xd bytes), align: 0
  Segment part 2.             Intra module refs:   ?S_SHL
                                                   ?S_SHL_REW

    -------------------------------------------------------------------------
  LIBRARY MODULE, NAME : ?ALLOC_XSTACK8

  SEGMENTS IN THE MODULE
  ======================
RCODE
  Relative segment, address: CODE 000003C2 - 000003D7 (0x16 bytes), align: 0
  Segment part 0.
           ENTRY                   ADDRESS         REF BY
           =====                   =======         ======
           ?ALLOC_XSTACK8          000003C2        main (ex)

    -------------------------------------------------------------------------
  LIBRARY MODULE, NAME : ?DEALLOC_XSTACK8

  SEGMENTS IN THE MODULE
  ======================
RCODE
  Relative segment, address: CODE 000003D8 - 000003F1 (0x1a bytes), align: 0
  Segment part 0.
           ENTRY                   ADDRESS         REF BY
           =====                   =======         ======
           ?DEALLOC_XSTACK8        000003D8        basicRfReceive (basic_rf)

    -------------------------------------------------------------------------
  LIBRARY MODULE, NAME : ?ADD_XSTACK_DISP8

  SEGMENTS IN THE MODULE
  ======================
RCODE
  Relative segment, address: CODE 000003F2 - 0000040C (0x1b bytes), align: 0
  Segment part 1.
           ENTRY                   ADDRESS         REF BY
           =====                   =======         ======
           ?ADD_XSTACK_DISP0_8     000003F2        ?PUSH_XSTACK_I (?PUSH_XSTACK_I)

    -------------------------------------------------------------------------
  LIBRARY MODULE, NAME : ?XSTACK_DISP8

  SEGMENTS IN THE MODULE
  ======================
RCODE
  Relative segment, address: CODE 0000040D - 00000416 (0xa bytes), align: 0
  Segment part 1.
           ENTRY                   ADDRESS         REF BY
           =====                   =======         ======
           ?XSTACK_DISP0_8         0000040D        main (ex)
                                                   memcpy (?memcpy)

    -------------------------------------------------------------------------
  LIBRARY MODULE, NAME : ?CALL_IND

  SEGMENTS IN THE MODULE
  ======================
RCODE
  Relative segment, address: CODE 00000417 - 00000418 (0x2 bytes), align: 0
  Segment part 0.
           ENTRY                   ADDRESS         REF BY
           =====                   =======         ======
           ?CALL_IND               00000417        rfIsr (hal_rf)

    -------------------------------------------------------------------------
  LIBRARY MODULE, NAME : ?BANKED_ENTER_XDATA

  SEGMENTS IN THE MODULE
  ======================
RCODE
  Relative segment, address: CODE 00000419 - 0000047E (0x66 bytes), align: 0
  Segment part 1.
           ENTRY                   ADDRESS         REF BY
           =====                   =======         ======
           ?BANKED_ENTER_XDATA     00000419        GetDateTime (hal_rtc)
                                                   GetRTCData (hal_rtc)
                                                   RTC_Init (hal_rtc)
                                                   SetDateTime (hal_rtc)
                                                   SetRTCCommand (hal_rtc)
                                                   SetRTCData (hal_rtc)
                                                   basicRfInit (basic_rf)
                                                   basicRfReceive (basic_rf)
                                                   halBuzzerInit (hal_buzzer)
                                                   halMcuWaitMs (hal_mcu)
                                                   halUartWrite (hal_uart)
                                                   memcpy (?memcpy)

    -------------------------------------------------------------------------
  LIBRARY MODULE, NAME : ?BANKED_LEAVE_XDATA

  SEGMENTS IN THE MODULE
  ======================
RCODE
  Relative segment, address: CODE 0000047F - 000004BC (0x3e bytes), align: 0
  Segment part 1.
           ENTRY                   ADDRESS         REF BY
           =====                   =======         ======
           ?BANKED_LEAVE_XDATA     0000047F        ?Subroutine0 (hal_buzzer)
                                                   ?Subroutine10 (hal_rtc)
                                                   ?Subroutine2 (hal_uart)
                                                   ?Subroutine9 (basic_rf)
                                                   GetRTCData (hal_rtc)
                                                   Segment part 22 (hal_rtc)
                                                   basicRfReceive (basic_rf)
                                                   halMcuWaitMs (hal_mcu)
                                                   memcpy (?memcpy)

    -------------------------------------------------------------------------
  LIBRARY MODULE, NAME : ?INTERRUPT_ENTER_XSP

  SEGMENTS IN THE MODULE
  ======================
RCODE
  Relative segment, address: CODE 000004BD - 0000051B (0x5f bytes), align: 0
  Segment part 1.
           ENTRY                   ADDRESS         REF BY
           =====                   =======         ======
           ?INTERRUPT_ENTER_XSP    000004BD        rfIsr (hal_rf)

    -------------------------------------------------------------------------
  LIBRARY MODULE, NAME : ?INTERRUPT_LEAVE_XSP

  SEGMENTS IN THE MODULE
  ======================
RCODE
  Relative segment, address: CODE 0000051C - 0000056B (0x50 bytes), align: 0
  Segment part 1.
           ENTRY                   ADDRESS         REF BY
           =====                   =======         ======
           ?INTERRUPT_LEAVE_XSP    0000051C        rfIsr (hal_rf)

    -------------------------------------------------------------------------
  LIBRARY MODULE, NAME : ?PUSH_XSTACK_I

  SEGMENTS IN THE MODULE
  ======================
RCODE
  Relative segment, address: CODE 0000056C - 0000056F (0x4 bytes), align: 0
  Segment part 2.
           ENTRY                   ADDRESS         REF BY
           =====                   =======         ======
           ?PUSH_XSTACK_I_TWO      0000056C        basicRfReceive (basic_rf)
    -------------------------------------------------------------------------
RCODE
  Relative segment, address: CODE 00000570 - 0000057C (0xd bytes), align: 0
  Segment part 4.             Intra module refs:   ?PUSH_XSTACK_I_TWO
           ENTRY                   ADDRESS         REF BY
           =====                   =======         ======
           ?PUSH_XSTACK_I          00000570 

    -------------------------------------------------------------------------
  LIBRARY MODULE, NAME : ?memcpy

  SEGMENTS IN THE MODULE
  ======================
<BANKED_CODE> 1 (was BANKED_CODE)
  Relative segment, address: CODE 00001016 - 0000105D (0x48 bytes), align: 0
  Segment part 6.             Intra module refs:   memcpy::?relay
           ENTRY                   ADDRESS         REF BY
           =====                   =======         ======
           memcpy                  00001016 
               XSTACK = 00000002 ( 0000000A )
               ISTACK = 00000000 ( 00000001 )
    -------------------------------------------------------------------------
BANK_RELAYS
  Relative segment, address: CODE 0000022C - 00000231 (0x6 bytes), align: 0
  Segment part 7.
           ENTRY                   ADDRESS         REF BY
           =====                   =======         ======
           memcpy::?relay          0000022C        basicRfReceive (basic_rf)

    -------------------------------------------------------------------------
  LIBRARY MODULE, NAME : ?low_level_init

  SEGMENTS IN THE MODULE
  ======================
CSTART
  Relative segment, address: CODE 00000137 - 00000139 (0x3 bytes), align: 0
  Segment part 6. ROOT.
           ENTRY                   ADDRESS         REF BY
           =====                   =======         ======
           __low_level_init        00000137        __low_level_init_call (?cmain)




                ****************************************
                *                                      *
                *            MODULE SUMMARY            *
                *                                      *
                ****************************************

Module                    CODE      DATA      XDATA  IDATA    BIT
------                    ----      ----      -----  -----    ---
                         (Rel)  (Rel)  (Abs)  (Rel)  (Rel)  (Rel)
?ADD_XSTACK_DISP8           27
?ALLOC_XSTACK8              22
?BANKED_CODE_SUPPORT        66
?BANKED_ENTER_XDATA        102
?BANKED_LEAVE_XDATA         62
?CALL_IND                    2
?DEALLOC_XSTACK8            26
?INTERRUPT_ENTER_XSP        95
?INTERRUPT_LEAVE_XSP        80
?L_DIV_MOD                  87
?L_MOV_TO_X                 15
?L_MOV_X                    15
?L_NEG                      17
?L_NEG_R1                   17
?MOVE_LONG8_XDATA_IDATA     13
?PUSH_XSTACK_I              17
?SS_SHR                     16
?S_DIV_MOD                  89
?S_SHL                      19
?UL_DIV_MOD                112
?XSTACK_DISP8               10
?cexit                       5
?cmain                      88
?low_level_init              3
?memcpy                     78
CSTARTUP                    18
  + common                   3
VIRTUAL_REGISTERS                   2                           8
basic_rf                   609                  149
  + shared                                        4
ex                         585                   54
  + shared                                 1
hal_board                   94             1
  + shared                                 4
hal_buzzer                 117             6
  + common                  78
hal_clock                   60             4
hal_int                     22
  + shared                                 1
hal_mcu                    129             1
hal_rf                     319             5      2
  + shared                 134             1
  + common
hal_rf_security                            3
hal_rtc                    656             2      7
hal_uart                   428             9    262
  + common                  62
N/A (command line)                 16           256     64
N/A (alignment)
----------               -----     --     --    ---     --      -
Total:                   4 120     18     38    734     64      8
  + common                 134


                ****************************************
                *                                      *
                *      SEGMENTS IN ADDRESS ORDER       *
                *                                      *
                ****************************************


SEGMENT              SPACE    START ADDRESS   END ADDRESS     SIZE  TYPE  ALIGN
=======              =====    =============   ===========     ====  ====  =====
INTVEC               CODE          00000000 - 00000085          86   com    0
CSTART               CODE          00000086 - 00000139          B4   rel    0
BDATA_ID             CODE               0000013A                     dse    0
BIT_ID               CODE               0000013A                     dse    0
DATA_ID              CODE               0000013A                     dse    0
IDATA_ID             CODE               0000013A                     dse    0
IXDATA_ID            CODE               0000013A                     dse    0
PDATA_ID             CODE               0000013A                     dse    0
XDATA_ID             CODE          0000013A - 00000159          20   rel    0
BANK_RELAYS          CODE          0000015A - 00000231          D8   rel    0
RCODE                CODE          00000232 - 0000057C         34B   rel    0
CODE_N               CODE               0000057D                     dse    0
CODE_C               CODE               0000057D                     dse    0
DIFUNCT              CODE               0000057D                     dse    0
NEAR_CODE            CODE          0000057D - 00000671          F5   rel    0
<BANKED_CODE> 1      CODE          00000672 - 0000109D         A2C   rel    0
REGISTERS            DATA          00000000 - 00000007           8   rel    0
VREG                 DATA          00000008 - 0000000F           8   rel    0
PSP                  DATA               00000010                     dse    0
XSP                  DATA          00000010 - 00000011           2   rel    0
BREG                 BIT        00000020.0  -  00000020.7        8   rel    0
SFR_AN               DATA          00000080 - 00000080           1   rel    0
                     DATA          00000086 - 00000086           1 
                     DATA          00000090 - 00000091           2 
                     DATA          00000095 - 00000095           1 
                     DATA          0000009A - 0000009B           2 
                     DATA          0000009D - 0000009E           2 
                     DATA          000000A8 - 000000A8           1 
                     DATA          000000B1 - 000000B3           3 
                     DATA          000000B8 - 000000B8           1 
                     DATA          000000BE - 000000BE           1 
                     DATA          000000C1 - 000000C2           2 
                     DATA          000000C4 - 000000C6           3 
                     DATA          000000C9 - 000000C9           1 
                     DATA          000000D9 - 000000DB           3 
                     DATA          000000E1 - 000000E2           2 
                     DATA          000000E4 - 000000E5           2 
                     DATA          000000E8 - 000000E9           2 
                     DATA          000000F1 - 000000F4           4 
                     DATA          000000F6 - 000000F7           2 
                     DATA          000000FD - 000000FE           2 
XSTACK               XDATA         00000001 - 00000100         100   rel    0
XDATA_Z              XDATA         00000101 - 000002BE         1BE   rel    0
XDATA_I              XDATA         000002BF - 000002DE          20   rel    0
ISTACK               IDATA         000000C0 - 000000FF          40   rel    0

                ****************************************
                *                                      *
                *        END OF CROSS REFERENCE        *
                *                                      *
                ****************************************

 4 254 bytes of CODE  memory
    18 bytes of DATA  memory (+ 38 absolute )
   734 bytes of XDATA memory
    64 bytes of IDATA memory
     8 bits  of BIT   memory

Errors: none
Warnings: none

