################################################################################
#                                                                              #
#      IAR Universal Linker V4.61L/W32                                         #
#                                                                              #
#           Link time     =  12/Aug/2010  10:40:24                             #
#           Target CPU    =  x51                                               #
#           List file     =  "D:\R.D Dept\程式開發\TI CC2530 example\CC2530_ex #
#                            _v5\CC2530_ex\mcu-net1\ex_RELAY_uart\debug\List\R #
#                            ELAY_uart.map"                                    #
#           Output file 1 =  "D:\R.D Dept\程式開發\TI CC2530 example\CC2530_ex #
#                            _v5\CC2530_ex\mcu-net1\ex_RELAY_uart\debug\Exe\li #
#                            ght_uart.hex"                                     #
#                            Format: intel-extended                            #
#           Output file 2 =  "D:\R.D Dept\程式開發\TI CC2530 example\CC2530_ex #
#                            _v5\CC2530_ex\mcu-net1\ex_RELAY_uart\debug\Exe\RE #
#                            LAY_uart.d51"                                     #
#                            Format: debug                                     #
#                            UBROF version 10.0.2                              #
#                            Using library modules for C-SPY (-rt)             #
#           Command line  =  "-IC:\IAR Systems\Embedded Workbench MCS 51\8051\ #
#                            CONFIG\"                                          #
#                            -D_NR_OF_BANKS=0x07 -D_CODEBANK_END=0xFFFF        #
#                            -D_CODEBANK_START=0x8000 -D?CBANK_MASK=0x07       #
#                            -D?CBANK=0x9F                                     #
#                            "D:\R.D Dept\程式開發\TI CC2530 example\CC2530_ex #
#                            _v5\CC2530_ex\mcu-net1\ex_RELAY_uart\debug\Obj\ba #
#                            sic_rf.r51"                                       #
#                            "D:\R.D Dept\程式開發\TI CC2530 example\CC2530_ex #
#                            _v5\CC2530_ex\mcu-net1\ex_RELAY_uart\debug\Obj\ba #
#                            sic_rf_security.r51"                              #
#                            "D:\R.D Dept\程式開發\TI CC2530 example\CC2530_ex #
#                            _v5\CC2530_ex\mcu-net1\ex_RELAY_uart\debug\Obj\ex #
#                            .r51"                                             #
#                            "D:\R.D Dept\程式開發\TI CC2530 example\CC2530_ex #
#                            _v5\CC2530_ex\mcu-net1\ex_RELAY_uart\debug\Obj\ha #
#                            l_board.r51"                                      #
#                            "D:\R.D Dept\程式開發\TI CC2530 example\CC2530_ex #
#                            _v5\CC2530_ex\mcu-net1\ex_RELAY_uart\debug\Obj\ha #
#                            l_buzzer.r51"                                     #
#                            "D:\R.D Dept\程式開發\TI CC2530 example\CC2530_ex #
#                            _v5\CC2530_ex\mcu-net1\ex_RELAY_uart\debug\Obj\ha #
#                            l_clock.r51"                                      #
#                            "D:\R.D Dept\程式開發\TI CC2530 example\CC2530_ex #
#                            _v5\CC2530_ex\mcu-net1\ex_RELAY_uart\debug\Obj\ha #
#                            l_int.r51"                                        #
#                            "D:\R.D Dept\程式開發\TI CC2530 example\CC2530_ex #
#                            _v5\CC2530_ex\mcu-net1\ex_RELAY_uart\debug\Obj\ha #
#                            l_mcu.r51"                                        #
#                            "D:\R.D Dept\程式開發\TI CC2530 example\CC2530_ex #
#                            _v5\CC2530_ex\mcu-net1\ex_RELAY_uart\debug\Obj\ha #
#                            l_relay.r51"                                      #
#                            "D:\R.D Dept\程式開發\TI CC2530 example\CC2530_ex #
#                            _v5\CC2530_ex\mcu-net1\ex_RELAY_uart\debug\Obj\ha #
#                            l_rf.r51"                                         #
#                            "D:\R.D Dept\程式開發\TI CC2530 example\CC2530_ex #
#                            _v5\CC2530_ex\mcu-net1\ex_RELAY_uart\debug\Obj\ha #
#                            l_rf_security.r51"                                #
#                            "D:\R.D Dept\程式開發\TI CC2530 example\CC2530_ex #
#                            _v5\CC2530_ex\mcu-net1\ex_RELAY_uart\debug\Obj\ha #
#                            l_rtc.r51"                                        #
#                            "D:\R.D Dept\程式開發\TI CC2530 example\CC2530_ex #
#                            _v5\CC2530_ex\mcu-net1\ex_RELAY_uart\debug\Obj\ha #
#                            l_uart.r51"                                       #
#                            "D:\R.D Dept\程式開發\TI CC2530 example\CC2530_ex #
#                            _v5\CC2530_ex\mcu-net1\ex_RELAY_uart\debug\Obj\ut #
#                            il.r51"                                           #
#                            "D:\R.D Dept\程式開發\TI CC2530 example\CC2530_ex #
#                            _v5\CC2530_ex\mcu-net1\ex_RELAY_uart\debug\Obj\ut #
#                            il_buffer.r51"                                    #
#                            -o                                                #
#                            "D:\R.D Dept\程式開發\TI CC2530 example\CC2530_ex #
#                            _v5\CC2530_ex\mcu-net1\ex_RELAY_uart\debug\Exe\RE #
#                            LAY_uart.d51"                                     #
#                            -l                                                #
#                            "D:\R.D Dept\程式開發\TI CC2530 example\CC2530_ex #
#                            _v5\CC2530_ex\mcu-net1\ex_RELAY_uart\debug\List\R #
#                            ELAY_uart.map"                                    #
#                            -xmsn                                             #
#                            "-IC:\IAR Systems\Embedded Workbench MCS 51\8051\ #
#                            CONFIG\"                                          #
#                            -f lnk51ew_cc2530b.xcl (-D_IDATA_END=0xFF         #
#                            -D_PDATA_START=0x1E00 -D_PDATA_END=0x1EFF         #
#                            -D_IXDATA_START=0x0001 -D_IXDATA_END=0x1EFF       #
#                            -D_XDATA_START=_IXDATA_START                      #
#                            -D_XDATA_END=_IXDATA_END -D_CODE_START=0x0000     #
#                            -D_CODE_END=0x7FFF -D_FIRST_BANK_ADDR=0x10000     #
#                            -M(CODE)[(_CODEBANK_START+_FIRST_BANK_ADDR)-(_COD #
#                            EBANK_END+_FIRST_BANK_ADDR)]*_NR_OF_BANKS+0x10000 #
#                            =0x8000                                           #
#                            -ww69=i -D_NEAR_CODE_END=_CODE_END                #
#                            -D?REGISTER_BANK=0 -D_REGISTER_BANK_START=0       #
#                            -D?PBANK_NUMBER=0x1E -D?PBANK=0x93                #
#                            -D_BREG_START=0x00 -D?VB=0x20                     #
#                            -D_FAR_DATA_NR_OF_BANKS=0x0E                      #
#                            -D_FAR_DATA_START=0x010001                        #
#                            -D_FAR_DATA_END=0xFFFFFF                          #
#                            -D_FAR_CODE_START=_CODE_START                     #
#                            -D_FAR_CODE_END=_CODE_END -f lnk_base.xcl         #
#                            (-Z(BIT)BREG=_BREG_START -Z(BIT)BIT_N=0-7F        #
#                            -Z(DATA)REGISTERS+8=_REGISTER_BANK_START          #
#                            -Z(DATA)BDATA_Z,BDATA_N,BDATA_I=20-2F             #
#                            -Z(DATA)VREG+_NR_OF_VIRTUAL_REGISTERS=08-7F       #
#                            -Z(DATA)PSP,XSP=08-7F -Z(DATA)DOVERLAY=08-7F      #
#                            -Z(DATA)DATA_I,DATA_Z,DATA_N=08-7F                #
#                            -U(IDATA)0-7F=(DATA)0-7F                          #
#                            -Z(IDATA)IDATA_I,IDATA_Z,IDATA_N=08-_IDATA_END    #
#                            -Z(IDATA)ISTACK+_IDATA_STACK_SIZE#08-_IDATA_END   #
#                            -Z(IDATA)IOVERLAY=08-FF -Z(CODE)INTVEC=0          #
#                            -Z(CODE)CSTART=_CODE_START-_CODE_END              #
#                            -Z(CODE)BIT_ID,BDATA_ID,DATA_ID,IDATA_ID,IXDATA_I #
#                            D,PDATA_ID,XDATA_ID=_CODE_START-_CODE_END         #
#                            -Z(CODE)HUGE_ID=_FAR_CODE_START-_FAR_CODE_END     #
#                            -Z(CODE)BANK_RELAYS,RCODE,DIFUNCT,CODE_C,CODE_N,N #
#                            EAR_CODE=_CODE_START-_CODE_END                    #
#                            -P(CODE)BANKED_CODE=_CODE_START-_CODE_END,[(_CODE #
#                            BANK_START+_FIRST_BANK_ADDR)-(_CODEBANK_END+_FIRS #
#                            T_BANK_ADDR)]*_NR_OF_BANKS+10000                  #
#                            -P(CODE)FAR_CODE_C,FAR_CODE_N,FAR_CODE=[_FAR_CODE #
#                            _START-_FAR_CODE_END]/10000                       #
#                            -P(CODE)HUGE_CODE_C=_FAR_CODE_START-_FAR_CODE_END #
#                            -Z(CODE)CHECKSUM#_CODE_END                        #
#                            -Z(XDATA)EXT_STACK+_EXTENDED_STACK_SIZE=_EXTENDED #
#                            _STACK_START                                      #
#                            -Z(XDATA)PSTACK+_PDATA_STACK_SIZE=_PDATA_START-_P #
#                            DATA_END                                          #
#                            -Z(XDATA)XSTACK+_XDATA_STACK_SIZE=_XDATA_START-_X #
#                            DATA_END                                          #
#                            -Z(XDATA)PDATA_Z,PDATA_I=_PDATA_START-_PDATA_END  #
#                            -P(XDATA)PDATA_N=_PDATA_START-_PDATA_END          #
#                            -Z(XDATA)IXDATA_Z,IXDATA_I=_IXDATA_START-_IXDATA_ #
#                            END                                               #
#                            -P(XDATA)IXDATA_N=_IXDATA_START-_IXDATA_END       #
#                            -Z(XDATA)XDATA_Z,XDATA_I=_XDATA_START-_XDATA_END  #
#                            -P(XDATA)XDATA_N=_XDATA_START-_XDATA_END          #
#                            -Z(XDATA)XDATA_HEAP+_XDATA_HEAP_SIZE=_XDATA_START #
#                            -_XDATA_END                                       #
#                            -Z(CONST)XDATA_ROM_C=_XDATA_START-_XDATA_END      #
#                            -Z(XDATA)FAR_Z=[_FAR_DATA_START-_FAR_DATA_END]/10 #
#                            000                                               #
#                            -Z(XDATA)FAR_I=[_FAR_DATA_START-_FAR_DATA_END]/10 #
#                            000                                               #
#                            -Z(CODE)FAR_ID=[_FAR_CODE_START-_FAR_CODE_END]/10 #
#                            000                                               #
#                            -Z(XDATA)FAR_HEAP+_FAR_HEAP_SIZE=[_FAR_DATA_START #
#                            -_FAR_DATA_END]/10000                             #
#                            -P(XDATA)FAR_N=[_FAR_DATA_START-_FAR_DATA_END]*_F #
#                            AR_DATA_NR_OF_BANKS+10000                         #
#                            -P(CONST)FAR_ROM_C=[_FAR_DATA_START-_FAR_DATA_END #
#                            ]*_FAR_DATA_NR_OF_BANKS+10000                     #
#                            -Z(XDATA)HUGE_Z,HUGE_I=_FAR_DATA_START-_FAR_DATA_ #
#                            END                                               #
#                            -P(XDATA)HUGE_N=_FAR_DATA_START-_FAR_DATA_END     #
#                            -Z(XDATA)HUGE_HEAP+_HUGE_HEAP_SIZE=_FAR_DATA_STAR #
#                            T-_FAR_DATA_END                                   #
#                            -Z(CONST)HUGE_ROM_C=_FAR_DATA_START-_FAR_DATA_END #
#                            -cx51) -D_BANK0_START=0x00000                     #
#                            -D_BANK0_END=0x07FFF -D_BANK1_START=0x18000       #
#                            -D_BANK1_END=0x1FFFF -D_BANK2_START=0x28000       #
#                            -D_BANK2_END=0x2FFFF -D_BANK3_START=0x38000       #
#                            -D_BANK3_END=0x3FFFF -D_BANK4_START=0x48000       #
#                            -D_BANK4_END=0x4FFFF -D_BANK5_START=0x58000       #
#                            -D_BANK5_END=0x5FFFF -D_BANK6_START=0x68000       #
#                            -D_BANK6_END=0x6FFFF -D_BANK7_START=0x78000       #
#                            -D_BANK7_END=0x7FFFF                              #
#                            -P(CODE)BANK0=_BANK0_START-_BANK0_END             #
#                            -P(CODE)BANK1=_BANK1_START-_BANK1_END             #
#                            -P(CODE)BANK2=_BANK2_START-_BANK2_END             #
#                            -P(CODE)BANK3=_BANK3_START-_BANK3_END             #
#                            -P(CODE)BANK4=_BANK4_START-_BANK4_END             #
#                            -P(CODE)BANK5=_BANK5_START-_BANK5_END             #
#                            -P(CODE)BANK6=_BANK6_START-_BANK6_END             #
#                            -P(CODE)BANK7=_BANK7_START-_BANK7_END             #
#                            -D_FLASH_LOCK_BITS_START=((_NR_OF_BANKS*_FIRST_BA #
#                            NK_ADDR)+0xFFF0)                                  #
#                            -D_FLASH_LOCK_BITS_END=((_NR_OF_BANKS*_FIRST_BANK #
#                            _ADDR)+0xFFFF)                                    #
#                            -Z(CODE)FLASH_LOCK_BITS=_FLASH_LOCK_BITS_START-_F #
#                            LASH_LOCK_BITS_END                                #
#                            -U(CODE)0x0000=(CODE)_FLASH_LOCK_BITS_START-_FLAS #
#                            H_LOCK_BITS_END)                                  #
#                            -e?BCALL_07=?BCALL -e?BRET_07=?BRET               #
#                            -e?BDISPATCH_07=?BDISPATCH                        #
#                            -D_NR_OF_VIRTUAL_REGISTERS=8                      #
#                            -e_medium_write=_formatted_write                  #
#                            -e_medium_read=_formatted_read -rt                #
#                            "-Ointel-extended=D:\R.D Dept\程式開發\TI CC2530  #
#                            example\CC2530_ex_v5\CC2530_ex\mcu-net1\ex_RELAY_ #
#                            uart\debug\Exe\light_uart.hex"                    #
#                            -s __program_start                                #
#                            "C:\IAR Systems\Embedded Workbench MCS 51\8051\LI #
#                            B\CLIB\cl-pli-blxd-1e16x01.r51"                   #
#                            -D_IDATA_STACK_SIZE=0x40                          #
#                            -D_EXTENDED_STACK_START=0x00                      #
#                            -D_EXTENDED_STACK_SIZE=0x00                       #
#                            -D_PDATA_STACK_SIZE=0x80                          #
#                            -D_XDATA_STACK_SIZE=0x100                         #
#                            -D_XDATA_HEAP_SIZE=0xFF -D_FAR_HEAP_SIZE=0xFFF    #
#                            -D_HUGE_HEAP_SIZE=0xFFF                           #
#                                                                              #
#                           Copyright (C) 1987-2009 IAR Systems AB.            #
################################################################################





                ****************************************
                *                                      *
                *           CROSS REFERENCE            *
                *                                      *
                ****************************************

       Program entry at : CODE      000000BA  Relocatable, from module : CSTARTUP




                ****************************************
                *                                      *
                *            RUNTIME MODEL             *
                *                                      *
                ****************************************

  __calling_convention     = xdata_reentrant
  __code_model             = banked
  __core                   = plain
  __data_model             = large
  __dptr_size              = 16
  __extended_stack         = disabled
  __location_for_constants = data
  __number_of_dptrs        = 1
  __rt_version             = 1



                ****************************************
                *                                      *
                *              MODULE MAP              *
                *                                      *
                ****************************************


  DEFINED ABSOLUTE ENTRIES
    *************************************************************************

  DEFINED ABSOLUTE ENTRIES
  PROGRAM MODULE, NAME : ?ABS_ENTRY_MOD

Absolute parts
           ENTRY                   ADDRESS         REF BY
           =====                   =======         ======
           _HUGE_HEAP_SIZE         00000FFF 
           _FAR_HEAP_SIZE          00000FFF 
           _XDATA_HEAP_SIZE        000000FF 
           _XDATA_STACK_SIZE       00000100 
           _PDATA_STACK_SIZE       00000080 
           _EXTENDED_STACK_SIZE    00000000 
           _EXTENDED_STACK_START   00000000 
           _IDATA_STACK_SIZE       00000040 
           _NR_OF_VIRTUAL_REGISTERS
                                   00000008 
           _FLASH_LOCK_BITS_END    0003FFFF 
           _FLASH_LOCK_BITS_START
                                   0003FFF0 
           _BANK7_END              0003FFFF 
           _BANK7_START            00038000 
           _BANK6_END              00037FFF 
           _BANK6_START            00030000 
           _BANK5_END              0002FFFF 
           _BANK5_START            00028000 
           _BANK4_END              00027FFF 
           _BANK4_START            00020000 
           _BANK3_END              0001FFFF 
           _BANK3_START            00018000 
           _BANK2_END              00017FFF 
           _BANK2_START            00010000 
           _BANK1_END              0000FFFF 
           _BANK1_START            00008000 
           _BANK0_END              00007FFF 
           _BANK0_START            00000000 
           _FAR_CODE_END           00007FFF 
           _FAR_CODE_START         00000000 
           _FAR_DATA_END           00FFFFFF 
           _FAR_DATA_START         00010001 
           _FAR_DATA_NR_OF_BANKS   0000000E 
           ?VB                     00000020        ?BANKED_ENTER_XDATA (?BANKED_ENTER_XDATA)
                                                   ?BANKED_LEAVE_XDATA (?BANKED_LEAVE_XDATA)
                                                   ?INTERRUPT_ENTER_XSP (?INTERRUPT_ENTER_XSP)
                                                   ?INTERRUPT_LEAVE_XSP (?INTERRUPT_LEAVE_XSP)
           _BREG_START             00000000 
           ?PBANK                  00000093 
           ?PBANK_NUMBER           0000001E 
           _REGISTER_BANK_START    00000000 
           ?REGISTER_BANK          00000000        Segment part 6 (CSTARTUP)
           _NEAR_CODE_END          00007FFF 
           _FIRST_BANK_ADDR        00010000 
           _CODE_END               00007FFF 
           _CODE_START             00000000 
           _XDATA_END              00001EFF 
           _XDATA_START            00000001 
           _IXDATA_END             00001EFF 
           _IXDATA_START           00000001 
           _PDATA_END              00001EFF 
           _PDATA_START            00001E00 
           _IDATA_END              000000FF 
           ?CBANK                  0000009F        ?RESET_CODE_BANK (CSTARTUP)
                                                   Segment part 3 (?BANKED_CODE_SUPPORT)
           ?CBANK_MASK             00000007 
           _CODEBANK_START         00008000 
           _CODEBANK_END           0000FFFF 
           _NR_OF_BANKS            00000007 
    *************************************************************************

  FILE NAME : D:\R.D Dept\程式開發\TI CC2530 example\CC2530_ex_v5\CC2530_ex\mcu-net1\ex_RELAY_uart\debug\Obj\basic_rf.r51
    *************************************************************************

  FILE NAME : D:\R.D Dept\程式開發\TI CC2530 example\CC2530_ex_v5\CC2530_ex\mcu-net1\ex_RELAY_uart\debug\Obj\basic_rf_security.r51
    *************************************************************************

  FILE NAME : D:\R.D Dept\程式開發\TI CC2530 example\CC2530_ex_v5\CC2530_ex\mcu-net1\ex_RELAY_uart\debug\Obj\ex.r51
  PROGRAM MODULE, NAME : ex

  SEGMENTS IN THE MODULE
  ======================
<BANKED_CODE> 1 (was BANKED_CODE)
  Relative segment, address: CODE 0000062D - 000006F1 (0xc5 bytes), align: 0
  Segment part 6.
           ENTRY                   ADDRESS         REF BY
           =====                   =======         ======
           main                    0000062D        ?call_main (?cmain)
               calls direct
               XSTACK = 00000000 ( 0000000A )
               ISTACK = 00000000 ( 00000001 )
    -------------------------------------------------------------------------
<BANKED_CODE> 1 (was BANKED_CODE)
  Relative segment, address: CODE 000006F2 - 00000700 (0xf bytes), align: 0
  Segment part 8.             Intra module refs:   main
           LOCAL                   ADDRESS         
           =====                   =======         
           ?Subroutine2            000006F2 
    -------------------------------------------------------------------------
<BANKED_CODE> 1 (was BANKED_CODE)
  Relative segment, address: CODE 00000701 - 0000071C (0x1c bytes), align: 0
  Segment part 9.             Intra module refs:   main
           LOCAL                   ADDRESS         
           =====                   =======         
           ?Subroutine1            00000701 
    -------------------------------------------------------------------------
<BANKED_CODE> 1 (was BANKED_CODE)
  Relative segment, address: CODE 0000071D - 0000073A (0x1e bytes), align: 0
  Segment part 10.            Intra module refs:   main
           LOCAL                   ADDRESS         
           =====                   =======         
           ?Subroutine0            0000071D 

    *************************************************************************

  FILE NAME : D:\R.D Dept\程式開發\TI CC2530 example\CC2530_ex_v5\CC2530_ex\mcu-net1\ex_RELAY_uart\debug\Obj\hal_board.r51
  PROGRAM MODULE, NAME : hal_board

  SEGMENTS IN THE MODULE
  ======================
SFR_AN
  Relative segment, address: DATA 00000080 - 00000080 (0x1 bytes), align: 0
  Segment part 1. ROOT.       Intra module refs:   T1_ISR (hal_buzzer)
                                                   halBoardInit
                                                   halBuzzer (hal_buzzer)
           ENTRY                   ADDRESS         REF BY
           =====                   =======         ======
           _A_P0                   00000080 
    -------------------------------------------------------------------------
SFR_AN
  Relative segment, address: DATA 00000090 - 00000090 (0x1 bytes), align: 0
  Segment part 2. ROOT.       Intra module refs:   GetRTCData (hal_rtc)
                                                   RELAY_Init (hal_relay)
                                                   RELAY_SetDO (hal_relay)
                                                   RTC_Init (hal_rtc)
                                                   SetRTCCommand (hal_rtc)
                                                   SetRTCData (hal_rtc)
                                                   halBoardInit
           ENTRY                   ADDRESS         REF BY
           =====                   =======         ======
           _A_P1                   00000090 
    -------------------------------------------------------------------------
SFR_AN
  Relative segment, address: DATA 000000F3 - 000000F3 (0x1 bytes), align: 0
  Segment part 3. ROOT.       Intra module refs:   halBoardInit
                                                   halUartInit (hal_uart)
           ENTRY                   ADDRESS         REF BY
           =====                   =======         ======
           P0SEL                   000000F3 
    -------------------------------------------------------------------------
SFR_AN
  Relative segment, address: DATA 000000F4 - 000000F4 (0x1 bytes), align: 0
  Segment part 4. ROOT.       Intra module refs:   GetRTCData (hal_rtc)
                                                   RELAY_Init (hal_relay)
                                                   RTC_Init (hal_rtc)
                                                   halBoardInit
           ENTRY                   ADDRESS         REF BY
           =====                   =======         ======
           P1SEL                   000000F4 
    -------------------------------------------------------------------------
SFR_AN
  Relative segment, address: DATA 000000FD - 000000FD (0x1 bytes), align: 0
  Segment part 5. ROOT.       Intra module refs:   halBoardInit
           ENTRY                   ADDRESS         REF BY
           =====                   =======         ======
           P0DIR                   000000FD 
    -------------------------------------------------------------------------
SFR_AN
  Relative segment, address: DATA 000000FE - 000000FE (0x1 bytes), align: 0
  Segment part 6. ROOT.       Intra module refs:   GetRTCData (hal_rtc)
                                                   RELAY_Init (hal_relay)
                                                   RTC_Init (hal_rtc)
                                                   halBoardInit
           ENTRY                   ADDRESS         REF BY
           =====                   =======         ======
           P1DIR                   000000FE 
    -------------------------------------------------------------------------
<BANKED_CODE> 1 (was BANKED_CODE)
  Relative segment, address: CODE 0000094C - 00000989 (0x3e bytes), align: 0
  Segment part 13.            Intra module refs:   halBoardInit::?relay
           ENTRY                   ADDRESS         REF BY
           =====                   =======         ======
           halBoardInit            0000094C 
               calls direct
               ISTACK = 00000000 ( 00000002 )
    -------------------------------------------------------------------------
BANK_RELAYS
  Relative segment, address: CODE 00000111 - 00000116 (0x6 bytes), align: 0
  Segment part 14.
           ENTRY                   ADDRESS         REF BY
           =====                   =======         ======
           halBoardInit::?relay    00000111        main (ex)

    *************************************************************************

  FILE NAME : D:\R.D Dept\程式開發\TI CC2530 example\CC2530_ex_v5\CC2530_ex\mcu-net1\ex_RELAY_uart\debug\Obj\hal_buzzer.r51
  PROGRAM MODULE, NAME : hal_buzzer

  SEGMENTS IN THE MODULE
  ======================
SFR_AN
  Relative segment, address: DATA 000000B8 - 000000B8 (0x1 bytes), align: 0
  Segment part 2. ROOT.       Intra module refs:   halBuzzer
                                                   halBuzzerInit
           ENTRY                   ADDRESS         REF BY
           =====                   =======         ======
           _A_IEN1                 000000B8 
    -------------------------------------------------------------------------
SFR_AN
  Relative segment, address: DATA 000000DA - 000000DA (0x1 bytes), align: 0
  Segment part 3. ROOT.       Intra module refs:   halBuzzerInit
           ENTRY                   ADDRESS         REF BY
           =====                   =======         ======
           T1CC0L                  000000DA 
    -------------------------------------------------------------------------
SFR_AN
  Relative segment, address: DATA 000000DB - 000000DB (0x1 bytes), align: 0
  Segment part 4. ROOT.       Intra module refs:   halBuzzerInit
           ENTRY                   ADDRESS         REF BY
           =====                   =======         ======
           T1CC0H                  000000DB 
    -------------------------------------------------------------------------
SFR_AN
  Relative segment, address: DATA 000000E2 - 000000E2 (0x1 bytes), align: 0
  Segment part 5. ROOT.       Intra module refs:   halBuzzer
           ENTRY                   ADDRESS         REF BY
           =====                   =======         ======
           T1CNTL                  000000E2 
    -------------------------------------------------------------------------
SFR_AN
  Relative segment, address: DATA 000000E4 - 000000E4 (0x1 bytes), align: 0
  Segment part 6. ROOT.       Intra module refs:   halBuzzer
                                                   halBuzzerInit
           ENTRY                   ADDRESS         REF BY
           =====                   =======         ======
           T1CTL                   000000E4 
    -------------------------------------------------------------------------
SFR_AN
  Relative segment, address: DATA 000000E5 - 000000E5 (0x1 bytes), align: 0
  Segment part 7. ROOT.       Intra module refs:   halBuzzerInit
           ENTRY                   ADDRESS         REF BY
           =====                   =======         ======
           T1CCTL0                 000000E5 
    -------------------------------------------------------------------------
<BANKED_CODE> 1 (was BANKED_CODE)
  Relative segment, address: CODE 0000089C - 000008D8 (0x3d bytes), align: 0
  Segment part 14.            Intra module refs:   halBuzzerInit::?relay
           ENTRY                   ADDRESS         REF BY
           =====                   =======         ======
           halBuzzerInit           0000089C 
               XSTACK = 00000000 ( 00000010 )
    -------------------------------------------------------------------------
<BANKED_CODE> 1 (was BANKED_CODE)
  Relative segment, address: CODE 000008D9 - 000008DD (0x5 bytes), align: 0
  Segment part 16.            Intra module refs:   halBuzzerInit
           LOCAL                   ADDRESS         
           =====                   =======         
           ?Subroutine0            000008D9 
    -------------------------------------------------------------------------
<BANKED_CODE> 1 (was BANKED_CODE)
  Relative segment, address: CODE 000008DE - 000008FA (0x1d bytes), align: 0
  Segment part 21.            Intra module refs:   halBuzzer::?relay
           ENTRY                   ADDRESS         REF BY
           =====                   =======         ======
           halBuzzer               000008DE 
               calls direct
               ISTACK = 00000000 ( 00000002 )
    -------------------------------------------------------------------------
NEAR_CODE
  Relative segment, address: CODE 000003F8 - 00000401 (0xa bytes), align: 0
  Segment part 23.            Intra module refs:   T1_ISR::??INTVEC 75
           ENTRY                   ADDRESS         REF BY
           =====                   =======         ======
           T1_ISR                  000003F8 
               interrupt function
               ISTACK = 00000000 ( 00000002 )
    -------------------------------------------------------------------------
INTVEC
  Common segment, address: CODE 00000000 - 0000004D (0x4e bytes), align: 0
  Segment part 8. ROOT.
           ENTRY                   ADDRESS         REF BY
           =====                   =======         ======
           T1_ISR::??INTVEC 75     0000004B 
    -------------------------------------------------------------------------
BANK_RELAYS
  Relative segment, address: CODE 00000117 - 0000011C (0x6 bytes), align: 0
  Segment part 15.
           ENTRY                   ADDRESS         REF BY
           =====                   =======         ======
           halBuzzerInit::?relay   00000117        halBoardInit (hal_board)
    -------------------------------------------------------------------------
BANK_RELAYS
  Relative segment, address: CODE 0000011D - 00000122 (0x6 bytes), align: 0
  Segment part 22.
           ENTRY                   ADDRESS         REF BY
           =====                   =======         ======
           halBuzzer::?relay       0000011D        main (ex)

    *************************************************************************

  FILE NAME : D:\R.D Dept\程式開發\TI CC2530 example\CC2530_ex_v5\CC2530_ex\mcu-net1\ex_RELAY_uart\debug\Obj\hal_clock.r51
  PROGRAM MODULE, NAME : hal_clock

  SEGMENTS IN THE MODULE
  ======================
SFR_AN
  Relative segment, address: DATA 0000009D - 0000009D (0x1 bytes), align: 0
  Segment part 1. ROOT.       Intra module refs:   clockSetMainSrc
           ENTRY                   ADDRESS         REF BY
           =====                   =======         ======
           SLEEPSTA                0000009D 
    -------------------------------------------------------------------------
SFR_AN
  Relative segment, address: DATA 0000009E - 0000009E (0x1 bytes), align: 0
  Segment part 2. ROOT.       Intra module refs:   clockSetMainSrc
           ENTRY                   ADDRESS         REF BY
           =====                   =======         ======
           CLKCONSTA               0000009E 
    -------------------------------------------------------------------------
SFR_AN
  Relative segment, address: DATA 000000BE - 000000BE (0x1 bytes), align: 0
  Segment part 3. ROOT.       Intra module refs:   clockSetMainSrc
           ENTRY                   ADDRESS         REF BY
           =====                   =======         ======
           SLEEPCMD                000000BE 
    -------------------------------------------------------------------------
SFR_AN
  Relative segment, address: DATA 000000C6 - 000000C6 (0x1 bytes), align: 0
  Segment part 4. ROOT.       Intra module refs:   clockSetMainSrc
           ENTRY                   ADDRESS         REF BY
           =====                   =======         ======
           CLKCONCMD               000000C6 
    -------------------------------------------------------------------------
<BANKED_CODE> 1 (was BANKED_CODE)
  Relative segment, address: CODE 0000098A - 000009BF (0x36 bytes), align: 0
  Segment part 10.            Intra module refs:   clockSetMainSrc::?relay
           ENTRY                   ADDRESS         REF BY
           =====                   =======         ======
           clockSetMainSrc         0000098A 
    -------------------------------------------------------------------------
BANK_RELAYS
  Relative segment, address: CODE 00000123 - 00000128 (0x6 bytes), align: 0
  Segment part 11.
           ENTRY                   ADDRESS         REF BY
           =====                   =======         ======
           clockSetMainSrc::?relay
                                   00000123        halMcuInit (hal_mcu)

    *************************************************************************

  FILE NAME : D:\R.D Dept\程式開發\TI CC2530 example\CC2530_ex_v5\CC2530_ex\mcu-net1\ex_RELAY_uart\debug\Obj\hal_int.r51
  PROGRAM MODULE, NAME : hal_int

  SEGMENTS IN THE MODULE
  ======================
SFR_AN
  Relative segment, address: DATA 000000A8 - 000000A8 (0x1 bytes), align: 0
  Segment part 1. ROOT.       Intra module refs:   halIntOn
                                                   halUartInit (hal_uart)
                                                   rfIsr (hal_rf)
           ENTRY                   ADDRESS         REF BY
           =====                   =======         ======
           _A_IEN0                 000000A8 
    -------------------------------------------------------------------------
<BANKED_CODE> 1 (was BANKED_CODE)
  Relative segment, address: CODE 000009C0 - 000009C4 (0x5 bytes), align: 0
  Segment part 7.             Intra module refs:   halIntOn::?relay
           ENTRY                   ADDRESS         REF BY
           =====                   =======         ======
           halIntOn                000009C0 
    -------------------------------------------------------------------------
BANK_RELAYS
  Relative segment, address: CODE 00000129 - 0000012E (0x6 bytes), align: 0
  Segment part 8.
           ENTRY                   ADDRESS         REF BY
           =====                   =======         ======
           halIntOn::?relay        00000129        halBoardInit (hal_board)

    *************************************************************************

  FILE NAME : D:\R.D Dept\程式開發\TI CC2530 example\CC2530_ex_v5\CC2530_ex\mcu-net1\ex_RELAY_uart\debug\Obj\hal_mcu.r51
  PROGRAM MODULE, NAME : hal_mcu

  SEGMENTS IN THE MODULE
  ======================
SFR_AN
  Relative segment, address: DATA 000000C9 - 000000C9 (0x1 bytes), align: 0
  Segment part 1. ROOT.
           ENTRY                   ADDRESS         REF BY
           =====                   =======         ======
           WDCTL                   000000C9 
    -------------------------------------------------------------------------
<BANKED_CODE> 1 (was BANKED_CODE)
  Relative segment, address: CODE 0000082D - 00000835 (0x9 bytes), align: 0
  Segment part 9.             Intra module refs:   halMcuInit::?relay
           ENTRY                   ADDRESS         REF BY
           =====                   =======         ======
           halMcuInit              0000082D 
               calls direct
               ISTACK = 00000000 ( 00000002 )
    -------------------------------------------------------------------------
<BANKED_CODE> 1 (was BANKED_CODE)
  Relative segment, address: CODE 00000836 - 0000083C (0x7 bytes), align: 0
  Segment part 11.            Intra module refs:   halMcuInit
           LOCAL                   ADDRESS         
           =====                   =======         
           ?Subroutine0            00000836 
    -------------------------------------------------------------------------
<BANKED_CODE> 1 (was BANKED_CODE)
  Relative segment, address: CODE 0000083D - 0000086E (0x32 bytes), align: 0
  Segment part 12.            Intra module refs:   halMcuWaitUs::?relay
           ENTRY                   ADDRESS         REF BY
           =====                   =======         ======
           halMcuWaitUs            0000083D 
               XSTACK = 00000009 ( 00000000 )
    -------------------------------------------------------------------------
<BANKED_CODE> 1 (was BANKED_CODE)
  Relative segment, address: CODE 0000086F - 0000089B (0x2d bytes), align: 0
  Segment part 14.            Intra module refs:   halMcuWaitMs::?relay
           ENTRY                   ADDRESS         REF BY
           =====                   =======         ======
           halMcuWaitMs            0000086F 
               calls direct
               XSTACK = 00000000 ( 00000009 )
    -------------------------------------------------------------------------
BANK_RELAYS
  Relative segment, address: CODE 0000012F - 00000134 (0x6 bytes), align: 0
  Segment part 10.
           ENTRY                   ADDRESS         REF BY
           =====                   =======         ======
           halMcuInit::?relay      0000012F        halBoardInit (hal_board)
    -------------------------------------------------------------------------
BANK_RELAYS
  Relative segment, address: CODE 00000135 - 0000013A (0x6 bytes), align: 0
  Segment part 13.            Intra module refs:   halMcuWaitMs
           ENTRY                   ADDRESS         REF BY
           =====                   =======         ======
           halMcuWaitUs::?relay    00000135        ?Subroutine2 (hal_rtc)
                                                   ?Subroutine6 (hal_rtc)
    -------------------------------------------------------------------------
BANK_RELAYS
  Relative segment, address: CODE 0000013B - 00000140 (0x6 bytes), align: 0
  Segment part 15.
           ENTRY                   ADDRESS         REF BY
           =====                   =======         ======
           halMcuWaitMs::?relay    0000013B        ?Subroutine0 (ex)
                                                   halBuzzer (hal_buzzer)

    *************************************************************************

  FILE NAME : D:\R.D Dept\程式開發\TI CC2530 example\CC2530_ex_v5\CC2530_ex\mcu-net1\ex_RELAY_uart\debug\Obj\hal_relay.r51
  PROGRAM MODULE, NAME : hal_relay

  SEGMENTS IN THE MODULE
  ======================
SFR_AN
  Relative segment, address: DATA 000000A0 - 000000A0 (0x1 bytes), align: 0
  Segment part 2. ROOT.       Intra module refs:   RELAY_GetDI
           ENTRY                   ADDRESS         REF BY
           =====                   =======         ======
           _A_P2                   000000A0 
    -------------------------------------------------------------------------
SFR_AN
  Relative segment, address: DATA 000000F5 - 000000F5 (0x1 bytes), align: 0
  Segment part 4. ROOT.       Intra module refs:   RELAY_Init
           ENTRY                   ADDRESS         REF BY
           =====                   =======         ======
           P2SEL                   000000F5 
    -------------------------------------------------------------------------
SFR_AN
  Relative segment, address: DATA 000000F7 - 000000F7 (0x1 bytes), align: 0
  Segment part 5. ROOT.       Intra module refs:   GetRTCData (hal_rtc)
                                                   RELAY_Init
           ENTRY                   ADDRESS         REF BY
           =====                   =======         ======
           P2INP                   000000F7 
    -------------------------------------------------------------------------
SFR_AN
  Relative segment, address: DATA 000000FF - 000000FF (0x1 bytes), align: 0
  Segment part 7. ROOT.       Intra module refs:   RELAY_Init
           ENTRY                   ADDRESS         REF BY
           =====                   =======         ======
           P2DIR                   000000FF 
    -------------------------------------------------------------------------
<BANKED_CODE> 1 (was BANKED_CODE)
  Relative segment, address: CODE 000008FB - 00000929 (0x2f bytes), align: 0
  Segment part 13.            Intra module refs:   RELAY_Init::?relay
           ENTRY                   ADDRESS         REF BY
           =====                   =======         ======
           RELAY_Init              000008FB 
    -------------------------------------------------------------------------
<BANKED_CODE> 1 (was BANKED_CODE)
  Relative segment, address: CODE 0000092A - 00000939 (0x10 bytes), align: 0
  Segment part 15.            Intra module refs:   RELAY_SetDO::?relay
           ENTRY                   ADDRESS         REF BY
           =====                   =======         ======
           RELAY_SetDO             0000092A 
    -------------------------------------------------------------------------
<BANKED_CODE> 1 (was BANKED_CODE)
  Relative segment, address: CODE 0000093A - 0000094B (0x12 bytes), align: 0
  Segment part 17.            Intra module refs:   RELAY_GetDI::?relay
           ENTRY                   ADDRESS         REF BY
           =====                   =======         ======
           RELAY_GetDI             0000093A 
    -------------------------------------------------------------------------
BANK_RELAYS
  Relative segment, address: CODE 00000141 - 00000146 (0x6 bytes), align: 0
  Segment part 14.
           ENTRY                   ADDRESS         REF BY
           =====                   =======         ======
           RELAY_Init::?relay      00000141        main (ex)
    -------------------------------------------------------------------------
BANK_RELAYS
  Relative segment, address: CODE 00000147 - 0000014C (0x6 bytes), align: 0
  Segment part 16.
           ENTRY                   ADDRESS         REF BY
           =====                   =======         ======
           RELAY_SetDO::?relay     00000147        ?Subroutine2 (ex)
    -------------------------------------------------------------------------
BANK_RELAYS
  Relative segment, address: CODE 0000014D - 00000152 (0x6 bytes), align: 0
  Segment part 18.
           ENTRY                   ADDRESS         REF BY
           =====                   =======         ======
           RELAY_GetDI::?relay     0000014D        main (ex)

    *************************************************************************

  FILE NAME : D:\R.D Dept\程式開發\TI CC2530 example\CC2530_ex_v5\CC2530_ex\mcu-net1\ex_RELAY_uart\debug\Obj\hal_rf.r51
  PROGRAM MODULE, NAME : hal_rf

  SEGMENTS IN THE MODULE
  ======================
SFR_AN
  Relative segment, address: DATA 00000091 - 00000091 (0x1 bytes), align: 0
  Segment part 1. ROOT.
           ENTRY                   ADDRESS         REF BY
           =====                   =======         ======
           RFIRQF1                 00000091 
    -------------------------------------------------------------------------
SFR_AN
  Relative segment, address: DATA 0000009A - 0000009A (0x1 bytes), align: 0
  Segment part 2. ROOT.       Intra module refs:   halUart0TxIsr (hal_uart)
                                                   halUartWrite (hal_uart)
           ENTRY                   ADDRESS         REF BY
           =====                   =======         ======
           IEN2                    0000009A 
    -------------------------------------------------------------------------
SFR_AN
  Relative segment, address: DATA 0000009B - 0000009B (0x1 bytes), align: 0
  Segment part 3. ROOT.       Intra module refs:   rfIsr
           ENTRY                   ADDRESS         REF BY
           =====                   =======         ======
           S1CON                   0000009B 
    -------------------------------------------------------------------------
SFR_AN
  Relative segment, address: DATA 000000D9 - 000000D9 (0x1 bytes), align: 0
  Segment part 5. ROOT.
           ENTRY                   ADDRESS         REF BY
           =====                   =======         ======
           RFD                     000000D9 
    -------------------------------------------------------------------------
SFR_AN
  Relative segment, address: DATA 000000E1 - 000000E1 (0x1 bytes), align: 0
  Segment part 6. ROOT.
           ENTRY                   ADDRESS         REF BY
           =====                   =======         ======
           RFST                    000000E1 
    -------------------------------------------------------------------------
SFR_AN
  Relative segment, address: DATA 000000E9 - 000000E9 (0x1 bytes), align: 0
  Segment part 7. ROOT.       Intra module refs:   rfIsr
           ENTRY                   ADDRESS         REF BY
           =====                   =======         ======
           RFIRQF0                 000000E9 
    -------------------------------------------------------------------------
XDATA_Z
  Relative segment, address: XDATA 00000101 - 00000102 (0x2 bytes), align: 0
  Segment part 24.            Intra module refs:   rfIsr
           LOCAL                   ADDRESS         
           =====                   =======         
           pfISR                   00000101 
    -------------------------------------------------------------------------
NEAR_CODE
  Relative segment, address: CODE 00000402 - 0000043E (0x3d bytes), align: 0
  Segment part 70.            Intra module refs:   rfIsr::??INTVEC 131
           ENTRY                   ADDRESS         REF BY
           =====                   =======         ======
           rfIsr                   00000402 
               interrupt function
               ISTACK = 00000000 ( 0000000F )
    -------------------------------------------------------------------------
INTVEC
  Common segment, address: CODE 00000000 - 00000085 (0x86 bytes), align: 0
  Segment part 8. ROOT.
           ENTRY                   ADDRESS         REF BY
           =====                   =======         ======
           rfIsr::??INTVEC 131     00000083 

    *************************************************************************

  FILE NAME : D:\R.D Dept\程式開發\TI CC2530 example\CC2530_ex_v5\CC2530_ex\mcu-net1\ex_RELAY_uart\debug\Obj\hal_rf_security.r51
  PROGRAM MODULE, NAME : hal_rf_security

  SEGMENTS IN THE MODULE
  ======================
SFR_AN
  Relative segment, address: DATA 000000B1 - 000000B1 (0x1 bytes), align: 0
  Segment part 1. ROOT.
           ENTRY                   ADDRESS         REF BY
           =====                   =======         ======
           ENCDI                   000000B1 
    -------------------------------------------------------------------------
SFR_AN
  Relative segment, address: DATA 000000B2 - 000000B2 (0x1 bytes), align: 0
  Segment part 2. ROOT.
           ENTRY                   ADDRESS         REF BY
           =====                   =======         ======
           ENCDO                   000000B2 
    -------------------------------------------------------------------------
SFR_AN
  Relative segment, address: DATA 000000B3 - 000000B3 (0x1 bytes), align: 0
  Segment part 3. ROOT.
           ENTRY                   ADDRESS         REF BY
           =====                   =======         ======
           ENCCS                   000000B3 

    *************************************************************************

  FILE NAME : D:\R.D Dept\程式開發\TI CC2530 example\CC2530_ex_v5\CC2530_ex\mcu-net1\ex_RELAY_uart\debug\Obj\hal_rtc.r51
  PROGRAM MODULE, NAME : hal_rtc

  SEGMENTS IN THE MODULE
  ======================
SFR_AN
  Relative segment, address: DATA 000000F6 - 000000F6 (0x1 bytes), align: 0
  Segment part 3. ROOT.       Intra module refs:   GetRTCData
           ENTRY                   ADDRESS         REF BY
           =====                   =======         ======
           P1INP                   000000F6 
    -------------------------------------------------------------------------
<BANKED_CODE> 1 (was BANKED_CODE)
  Relative segment, address: CODE 000004ED - 0000052A (0x3e bytes), align: 0
  Segment part 17.            Intra module refs:   GetRTCData::?relay
           ENTRY                   ADDRESS         REF BY
           =====                   =======         ======
           GetRTCData              000004ED 
               calls direct
               XSTACK = 0000000A ( 0000000C )
    -------------------------------------------------------------------------
<BANKED_CODE> 1 (was BANKED_CODE)
  Relative segment, address: CODE 0000052B - 0000054F (0x25 bytes), align: 0
  Segment part 19.            Intra module refs:   SetRTCCommand::?relay
           ENTRY                   ADDRESS         REF BY
           =====                   =======         ======
           SetRTCCommand           0000052B 
               calls direct
               XSTACK = 0000000A ( 0000000A )
    -------------------------------------------------------------------------
<BANKED_CODE> 1 (was BANKED_CODE)
  Relative segment, address: CODE 00000550 - 00000551 (0x2 bytes), align: 0
  Segment part 21.            Intra module refs:   SetRTCCommand
                                                   SetRTCData
           LOCAL                   ADDRESS         
           =====                   =======         
           ?Subroutine8            00000550 
    -------------------------------------------------------------------------
<BANKED_CODE> 1 (was BANKED_CODE)
  Relative segment, address: CODE 00000552 - 00000556 (0x5 bytes), align: 0
  Segment part 22.            Intra module refs:   ?Subroutine8
    -------------------------------------------------------------------------
<BANKED_CODE> 1 (was BANKED_CODE)
  Relative segment, address: CODE 00000557 - 0000057D (0x27 bytes), align: 0
  Segment part 23.            Intra module refs:   SetRTCData::?relay
           ENTRY                   ADDRESS         REF BY
           =====                   =======         ======
           SetRTCData              00000557 
               calls direct
               XSTACK = 00000009 ( 0000000A )
    -------------------------------------------------------------------------
<BANKED_CODE> 1 (was BANKED_CODE)
  Relative segment, address: CODE 0000057E - 00000586 (0x9 bytes), align: 0
  Segment part 25.            Intra module refs:   SetRTCCommand
                                                   SetRTCData
           LOCAL                   ADDRESS         
           =====                   =======         
           ?Subroutine0            0000057E 
    -------------------------------------------------------------------------
<BANKED_CODE> 1 (was BANKED_CODE)
  Relative segment, address: CODE 00000587 - 000005A0 (0x1a bytes), align: 0
  Segment part 26.            Intra module refs:   ?Subroutine0
                                                   GetRTCData
           LOCAL                   ADDRESS         
           =====                   =======         
           ?Subroutine6            00000587 
    -------------------------------------------------------------------------
<BANKED_CODE> 1 (was BANKED_CODE)
  Relative segment, address: CODE 000005A1 - 00000600 (0x60 bytes), align: 0
  Segment part 32.            Intra module refs:   RTC_Init::?relay
           ENTRY                   ADDRESS         REF BY
           =====                   =======         ======
           RTC_Init                000005A1 
               calls direct
               XSTACK = 00000000 ( 00000009 )
    -------------------------------------------------------------------------
<BANKED_CODE> 1 (was BANKED_CODE)
  Relative segment, address: CODE 00000601 - 00000605 (0x5 bytes), align: 0
  Segment part 34.            Intra module refs:   RTC_Init
           LOCAL                   ADDRESS         
           =====                   =======         
           ?Subroutine10           00000601 
    -------------------------------------------------------------------------
<BANKED_CODE> 1 (was BANKED_CODE)
  Relative segment, address: CODE 00000606 - 0000060E (0x9 bytes), align: 0
  Segment part 35.            Intra module refs:   GetRTCData
                                                   RTC_Init
           LOCAL                   ADDRESS         
           =====                   =======         
           ?Subroutine5            00000606 
    -------------------------------------------------------------------------
<BANKED_CODE> 1 (was BANKED_CODE)
  Relative segment, address: CODE 0000060F - 00000619 (0xb bytes), align: 0
  Segment part 36.            Intra module refs:   RTC_Init
           LOCAL                   ADDRESS         
           =====                   =======         
           ?Subroutine4            0000060F 
    -------------------------------------------------------------------------
<BANKED_CODE> 1 (was BANKED_CODE)
  Relative segment, address: CODE 0000061A - 0000062C (0x13 bytes), align: 0
  Segment part 37.            Intra module refs:   RTC_Init
           LOCAL                   ADDRESS         
           =====                   =======         
           ?Subroutine2            0000061A 
    -------------------------------------------------------------------------
BANK_RELAYS
  Relative segment, address: CODE 00000153 - 00000158 (0x6 bytes), align: 0
  Segment part 18.            Intra module refs:   ?Subroutine2
           ENTRY                   ADDRESS         REF BY
           =====                   =======         ======
           GetRTCData::?relay      00000153 
    -------------------------------------------------------------------------
BANK_RELAYS
  Relative segment, address: CODE 00000159 - 0000015E (0x6 bytes), align: 0
  Segment part 20.            Intra module refs:   ?Subroutine2
                                                   ?Subroutine4
                                                   RTC_Init
           ENTRY                   ADDRESS         REF BY
           =====                   =======         ======
           SetRTCCommand::?relay   00000159 
    -------------------------------------------------------------------------
BANK_RELAYS
  Relative segment, address: CODE 0000015F - 00000164 (0x6 bytes), align: 0
  Segment part 24.            Intra module refs:   ?Subroutine4
                                                   RTC_Init
           ENTRY                   ADDRESS         REF BY
           =====                   =======         ======
           SetRTCData::?relay      0000015F 
    -------------------------------------------------------------------------
BANK_RELAYS
  Relative segment, address: CODE 00000165 - 0000016A (0x6 bytes), align: 0
  Segment part 33.
           ENTRY                   ADDRESS         REF BY
           =====                   =======         ======
           RTC_Init::?relay        00000165        halBoardInit (hal_board)

    *************************************************************************

  FILE NAME : D:\R.D Dept\程式開發\TI CC2530 example\CC2530_ex_v5\CC2530_ex\mcu-net1\ex_RELAY_uart\debug\Obj\hal_uart.r51
  PROGRAM MODULE, NAME : hal_uart

  SEGMENTS IN THE MODULE
  ======================
SFR_AN
  Relative segment, address: DATA 00000086 - 00000086 (0x1 bytes), align: 0
  Segment part 1. ROOT.       Intra module refs:   halUartInit
           ENTRY                   ADDRESS         REF BY
           =====                   =======         ======
           U0CSR                   00000086 
    -------------------------------------------------------------------------
SFR_AN
  Relative segment, address: DATA 00000095 - 00000095 (0x1 bytes), align: 0
  Segment part 2. ROOT.       Intra module refs:   halUart0RxIsr
           ENTRY                   ADDRESS         REF BY
           =====                   =======         ======
           ST0                     00000095 
    -------------------------------------------------------------------------
SFR_AN
  Relative segment, address: DATA 000000C1 - 000000C1 (0x1 bytes), align: 0
  Segment part 5. ROOT.       Intra module refs:   halUart0RxIsr
                                                   halUart0TxIsr
                                                   halUartInit
           ENTRY                   ADDRESS         REF BY
           =====                   =======         ======
           U0DBUF                  000000C1 
    -------------------------------------------------------------------------
SFR_AN
  Relative segment, address: DATA 000000C2 - 000000C2 (0x1 bytes), align: 0
  Segment part 6. ROOT.       Intra module refs:   halUartInit
           ENTRY                   ADDRESS         REF BY
           =====                   =======         ======
           U0BAUD                  000000C2 
    -------------------------------------------------------------------------
SFR_AN
  Relative segment, address: DATA 000000C4 - 000000C4 (0x1 bytes), align: 0
  Segment part 7. ROOT.       Intra module refs:   halUartInit
           ENTRY                   ADDRESS         REF BY
           =====                   =======         ======
           U0UCR                   000000C4 
    -------------------------------------------------------------------------
SFR_AN
  Relative segment, address: DATA 000000C5 - 000000C5 (0x1 bytes), align: 0
  Segment part 8. ROOT.       Intra module refs:   halUartInit
           ENTRY                   ADDRESS         REF BY
           =====                   =======         ======
           U0GCR                   000000C5 
    -------------------------------------------------------------------------
SFR_AN
  Relative segment, address: DATA 000000E8 - 000000E8 (0x1 bytes), align: 0
  Segment part 9. ROOT.       Intra module refs:   halUart0TxIsr
           ENTRY                   ADDRESS         REF BY
           =====                   =======         ======
           _A_IRCON2               000000E8 
    -------------------------------------------------------------------------
SFR_AN
  Relative segment, address: DATA 000000F1 - 000000F1 (0x1 bytes), align: 0
  Segment part 10. ROOT.      Intra module refs:   halUartInit
           ENTRY                   ADDRESS         REF BY
           =====                   =======         ======
           PERCFG                  000000F1 
    -------------------------------------------------------------------------
SFR_AN
  Relative segment, address: DATA 000000F2 - 000000F2 (0x1 bytes), align: 0
  Segment part 11. ROOT.      Intra module refs:   halUartInit
           ENTRY                   ADDRESS         REF BY
           =====                   =======         ======
           ADCCFG                  000000F2 
    -------------------------------------------------------------------------
XDATA_Z
  Relative segment, address: XDATA 00000103 - 00000208 (0x106 bytes), align: 0
  Segment part 20.            Intra module refs:   halUart0RxIsr
                                                   halUart0TxIsr
                                                   halUartInit
                                                   halUartWrite
           ENTRY                   ADDRESS         REF BY
           =====                   =======         ======
           uartCfg                 00000103 
    -------------------------------------------------------------------------
<BANKED_CODE> 1 (was BANKED_CODE)
  Relative segment, address: CODE 0000073B - 0000077B (0x41 bytes), align: 0
  Segment part 21.            Intra module refs:   halUartInit::?relay
           ENTRY                   ADDRESS         REF BY
           =====                   =======         ======
           halUartInit             0000073B 
               ISTACK = 00000000 ( 00000002 )
    -------------------------------------------------------------------------
<BANKED_CODE> 1 (was BANKED_CODE)
  Relative segment, address: CODE 0000077C - 00000782 (0x7 bytes), align: 0
  Segment part 23.            Intra module refs:   halUartInit
           LOCAL                   ADDRESS         
           =====                   =======         
           ?Subroutine1            0000077C 
    -------------------------------------------------------------------------
<BANKED_CODE> 1 (was BANKED_CODE)
  Relative segment, address: CODE 00000783 - 00000787 (0x5 bytes), align: 0
  Segment part 26.            Intra module refs:   halUartWrite
           LOCAL                   ADDRESS         
           =====                   =======         
           ?Subroutine2            00000783 
    -------------------------------------------------------------------------
<BANKED_CODE> 1 (was BANKED_CODE)
  Relative segment, address: CODE 00000788 - 00000821 (0x9a bytes), align: 0
  Segment part 27.            Intra module refs:   halUartWrite::?relay
           ENTRY                   ADDRESS         REF BY
           =====                   =======         ======
           halUartWrite            00000788 
               XSTACK = 00000000 ( 00000009 )
               ISTACK = 00000000 ( 00000001 )
    -------------------------------------------------------------------------
<BANKED_CODE> 1 (was BANKED_CODE)
  Relative segment, address: CODE 00000822 - 0000082C (0xb bytes), align: 0
  Segment part 29.            Intra module refs:   halUartWrite
           LOCAL                   ADDRESS         
           =====                   =======         
           ?Subroutine0            00000822 
    -------------------------------------------------------------------------
NEAR_CODE
  Relative segment, address: CODE 0000043F - 0000048F (0x51 bytes), align: 0
  Segment part 36.            Intra module refs:   halUart0RxIsr::??INTVEC 19
           ENTRY                   ADDRESS         REF BY
           =====                   =======         ======
           halUart0RxIsr           0000043F 
               interrupt function
               ISTACK = 00000000 ( 00000008 )
    -------------------------------------------------------------------------
NEAR_CODE
  Relative segment, address: CODE 00000490 - 00000494 (0x5 bytes), align: 0
  Segment part 37.            Intra module refs:   halUart0RxIsr
                                                   halUart0TxIsr
           LOCAL                   ADDRESS         
           =====                   =======         
           ?Subroutine3            00000490 
    -------------------------------------------------------------------------
NEAR_CODE
  Relative segment, address: CODE 00000495 - 000004EC (0x58 bytes), align: 0
  Segment part 38.            Intra module refs:   halUart0TxIsr::??INTVEC 59
           ENTRY                   ADDRESS         REF BY
           =====                   =======         ======
           halUart0TxIsr           00000495 
               interrupt function
               ISTACK = 00000000 ( 00000007 )
    -------------------------------------------------------------------------
INTVEC
  Common segment, address: CODE 00000000 - 00000015 (0x16 bytes), align: 0
  Segment part 13. ROOT.
           ENTRY                   ADDRESS         REF BY
           =====                   =======         ======
           halUart0RxIsr::??INTVEC 19
                                   00000013 
    -------------------------------------------------------------------------
INTVEC
  Common segment, address: CODE 00000000 - 0000003D (0x3e bytes), align: 0
  Segment part 14. ROOT.
           ENTRY                   ADDRESS         REF BY
           =====                   =======         ======
           halUart0TxIsr::??INTVEC 59
                                   0000003B 
    -------------------------------------------------------------------------
BANK_RELAYS
  Relative segment, address: CODE 0000016B - 00000170 (0x6 bytes), align: 0
  Segment part 22.
           ENTRY                   ADDRESS         REF BY
           =====                   =======         ======
           halUartInit::?relay     0000016B        halBoardInit (hal_board)
    -------------------------------------------------------------------------
BANK_RELAYS
  Relative segment, address: CODE 00000171 - 00000176 (0x6 bytes), align: 0
  Segment part 28.
           ENTRY                   ADDRESS         REF BY
           =====                   =======         ======
           halUartWrite::?relay    00000171        ?Subroutine0 (ex)

    *************************************************************************

  FILE NAME : D:\R.D Dept\程式開發\TI CC2530 example\CC2530_ex_v5\CC2530_ex\mcu-net1\ex_RELAY_uart\debug\Obj\util.r51
    *************************************************************************

  FILE NAME : D:\R.D Dept\程式開發\TI CC2530 example\CC2530_ex_v5\CC2530_ex\mcu-net1\ex_RELAY_uart\debug\Obj\util_buffer.r51
    *************************************************************************

  FILE NAME : C:\IAR Systems\Embedded Workbench MCS 51\8051\LIB\CLIB\cl-pli-blxd-1e16x01.r51
  LIBRARY MODULE, NAME : ?cexit

  SEGMENTS IN THE MODULE
  ======================
CSTART
  Relative segment, address: CODE 00000086 - 0000008A (0x5 bytes), align: 0
  Segment part 0.
           ENTRY                   ADDRESS         REF BY
           =====                   =======         ======
           exit                    00000086        ?call_main (?cmain)
           ?C_EXIT                 00000086 
           ?ROM_MONITOR_NOPS       00000086 

    -------------------------------------------------------------------------
  LIBRARY MODULE, NAME : ?cmain

  SEGMENTS IN THE MODULE
  ======================
CSTART
  Relative segment, address: CODE 0000008B, align: 0
  Segment part 0.
           ENTRY                   ADDRESS         REF BY
           =====                   =======         ======
           ?cmain                  0000008B        Segment part 12 (CSTARTUP)
    -------------------------------------------------------------------------
CSTART
  Relative segment, address: CODE 0000008B - 00000093 (0x9 bytes), align: 0
  Segment part 1.
           ENTRY                   ADDRESS         REF BY
           =====                   =======         ======
           __low_level_init_call   0000008B        __low_level_init (?low_level_init)
    -------------------------------------------------------------------------
CSTART
  Relative segment, address: CODE 00000094 - 000000A3 (0x10 bytes), align: 0
  Segment part 11.
           ENTRY                   ADDRESS         REF BY
           =====                   =======         ======
           __INIT_XDATA_Z          00000094        pfISR (hal_rf)
                                                   uartCfg (hal_uart)
    -------------------------------------------------------------------------
CSTART
  Relative segment, address: CODE 000000A4, align: 0
  Segment part 32.            Intra module refs:   __low_level_init_call
    -------------------------------------------------------------------------
CSTART
  Relative segment, address: CODE 000000A4 - 000000B9 (0x16 bytes), align: 0
  Segment part 33.            Intra module refs:   ?cmain
           ENTRY                   ADDRESS         REF BY
           =====                   =======         ======
           ?call_main              000000A4 

    -------------------------------------------------------------------------
  LIBRARY MODULE, NAME : CSTARTUP

  SEGMENTS IN THE MODULE
  ======================
REGISTERS
  Relative segment, address: DATA 00000000, align: 0
  Segment part 0.             Intra module refs:   Segment part 6
           ENTRY                   ADDRESS         REF BY
           =====                   =======         ======
           ?REGISTERS              00000000 
    -------------------------------------------------------------------------
ISTACK
  Relative segment, address: IDATA 000000C0, align: 0
  Segment part 1.             Intra module refs:   Segment part 6
           ENTRY                   ADDRESS         REF BY
           =====                   =======         ======
           ?ISTACK_START           000000C0 
    -------------------------------------------------------------------------
XSTACK
  Relative segment, address: XDATA 00000001, align: 0
  Segment part 3.             Intra module refs:   ?RESET_XSP
           ENTRY                   ADDRESS         REF BY
           =====                   =======         ======
           ?XSTACK_START           00000001 
    -------------------------------------------------------------------------
INTVEC
  Common segment, address: CODE 00000000 - 00000002 (0x3 bytes), align: 0
  Segment part 5. ROOT.       Intra module refs:   Segment part 6
    -------------------------------------------------------------------------
CSTART
  Relative segment, address: CODE 000000BA - 000000BF (0x6 bytes), align: 0
  Segment part 6. ROOT.       Intra module refs:   Segment part 5
           ENTRY                   ADDRESS         REF BY
           =====                   =======         ======
           __program_start         000000BA        Absolute parts (?ABS_ENTRY_MOD)
           ?RESET_SP               000000BD 
    -------------------------------------------------------------------------
CSTART
  Relative segment, address: CODE 000000C0 - 000000C5 (0x6 bytes), align: 0
  Segment part 8.
           ENTRY                   ADDRESS         REF BY
           =====                   =======         ======
           ?RESET_XSP              000000C0        ?XSP (VIRTUAL_REGISTERS)
    -------------------------------------------------------------------------
CSTART
  Relative segment, address: CODE 000000C6 - 000000C8 (0x3 bytes), align: 0
  Segment part 9.
           ENTRY                   ADDRESS         REF BY
           =====                   =======         ======
           ?RESET_CODE_BANK        000000C6        Absolute parts (?BANKED_CODE_SUPPORT)
    -------------------------------------------------------------------------
CSTART
  Relative segment, address: CODE 000000C9 - 000000CB (0x3 bytes), align: 0
  Segment part 12.            Intra module refs:   Absolute parts

    -------------------------------------------------------------------------
  LIBRARY MODULE, NAME : VIRTUAL_REGISTERS

  SEGMENTS IN THE MODULE
  ======================
BREG
  Relative segment, address: BIT 00000020.0 - 00000020.7 (0x8 bits), align: 0
  Segment part 0.
           ENTRY                   ADDRESS         REF BY
           =====                   =======         ======
           ?B0                     00000020.0      Absolute parts (CSTARTUP)
    -------------------------------------------------------------------------
VREG
  Relative segment, address: DATA 00000008, align: 0
  Segment part 1.
           ENTRY                   ADDRESS         REF BY
           =====                   =======         ======
           ?V0                     00000008        ?BANKED_ENTER_XDATA (?BANKED_ENTER_XDATA)
                                                   ?BANKED_LEAVE_XDATA (?BANKED_LEAVE_XDATA)
                                                   ?INTERRUPT_ENTER_XSP (?INTERRUPT_ENTER_XSP)
                                                   ?INTERRUPT_LEAVE_XSP (?INTERRUPT_LEAVE_XSP)
                                                   ?Subroutine1 (ex)
                                                   GetRTCData (hal_rtc)
                                                   SetRTCCommand (hal_rtc)
                                                   SetRTCData (hal_rtc)
                                                   halBuzzerInit (hal_buzzer)
                                                   halUart0TxIsr (hal_uart)
    -------------------------------------------------------------------------
XSP
  Relative segment, address: DATA 00000010 - 00000011 (0x2 bytes), align: 0
  Segment part 3.
           ENTRY                   ADDRESS         REF BY
           =====                   =======         ======
           ?XSP                    00000010        ?ALLOC_XSTACK8 (?ALLOC_XSTACK8)
                                                   ?BANKED_ENTER_XDATA (?BANKED_ENTER_XDATA)
                                                   ?BANKED_LEAVE_XDATA (?BANKED_LEAVE_XDATA)
                                                   ?INTERRUPT_ENTER_XSP (?INTERRUPT_ENTER_XSP)
                                                   ?INTERRUPT_LEAVE_XSP (?INTERRUPT_LEAVE_XSP)
                                                   ?RESET_XSP (CSTARTUP)
                                                   ?Subroutine0 (ex)
                                                   ?Subroutine1 (ex)
                                                   ?Subroutine2 (ex)
                                                   ?XSTACK_DISP0_8 (?XSTACK_DISP8)

    -------------------------------------------------------------------------
  LIBRARY MODULE, NAME : ?BANKED_CODE_SUPPORT

  SEGMENTS IN THE MODULE
  ======================
CSTART
  Relative segment, address: CODE 000000CC - 0000010D (0x42 bytes), align: 0
  Segment part 3.
           ENTRY                   ADDRESS         REF BY
           =====                   =======         ======
           ?BCALL_07               000000CC        ?call_main (?cmain)
           ?BRET_07                000000DE        ?BANKED_LEAVE_XDATA (?BANKED_LEAVE_XDATA)
                                                   ?Subroutine0 (hal_mcu)
                                                   ?Subroutine1 (hal_uart)
                                                   RELAY_GetDI (hal_relay)
                                                   RELAY_Init (hal_relay)
                                                   RELAY_SetDO (hal_relay)
                                                   clockSetMainSrc (hal_clock)
                                                   halBoardInit (hal_board)
                                                   halBuzzer (hal_buzzer)
                                                   halIntOn (hal_int)
                                                   halMcuWaitUs (hal_mcu)
           ?BDISPATCH_07           000000EB        GetRTCData::?relay (hal_rtc)
                                                   RELAY_GetDI::?relay (hal_relay)
                                                   RELAY_Init::?relay (hal_relay)
                                                   RELAY_SetDO::?relay (hal_relay)
                                                   RTC_Init::?relay (hal_rtc)
                                                   SetRTCCommand::?relay (hal_rtc)
                                                   SetRTCData::?relay (hal_rtc)
                                                   clockSetMainSrc::?relay (hal_clock)
                                                   halBoardInit::?relay (hal_board)
                                                   halBuzzer::?relay (hal_buzzer)
                                                   halBuzzerInit::?relay (hal_buzzer)
                                                   halIntOn::?relay (hal_int)
                                                   halMcuInit::?relay (hal_mcu)
                                                   halMcuWaitMs::?relay (hal_mcu)
                                                   halMcuWaitUs::?relay (hal_mcu)
                                                   halUartInit::?relay (hal_uart)
                                                   halUartWrite::?relay (hal_uart)

    -------------------------------------------------------------------------
  LIBRARY MODULE, NAME : ?UL_DIV_MOD

  SEGMENTS IN THE MODULE
  ======================
RCODE
  Relative segment, address: CODE 00000177 - 000001E6 (0x70 bytes), align: 0
  Segment part 1.
           ENTRY                   ADDRESS         REF BY
           =====                   =======         ======
           ?UL_DIV_MOD             00000177        ?L_DIV_MOD (?L_DIV_MOD)

    -------------------------------------------------------------------------
  LIBRARY MODULE, NAME : ?L_DIV_MOD

  SEGMENTS IN THE MODULE
  ======================
RCODE
  Relative segment, address: CODE 000001E7 - 0000023D (0x57 bytes), align: 0
  Segment part 0.
           ENTRY                   ADDRESS         REF BY
           =====                   =======         ======
           ?L_DIV_MOD              00000211        halBuzzerInit (hal_buzzer)

    -------------------------------------------------------------------------
  LIBRARY MODULE, NAME : ?L_NEG_R1

  SEGMENTS IN THE MODULE
  ======================
RCODE
  Relative segment, address: CODE 0000023E - 0000024E (0x11 bytes), align: 0
  Segment part 1.
           ENTRY                   ADDRESS         REF BY
           =====                   =======         ======
           ?L_NEG_R1               0000023E        ?L_DIV_MOD (?L_DIV_MOD)

    -------------------------------------------------------------------------
  LIBRARY MODULE, NAME : ?L_NEG

  SEGMENTS IN THE MODULE
  ======================
RCODE
  Relative segment, address: CODE 0000024F - 0000025F (0x11 bytes), align: 0
  Segment part 1.
           ENTRY                   ADDRESS         REF BY
           =====                   =======         ======
           ?L_NEG                  0000024F        ?L_DIV_MOD (?L_DIV_MOD)

    -------------------------------------------------------------------------
  LIBRARY MODULE, NAME : ?SS_SHR

  SEGMENTS IN THE MODULE
  ======================
RCODE
  Relative segment, address: CODE 00000260 - 00000262 (0x3 bytes), align: 0
  Segment part 1.             Intra module refs:   Segment part 2
           ENTRY                   ADDRESS         REF BY
           =====                   =======         ======
           ?SS_SHR                 00000260        SetRTCCommand (hal_rtc)
    -------------------------------------------------------------------------
RCODE
  Relative segment, address: CODE 00000263 - 0000026F (0xd bytes), align: 0
  Segment part 2.             Intra module refs:   ?SS_SHR

    -------------------------------------------------------------------------
  LIBRARY MODULE, NAME : ?S_SHL

  SEGMENTS IN THE MODULE
  ======================
RCODE
  Relative segment, address: CODE 00000270 - 00000272 (0x3 bytes), align: 0
  Segment part 0.
           ENTRY                   ADDRESS         REF BY
           =====                   =======         ======
           ?S_SHL                  00000270        GetRTCData (hal_rtc)
                                                   SetRTCData (hal_rtc)
    -------------------------------------------------------------------------
RCODE
  Relative segment, address: CODE 00000273 - 00000275 (0x3 bytes), align: 0
  Segment part 1.             Intra module refs:   Segment part 2
           ENTRY                   ADDRESS         REF BY
           =====                   =======         ======
           ?S_SHL_REW              00000273 
    -------------------------------------------------------------------------
RCODE
  Relative segment, address: CODE 00000276 - 00000282 (0xd bytes), align: 0
  Segment part 2.             Intra module refs:   ?S_SHL
                                                   ?S_SHL_REW

    -------------------------------------------------------------------------
  LIBRARY MODULE, NAME : ?ALLOC_XSTACK8

  SEGMENTS IN THE MODULE
  ======================
RCODE
  Relative segment, address: CODE 00000283 - 00000298 (0x16 bytes), align: 0
  Segment part 0.
           ENTRY                   ADDRESS         REF BY
           =====                   =======         ======
           ?ALLOC_XSTACK8          00000283        main (ex)

    -------------------------------------------------------------------------
  LIBRARY MODULE, NAME : ?XSTACK_DISP8

  SEGMENTS IN THE MODULE
  ======================
RCODE
  Relative segment, address: CODE 00000299 - 000002A2 (0xa bytes), align: 0
  Segment part 1.
           ENTRY                   ADDRESS         REF BY
           =====                   =======         ======
           ?XSTACK_DISP0_8         00000299        main (ex)

    -------------------------------------------------------------------------
  LIBRARY MODULE, NAME : ?CALL_IND

  SEGMENTS IN THE MODULE
  ======================
RCODE
  Relative segment, address: CODE 000002A3 - 000002A4 (0x2 bytes), align: 0
  Segment part 0.
           ENTRY                   ADDRESS         REF BY
           =====                   =======         ======
           ?CALL_IND               000002A3        rfIsr (hal_rf)

    -------------------------------------------------------------------------
  LIBRARY MODULE, NAME : ?BANKED_ENTER_XDATA

  SEGMENTS IN THE MODULE
  ======================
RCODE
  Relative segment, address: CODE 000002A5 - 0000030A (0x66 bytes), align: 0
  Segment part 1.
           ENTRY                   ADDRESS         REF BY
           =====                   =======         ======
           ?BANKED_ENTER_XDATA     000002A5        GetRTCData (hal_rtc)
                                                   RTC_Init (hal_rtc)
                                                   SetRTCCommand (hal_rtc)
                                                   SetRTCData (hal_rtc)
                                                   halBuzzerInit (hal_buzzer)
                                                   halMcuWaitMs (hal_mcu)
                                                   halUartWrite (hal_uart)

    -------------------------------------------------------------------------
  LIBRARY MODULE, NAME : ?BANKED_LEAVE_XDATA

  SEGMENTS IN THE MODULE
  ======================
RCODE
  Relative segment, address: CODE 0000030B - 00000348 (0x3e bytes), align: 0
  Segment part 1.
           ENTRY                   ADDRESS         REF BY
           =====                   =======         ======
           ?BANKED_LEAVE_XDATA     0000030B        ?Subroutine0 (hal_buzzer)
                                                   ?Subroutine10 (hal_rtc)
                                                   ?Subroutine2 (hal_uart)
                                                   GetRTCData (hal_rtc)
                                                   Segment part 22 (hal_rtc)
                                                   halMcuWaitMs (hal_mcu)

    -------------------------------------------------------------------------
  LIBRARY MODULE, NAME : ?INTERRUPT_ENTER_XSP

  SEGMENTS IN THE MODULE
  ======================
RCODE
  Relative segment, address: CODE 00000349 - 000003A7 (0x5f bytes), align: 0
  Segment part 1.
           ENTRY                   ADDRESS         REF BY
           =====                   =======         ======
           ?INTERRUPT_ENTER_XSP    00000349        rfIsr (hal_rf)

    -------------------------------------------------------------------------
  LIBRARY MODULE, NAME : ?INTERRUPT_LEAVE_XSP

  SEGMENTS IN THE MODULE
  ======================
RCODE
  Relative segment, address: CODE 000003A8 - 000003F7 (0x50 bytes), align: 0
  Segment part 1.
           ENTRY                   ADDRESS         REF BY
           =====                   =======         ======
           ?INTERRUPT_LEAVE_XSP    000003A8        rfIsr (hal_rf)

    -------------------------------------------------------------------------
  LIBRARY MODULE, NAME : ?low_level_init

  SEGMENTS IN THE MODULE
  ======================
CSTART
  Relative segment, address: CODE 0000010E - 00000110 (0x3 bytes), align: 0
  Segment part 6. ROOT.
           ENTRY                   ADDRESS         REF BY
           =====                   =======         ======
           __low_level_init        0000010E        __low_level_init_call (?cmain)




                ****************************************
                *                                      *
                *            MODULE SUMMARY            *
                *                                      *
                ****************************************

Module                 CODE      DATA      XDATA  IDATA    BIT
------                 ----      ----      -----  -----    ---
                      (Rel)  (Rel)  (Abs)  (Rel)  (Rel)  (Rel)
?ALLOC_XSTACK8           22
?BANKED_CODE_SUPPORT     66
?BANKED_ENTER_XDATA     102
?BANKED_LEAVE_XDATA      62
?CALL_IND                 2
?INTERRUPT_ENTER_XSP     95
?INTERRUPT_LEAVE_XSP     80
?L_DIV_MOD               87
?L_NEG                   17
?L_NEG_R1                17
?SS_SHR                  16
?S_SHL                   19
?UL_DIV_MOD             112
?XSTACK_DISP8            10
?cexit                    5
?cmain                   47
?low_level_init           3
CSTARTUP                 18
  + common                3
VIRTUAL_REGISTERS                2                           8
ex                      270
hal_board                68             1
  + shared                              5
hal_buzzer              117             6
  + common               78
hal_clock                60             4
hal_int                  11
  + shared                              1
hal_mcu                 129             1
hal_relay                99             3
  + shared                              1
hal_rf                   61             5      2
  + shared              134             1
  + common
hal_rf_security                         3
hal_rtc                 344             1
hal_uart                428             9    262
  + common               62
N/A (command line)              16           256     64
N/A (alignment)
----------            -----     --     --    ---     --      -
Total:                2 367     18     41    520     64      8
  + common              134


                ****************************************
                *                                      *
                *      SEGMENTS IN ADDRESS ORDER       *
                *                                      *
                ****************************************


SEGMENT              SPACE    START ADDRESS   END ADDRESS     SIZE  TYPE  ALIGN
=======              =====    =============   ===========     ====  ====  =====
INTVEC               CODE          00000000 - 00000085          86   com    0
CSTART               CODE          00000086 - 00000110          8B   rel    0
BANK_RELAYS          CODE          00000111 - 00000176          66   rel    0
RCODE                CODE          00000177 - 000003F7         281   rel    0
DIFUNCT              CODE               000003F8                     dse    0
CODE_C               CODE               000003F8                     dse    0
CODE_N               CODE               000003F8                     dse    0
NEAR_CODE            CODE          000003F8 - 000004EC          F5   rel    0
<BANKED_CODE> 1      CODE          000004ED - 000009C4         4D8   rel    0
REGISTERS            DATA          00000000 - 00000007           8   rel    0
VREG                 DATA          00000008 - 0000000F           8   rel    0
PSP                  DATA               00000010                     dse    0
XSP                  DATA          00000010 - 00000011           2   rel    0
BREG                 BIT        00000020.0  -  00000020.7        8   rel    0
SFR_AN               DATA          00000080 - 00000080           1   rel    0
                     DATA          00000086 - 00000086           1 
                     DATA          00000090 - 00000091           2 
                     DATA          00000095 - 00000095           1 
                     DATA          0000009A - 0000009B           2 
                     DATA          0000009D - 0000009E           2 
                     DATA          000000A0 - 000000A0           1 
                     DATA          000000A8 - 000000A8           1 
                     DATA          000000B1 - 000000B3           3 
                     DATA          000000B8 - 000000B8           1 
                     DATA          000000BE - 000000BE           1 
                     DATA          000000C1 - 000000C2           2 
                     DATA          000000C4 - 000000C6           3 
                     DATA          000000C9 - 000000C9           1 
                     DATA          000000D9 - 000000DB           3 
                     DATA          000000E1 - 000000E2           2 
                     DATA          000000E4 - 000000E5           2 
                     DATA          000000E8 - 000000E9           2 
                     DATA          000000F1 - 000000F7           7 
                     DATA          000000FD - 000000FF           3 
XSTACK               XDATA         00000001 - 00000100         100   rel    0
XDATA_Z              XDATA         00000101 - 00000208         108   rel    0
ISTACK               IDATA         000000C0 - 000000FF          40   rel    0

                ****************************************
                *                                      *
                *        END OF CROSS REFERENCE        *
                *                                      *
                ****************************************

 2 501 bytes of CODE  memory
    18 bytes of DATA  memory (+ 41 absolute )
   520 bytes of XDATA memory
    64 bytes of IDATA memory
     8 bits  of BIT   memory

Errors: none
Warnings: none

