################################################################################
#                                                                              #
#      IAR Universal Linker V4.61L/W32                                         #
#                                                                              #
#           Link time     =  22/Jul/2010  13:40:36                             #
#           Target CPU    =  x51                                               #
#           List file     =  "D:\程式開發\TI CC2530 example\CC2530_ex_v4\CC253 #
#                            0_ex\mcu-kit1\ex_M430\Debug\List\M430.map"        #
#           Output file 1 =  "D:\程式開發\TI CC2530 example\CC2530_ex_v4\CC253 #
#                            0_ex\mcu-kit1\ex_M430\Debug\Exe\M430.hex"         #
#                            Format: intel-extended                            #
#           Output file 2 =  "D:\程式開發\TI CC2530 example\CC2530_ex_v4\CC253 #
#                            0_ex\mcu-kit1\ex_M430\Debug\Exe\M430.d51"         #
#                            Format: debug                                     #
#                            UBROF version 10.0.2                              #
#                            Using library modules for C-SPY (-rt)             #
#           Command line  =  "-IC:\IAR Systems\Embedded Workbench 5.3\8051\CON #
#                            FIG\"                                             #
#                            -D_NR_OF_BANKS=0x07 -D_CODEBANK_END=0xFFFF        #
#                            -D_CODEBANK_START=0x8000 -D?CBANK_MASK=0x07       #
#                            -D?CBANK=0x9F                                     #
#                            "D:\程式開發\TI CC2530 example\CC2530_ex_v4\CC253 #
#                            0_ex\mcu-kit1\ex_M430\Debug\Obj\M430.r51"         #
#                            "D:\程式開發\TI CC2530 example\CC2530_ex_v4\CC253 #
#                            0_ex\mcu-kit1\ex_M430\Debug\Obj\basic_rf.r51"     #
#                            "D:\程式開發\TI CC2530 example\CC2530_ex_v4\CC253 #
#                            0_ex\mcu-kit1\ex_M430\Debug\Obj\basic_rf_security #
#                            .r51"                                             #
#                            "D:\程式開發\TI CC2530 example\CC2530_ex_v4\CC253 #
#                            0_ex\mcu-kit1\ex_M430\Debug\Obj\ex.r51"           #
#                            "D:\程式開發\TI CC2530 example\CC2530_ex_v4\CC253 #
#                            0_ex\mcu-kit1\ex_M430\Debug\Obj\hal_adc.r51"      #
#                            "D:\程式開發\TI CC2530 example\CC2530_ex_v4\CC253 #
#                            0_ex\mcu-kit1\ex_M430\Debug\Obj\hal_board.r51"    #
#                            "D:\程式開發\TI CC2530 example\CC2530_ex_v4\CC253 #
#                            0_ex\mcu-kit1\ex_M430\Debug\Obj\hal_buzzer.r51"   #
#                            "D:\程式開發\TI CC2530 example\CC2530_ex_v4\CC253 #
#                            0_ex\mcu-kit1\ex_M430\Debug\Obj\hal_clock.r51"    #
#                            "D:\程式開發\TI CC2530 example\CC2530_ex_v4\CC253 #
#                            0_ex\mcu-kit1\ex_M430\Debug\Obj\hal_digio.r51"    #
#                            "D:\程式開發\TI CC2530 example\CC2530_ex_v4\CC253 #
#                            0_ex\mcu-kit1\ex_M430\Debug\Obj\hal_int.r51"      #
#                            "D:\程式開發\TI CC2530 example\CC2530_ex_v4\CC253 #
#                            0_ex\mcu-kit1\ex_M430\Debug\Obj\hal_keypad.r51"   #
#                            "D:\程式開發\TI CC2530 example\CC2530_ex_v4\CC253 #
#                            0_ex\mcu-kit1\ex_M430\Debug\Obj\hal_lcd.r51"      #
#                            "D:\程式開發\TI CC2530 example\CC2530_ex_v4\CC253 #
#                            0_ex\mcu-kit1\ex_M430\Debug\Obj\hal_led.r51"      #
#                            "D:\程式開發\TI CC2530 example\CC2530_ex_v4\CC253 #
#                            0_ex\mcu-kit1\ex_M430\Debug\Obj\hal_mcu.r51"      #
#                            "D:\程式開發\TI CC2530 example\CC2530_ex_v4\CC253 #
#                            0_ex\mcu-kit1\ex_M430\Debug\Obj\hal_rf.r51"       #
#                            "D:\程式開發\TI CC2530 example\CC2530_ex_v4\CC253 #
#                            0_ex\mcu-kit1\ex_M430\Debug\Obj\hal_rf_security.r #
#                            51"                                               #
#                            "D:\程式開發\TI CC2530 example\CC2530_ex_v4\CC253 #
#                            0_ex\mcu-kit1\ex_M430\Debug\Obj\hal_rf_util.r51"  #
#                            "D:\程式開發\TI CC2530 example\CC2530_ex_v4\CC253 #
#                            0_ex\mcu-kit1\ex_M430\Debug\Obj\hal_uart.r51"     #
#                            "D:\程式開發\TI CC2530 example\CC2530_ex_v4\CC253 #
#                            0_ex\mcu-kit1\ex_M430\Debug\Obj\util.r51"         #
#                            "D:\程式開發\TI CC2530 example\CC2530_ex_v4\CC253 #
#                            0_ex\mcu-kit1\ex_M430\Debug\Obj\util_buffer.r51"  #
#                            "D:\程式開發\TI CC2530 example\CC2530_ex_v4\CC253 #
#                            0_ex\mcu-kit1\ex_M430\Debug\Obj\util_lcd.r51"     #
#                            -o                                                #
#                            "D:\程式開發\TI CC2530 example\CC2530_ex_v4\CC253 #
#                            0_ex\mcu-kit1\ex_M430\Debug\Exe\M430.d51"         #
#                            -l                                                #
#                            "D:\程式開發\TI CC2530 example\CC2530_ex_v4\CC253 #
#                            0_ex\mcu-kit1\ex_M430\Debug\List\M430.map"        #
#                            -xmsn                                             #
#                            "-IC:\IAR Systems\Embedded Workbench 5.3\8051\CON #
#                            FIG\"                                             #
#                            -f lnk51ew_cc2530b.xcl (-D_IDATA_END=0xFF         #
#                            -D_PDATA_START=0x1E00 -D_PDATA_END=0x1EFF         #
#                            -D_IXDATA_START=0x0001 -D_IXDATA_END=0x1EFF       #
#                            -D_XDATA_START=_IXDATA_START                      #
#                            -D_XDATA_END=_IXDATA_END -D_CODE_START=0x0000     #
#                            -D_CODE_END=0x7FFF -D_FIRST_BANK_ADDR=0x10000     #
#                            -M(CODE)[(_CODEBANK_START+_FIRST_BANK_ADDR)-(_COD #
#                            EBANK_END+_FIRST_BANK_ADDR)]*_NR_OF_BANKS+0x10000 #
#                            =0x8000                                           #
#                            -ww69=i -D_NEAR_CODE_END=_CODE_END                #
#                            -D?REGISTER_BANK=0 -D_REGISTER_BANK_START=0       #
#                            -D?PBANK_NUMBER=0x1E -D?PBANK=0x93                #
#                            -D_BREG_START=0x00 -D?VB=0x20                     #
#                            -D_FAR_DATA_NR_OF_BANKS=0x0E                      #
#                            -D_FAR_DATA_START=0x010001                        #
#                            -D_FAR_DATA_END=0xFFFFFF                          #
#                            -D_FAR_CODE_START=_CODE_START                     #
#                            -D_FAR_CODE_END=_CODE_END -f lnk_base.xcl         #
#                            (-Z(BIT)BREG=_BREG_START -Z(BIT)BIT_N=0-7F        #
#                            -Z(DATA)REGISTERS+8=_REGISTER_BANK_START          #
#                            -Z(DATA)BDATA_Z,BDATA_N,BDATA_I=20-2F             #
#                            -Z(DATA)VREG+_NR_OF_VIRTUAL_REGISTERS=08-7F       #
#                            -Z(DATA)PSP,XSP=08-7F -Z(DATA)DOVERLAY=08-7F      #
#                            -Z(DATA)DATA_I,DATA_Z,DATA_N=08-7F                #
#                            -U(IDATA)0-7F=(DATA)0-7F                          #
#                            -Z(IDATA)IDATA_I,IDATA_Z,IDATA_N=08-_IDATA_END    #
#                            -Z(IDATA)ISTACK+_IDATA_STACK_SIZE#08-_IDATA_END   #
#                            -Z(IDATA)IOVERLAY=08-FF -Z(CODE)INTVEC=0          #
#                            -Z(CODE)CSTART=_CODE_START-_CODE_END              #
#                            -Z(CODE)BIT_ID,BDATA_ID,DATA_ID,IDATA_ID,IXDATA_I #
#                            D,PDATA_ID,XDATA_ID=_CODE_START-_CODE_END         #
#                            -Z(CODE)HUGE_ID=_FAR_CODE_START-_FAR_CODE_END     #
#                            -Z(CODE)BANK_RELAYS,RCODE,DIFUNCT,CODE_C,CODE_N,N #
#                            EAR_CODE=_CODE_START-_CODE_END                    #
#                            -P(CODE)BANKED_CODE=_CODE_START-_CODE_END,[(_CODE #
#                            BANK_START+_FIRST_BANK_ADDR)-(_CODEBANK_END+_FIRS #
#                            T_BANK_ADDR)]*_NR_OF_BANKS+10000                  #
#                            -P(CODE)FAR_CODE_C,FAR_CODE_N,FAR_CODE=[_FAR_CODE #
#                            _START-_FAR_CODE_END]/10000                       #
#                            -P(CODE)HUGE_CODE_C=_FAR_CODE_START-_FAR_CODE_END #
#                            -Z(CODE)CHECKSUM#_CODE_END                        #
#                            -Z(XDATA)EXT_STACK+_EXTENDED_STACK_SIZE=_EXTENDED #
#                            _STACK_START                                      #
#                            -Z(XDATA)PSTACK+_PDATA_STACK_SIZE=_PDATA_START-_P #
#                            DATA_END                                          #
#                            -Z(XDATA)XSTACK+_XDATA_STACK_SIZE=_XDATA_START-_X #
#                            DATA_END                                          #
#                            -Z(XDATA)PDATA_Z,PDATA_I=_PDATA_START-_PDATA_END  #
#                            -P(XDATA)PDATA_N=_PDATA_START-_PDATA_END          #
#                            -Z(XDATA)IXDATA_Z,IXDATA_I=_IXDATA_START-_IXDATA_ #
#                            END                                               #
#                            -P(XDATA)IXDATA_N=_IXDATA_START-_IXDATA_END       #
#                            -Z(XDATA)XDATA_Z,XDATA_I=_XDATA_START-_XDATA_END  #
#                            -P(XDATA)XDATA_N=_XDATA_START-_XDATA_END          #
#                            -Z(XDATA)XDATA_HEAP+_XDATA_HEAP_SIZE=_XDATA_START #
#                            -_XDATA_END                                       #
#                            -Z(CONST)XDATA_ROM_C=_XDATA_START-_XDATA_END      #
#                            -Z(XDATA)FAR_Z=[_FAR_DATA_START-_FAR_DATA_END]/10 #
#                            000                                               #
#                            -Z(XDATA)FAR_I=[_FAR_DATA_START-_FAR_DATA_END]/10 #
#                            000                                               #
#                            -Z(CODE)FAR_ID=[_FAR_CODE_START-_FAR_CODE_END]/10 #
#                            000                                               #
#                            -Z(XDATA)FAR_HEAP+_FAR_HEAP_SIZE=[_FAR_DATA_START #
#                            -_FAR_DATA_END]/10000                             #
#                            -P(XDATA)FAR_N=[_FAR_DATA_START-_FAR_DATA_END]*_F #
#                            AR_DATA_NR_OF_BANKS+10000                         #
#                            -P(CONST)FAR_ROM_C=[_FAR_DATA_START-_FAR_DATA_END #
#                            ]*_FAR_DATA_NR_OF_BANKS+10000                     #
#                            -Z(XDATA)HUGE_Z,HUGE_I=_FAR_DATA_START-_FAR_DATA_ #
#                            END                                               #
#                            -P(XDATA)HUGE_N=_FAR_DATA_START-_FAR_DATA_END     #
#                            -Z(XDATA)HUGE_HEAP+_HUGE_HEAP_SIZE=_FAR_DATA_STAR #
#                            T-_FAR_DATA_END                                   #
#                            -Z(CONST)HUGE_ROM_C=_FAR_DATA_START-_FAR_DATA_END #
#                            -cx51) -D_BANK0_START=0x00000                     #
#                            -D_BANK0_END=0x07FFF -D_BANK1_START=0x18000       #
#                            -D_BANK1_END=0x1FFFF -D_BANK2_START=0x28000       #
#                            -D_BANK2_END=0x2FFFF -D_BANK3_START=0x38000       #
#                            -D_BANK3_END=0x3FFFF -D_BANK4_START=0x48000       #
#                            -D_BANK4_END=0x4FFFF -D_BANK5_START=0x58000       #
#                            -D_BANK5_END=0x5FFFF -D_BANK6_START=0x68000       #
#                            -D_BANK6_END=0x6FFFF -D_BANK7_START=0x78000       #
#                            -D_BANK7_END=0x7FFFF                              #
#                            -P(CODE)BANK0=_BANK0_START-_BANK0_END             #
#                            -P(CODE)BANK1=_BANK1_START-_BANK1_END             #
#                            -P(CODE)BANK2=_BANK2_START-_BANK2_END             #
#                            -P(CODE)BANK3=_BANK3_START-_BANK3_END             #
#                            -P(CODE)BANK4=_BANK4_START-_BANK4_END             #
#                            -P(CODE)BANK5=_BANK5_START-_BANK5_END             #
#                            -P(CODE)BANK6=_BANK6_START-_BANK6_END             #
#                            -P(CODE)BANK7=_BANK7_START-_BANK7_END             #
#                            -D_FLASH_LOCK_BITS_START=((_NR_OF_BANKS*_FIRST_BA #
#                            NK_ADDR)+0xFFF0)                                  #
#                            -D_FLASH_LOCK_BITS_END=((_NR_OF_BANKS*_FIRST_BANK #
#                            _ADDR)+0xFFFF)                                    #
#                            -Z(CODE)FLASH_LOCK_BITS=_FLASH_LOCK_BITS_START-_F #
#                            LASH_LOCK_BITS_END                                #
#                            -U(CODE)0x0000=(CODE)_FLASH_LOCK_BITS_START-_FLAS #
#                            H_LOCK_BITS_END)                                  #
#                            -D_NR_OF_VIRTUAL_REGISTERS=8 -e?BCALL_07=?BCALL   #
#                            -e?BRET_07=?BRET -e?BDISPATCH_07=?BDISPATCH       #
#                            -e_medium_write=_formatted_write                  #
#                            -e_medium_read=_formatted_read -rt                #
#                            "-Ointel-extended=D:\程式開發\TI CC2530 example\C #
#                            C2530_ex_v4\CC2530_ex\mcu-kit1\ex_M430\Debug\Exe\ #
#                            M430.hex"                                         #
#                            -s __program_start                                #
#                            "C:\IAR Systems\Embedded Workbench 5.3\8051\LIB\C #
#                            LIB\cl-pli-blxd-1e16x01.r51"                      #
#                            -D_IDATA_STACK_SIZE=0x40                          #
#                            -D_EXTENDED_STACK_START=0x00                      #
#                            -D_EXTENDED_STACK_SIZE=0x00                       #
#                            -D_PDATA_STACK_SIZE=0x80                          #
#                            -D_XDATA_STACK_SIZE=0xEFF                         #
#                            -D_XDATA_HEAP_SIZE=0xFF -D_FAR_HEAP_SIZE=0xFFF    #
#                            -D_HUGE_HEAP_SIZE=0xFFF                           #
#                                                                              #
#                           Copyright (C) 1987-2009 IAR Systems AB.            #
################################################################################





                ****************************************
                *                                      *
                *           CROSS REFERENCE            *
                *                                      *
                ****************************************

       Program entry at : CODE      000000E3  Relocatable, from module : CSTARTUP




                ****************************************
                *                                      *
                *            RUNTIME MODEL             *
                *                                      *
                ****************************************

  __calling_convention     = xdata_reentrant
  __code_model             = banked
  __core                   = plain
  __data_model             = large
  __dptr_size              = 16
  __extended_stack         = disabled
  __location_for_constants = data
  __number_of_dptrs        = 1
  __rt_version             = 1



                ****************************************
                *                                      *
                *              MODULE MAP              *
                *                                      *
                ****************************************


  DEFINED ABSOLUTE ENTRIES
    *************************************************************************

  DEFINED ABSOLUTE ENTRIES
  PROGRAM MODULE, NAME : ?ABS_ENTRY_MOD

Absolute parts
           ENTRY                   ADDRESS         REF BY
           =====                   =======         ======
           _HUGE_HEAP_SIZE         00000FFF 
           _FAR_HEAP_SIZE          00000FFF 
           _XDATA_HEAP_SIZE        000000FF 
           _XDATA_STACK_SIZE       00000EFF 
           _PDATA_STACK_SIZE       00000080 
           _EXTENDED_STACK_SIZE    00000000 
           _EXTENDED_STACK_START   00000000 
           _IDATA_STACK_SIZE       00000040 
           _NR_OF_VIRTUAL_REGISTERS
                                   00000008 
           _FLASH_LOCK_BITS_END    0003FFFF 
           _FLASH_LOCK_BITS_START
                                   0003FFF0 
           _BANK7_END              0003FFFF 
           _BANK7_START            00038000 
           _BANK6_END              00037FFF 
           _BANK6_START            00030000 
           _BANK5_END              0002FFFF 
           _BANK5_START            00028000 
           _BANK4_END              00027FFF 
           _BANK4_START            00020000 
           _BANK3_END              0001FFFF 
           _BANK3_START            00018000 
           _BANK2_END              00017FFF 
           _BANK2_START            00010000 
           _BANK1_END              0000FFFF 
           _BANK1_START            00008000 
           _BANK0_END              00007FFF 
           _BANK0_START            00000000 
           _FAR_CODE_END           00007FFF 
           _FAR_CODE_START         00000000 
           _FAR_DATA_END           00FFFFFF 
           _FAR_DATA_START         00010001 
           _FAR_DATA_NR_OF_BANKS   0000000E 
           ?VB                     00000020        ?BANKED_ENTER_XDATA (?BANKED_ENTER_XDATA)
                                                   ?BANKED_LEAVE_XDATA (?BANKED_LEAVE_XDATA)
                                                   ?INTERRUPT_ENTER_XSP (?INTERRUPT_ENTER_XSP)
                                                   ?INTERRUPT_LEAVE_XSP (?INTERRUPT_LEAVE_XSP)
           _BREG_START             00000000 
           ?PBANK                  00000093 
           ?PBANK_NUMBER           0000001E 
           _REGISTER_BANK_START    00000000 
           ?REGISTER_BANK          00000000        Segment part 6 (CSTARTUP)
           _NEAR_CODE_END          00007FFF 
           _FIRST_BANK_ADDR        00010000 
           _CODE_END               00007FFF 
           _CODE_START             00000000 
           _XDATA_END              00001EFF 
           _XDATA_START            00000001 
           _IXDATA_END             00001EFF 
           _IXDATA_START           00000001 
           _PDATA_END              00001EFF 
           _PDATA_START            00001E00 
           _IDATA_END              000000FF 
           ?CBANK                  0000009F        ?RESET_CODE_BANK (CSTARTUP)
                                                   Segment part 3 (?BANKED_CODE_SUPPORT)
           ?CBANK_MASK             00000007 
           _CODEBANK_START         00008000 
           _CODEBANK_END           0000FFFF 
           _NR_OF_BANKS            00000007 
    *************************************************************************

  FILE NAME : D:\程式開發\TI CC2530 example\CC2530_ex_v4\CC2530_ex\mcu-kit1\ex_M430\Debug\Obj\M430.r51
  PROGRAM MODULE, NAME : M430

  SEGMENTS IN THE MODULE
  ======================
SFR_AN
  Relative segment, address: DATA 000000B8 - 000000B8 (0x1 bytes), align: 0
  Segment part 1. ROOT.       Intra module refs:   TIMER4_Init
                                                   TIMER4_On
                                                   halBuzzer (hal_buzzer)
                                                   halBuzzerInit (hal_buzzer)
           ENTRY                   ADDRESS         REF BY
           =====                   =======         ======
           _A_IEN1                 000000B8 
    -------------------------------------------------------------------------
SFR_AN
  Relative segment, address: DATA 000000EB - 000000EB (0x1 bytes), align: 0
  Segment part 2. ROOT.       Intra module refs:   TIMER4_Init
                                                   TIMER4_On
           ENTRY                   ADDRESS         REF BY
           =====                   =======         ======
           T4CTL                   000000EB 
    -------------------------------------------------------------------------
SFR_AN
  Relative segment, address: DATA 000000F3 - 000000F3 (0x1 bytes), align: 0
  Segment part 3. ROOT.       Intra module refs:   M430_Init
                                                   halBoardInit (hal_board)
                                                   halUartInit (hal_uart)
           ENTRY                   ADDRESS         REF BY
           =====                   =======         ======
           P0SEL                   000000F3 
    -------------------------------------------------------------------------
XDATA_Z
  Relative segment, address: XDATA 00000F00 - 00000F01 (0x2 bytes), align: 0
  Segment part 10.            Intra module refs:   T4_ISR
           ENTRY                   ADDRESS         REF BY
           =====                   =======         ======
           M430_Count              00000F00        main (ex)
    -------------------------------------------------------------------------
NEAR_CODE
  Relative segment, address: CODE 000006D2 - 000006EE (0x1d bytes), align: 0
  Segment part 11.            Intra module refs:   T4_ISR::??INTVEC 99
           ENTRY                   ADDRESS         REF BY
           =====                   =======         ======
           T4_ISR                  000006D2 
               interrupt function
               ISTACK = 00000000 ( 00000004 )
    -------------------------------------------------------------------------
<BANKED_CODE> 1 (was BANKED_CODE)
  Relative segment, address: CODE 00001207 - 0000120C (0x6 bytes), align: 0
  Segment part 12.            Intra module refs:   M430_Init::?relay
           ENTRY                   ADDRESS         REF BY
           =====                   =======         ======
           M430_Init               00001207 
    -------------------------------------------------------------------------
<BANKED_CODE> 1 (was BANKED_CODE)
  Relative segment, address: CODE 0000120D - 0000121F (0x13 bytes), align: 0
  Segment part 14.            Intra module refs:   M430_GetValue::?relay
           ENTRY                   ADDRESS         REF BY
           =====                   =======         ======
           M430_GetValue           0000120D 
               calls direct
               XSTACK = 00000000 ( 0000000A )
    -------------------------------------------------------------------------
<BANKED_CODE> 1 (was BANKED_CODE)
  Relative segment, address: CODE 00001220 - 00001224 (0x5 bytes), align: 0
  Segment part 16.            Intra module refs:   TIMER4_Init::?relay
           ENTRY                   ADDRESS         REF BY
           =====                   =======         ======
           TIMER4_Init             00001220 
    -------------------------------------------------------------------------
<BANKED_CODE> 1 (was BANKED_CODE)
  Relative segment, address: CODE 00001225 - 0000122C (0x8 bytes), align: 0
  Segment part 18.            Intra module refs:   TIMER4_Init
           LOCAL                   ADDRESS         
           =====                   =======         
           ?Subroutine0            00001225 
    -------------------------------------------------------------------------
<BANKED_CODE> 1 (was BANKED_CODE)
  Relative segment, address: CODE 0000122D - 00001234 (0x8 bytes), align: 0
  Segment part 19.            Intra module refs:   TIMER4_On::?relay
           ENTRY                   ADDRESS         REF BY
           =====                   =======         ======
           TIMER4_On               0000122D 
    -------------------------------------------------------------------------
INTVEC
  Common segment, address: CODE 00000000 - 00000065 (0x66 bytes), align: 0
  Segment part 4. ROOT.
           ENTRY                   ADDRESS         REF BY
           =====                   =======         ======
           T4_ISR::??INTVEC 99     00000063 
    -------------------------------------------------------------------------
BANK_RELAYS
  Relative segment, address: CODE 000001D0 - 000001D5 (0x6 bytes), align: 0
  Segment part 13.
           ENTRY                   ADDRESS         REF BY
           =====                   =======         ======
           M430_Init::?relay       000001D0        main (ex)
    -------------------------------------------------------------------------
BANK_RELAYS
  Relative segment, address: CODE 000001D6 - 000001DB (0x6 bytes), align: 0
  Segment part 15.
           ENTRY                   ADDRESS         REF BY
           =====                   =======         ======
           M430_GetValue::?relay   000001D6        main (ex)
    -------------------------------------------------------------------------
BANK_RELAYS
  Relative segment, address: CODE 000001DC - 000001E1 (0x6 bytes), align: 0
  Segment part 17.
           ENTRY                   ADDRESS         REF BY
           =====                   =======         ======
           TIMER4_Init::?relay     000001DC        main (ex)
    -------------------------------------------------------------------------
BANK_RELAYS
  Relative segment, address: CODE 000001E2 - 000001E7 (0x6 bytes), align: 0
  Segment part 20.
           ENTRY                   ADDRESS         REF BY
           =====                   =======         ======
           TIMER4_On::?relay       000001E2        main (ex)

    *************************************************************************

  FILE NAME : D:\程式開發\TI CC2530 example\CC2530_ex_v4\CC2530_ex\mcu-kit1\ex_M430\Debug\Obj\basic_rf.r51
  PROGRAM MODULE, NAME : basic_rf

  SEGMENTS IN THE MODULE
  ======================
XDATA_I
  Relative segment, address: XDATA 00001051 - 00001054 (0x4 bytes), align: 0
  Segment part 12.            Intra module refs:   convInt32ToText (util)
           ENTRY                   ADDRESS         REF BY
           =====                   =======         ======
           __Constant_0            00001051 
    -------------------------------------------------------------------------
XDATA_ID
  Relative segment, address: CODE 0000013A - 0000013D (0x4 bytes), align: 0
  Segment part 13.            Intra module refs:   __Constant_0

    *************************************************************************

  FILE NAME : D:\程式開發\TI CC2530 example\CC2530_ex_v4\CC2530_ex\mcu-kit1\ex_M430\Debug\Obj\basic_rf_security.r51
    *************************************************************************

  FILE NAME : D:\程式開發\TI CC2530 example\CC2530_ex_v4\CC2530_ex\mcu-kit1\ex_M430\Debug\Obj\ex.r51
  PROGRAM MODULE, NAME : ex

  SEGMENTS IN THE MODULE
  ======================
<BANKED_CODE> 1 (was BANKED_CODE)
  Relative segment, address: CODE 00000CD1 - 00000DD2 (0x102 bytes), align: 0
  Segment part 12.
           ENTRY                   ADDRESS         REF BY
           =====                   =======         ======
           main                    00000CD1        ?call_main (?cmain)
               calls direct
    -------------------------------------------------------------------------
XDATA_ID
  Relative segment, address: CODE 0000013E - 0000014E (0x11 bytes), align: 0
  Segment part 7.             Intra module refs:   Segment part 6
    -------------------------------------------------------------------------
XDATA_ID
  Relative segment, address: CODE 0000014F - 0000015F (0x11 bytes), align: 0
  Segment part 9.             Intra module refs:   Segment part 8
    -------------------------------------------------------------------------
XDATA_ID
  Relative segment, address: CODE 00000160 - 00000170 (0x11 bytes), align: 0
  Segment part 11.            Intra module refs:   Segment part 10
    -------------------------------------------------------------------------
XDATA_I
  Relative segment, address: XDATA 00001055 - 00001065 (0x11 bytes), align: 0
  Segment part 6.             Intra module refs:   main
    -------------------------------------------------------------------------
XDATA_I
  Relative segment, address: XDATA 00001066 - 00001076 (0x11 bytes), align: 0
  Segment part 8.             Intra module refs:   main
    -------------------------------------------------------------------------
XDATA_I
  Relative segment, address: XDATA 00001077 - 00001087 (0x11 bytes), align: 0
  Segment part 10.            Intra module refs:   main

    *************************************************************************

  FILE NAME : D:\程式開發\TI CC2530 example\CC2530_ex_v4\CC2530_ex\mcu-kit1\ex_M430\Debug\Obj\hal_adc.r51
  PROGRAM MODULE, NAME : hal_adc

  SEGMENTS IN THE MODULE
  ======================
SFR_AN
  Relative segment, address: DATA 00000088 - 00000088 (0x1 bytes), align: 0
  Segment part 1. ROOT.       Intra module refs:   adcSampleSingle
           ENTRY                   ADDRESS         REF BY
           =====                   =======         ======
           _A_TCON                 00000088 
    -------------------------------------------------------------------------
SFR_AN
  Relative segment, address: DATA 000000B6 - 000000B6 (0x1 bytes), align: 0
  Segment part 2. ROOT.       Intra module refs:   adcSampleSingle
           ENTRY                   ADDRESS         REF BY
           =====                   =======         ======
           ADCCON3                 000000B6 
    -------------------------------------------------------------------------
SFR_AN
  Relative segment, address: DATA 000000BA - 000000BA (0x1 bytes), align: 0
  Segment part 3. ROOT.       Intra module refs:   adcSampleSingle
           ENTRY                   ADDRESS         REF BY
           =====                   =======         ======
           ADCL                    000000BA 
    -------------------------------------------------------------------------
SFR_AN
  Relative segment, address: DATA 000000BB - 000000BB (0x1 bytes), align: 0
  Segment part 4. ROOT.       Intra module refs:   adcSampleSingle
           ENTRY                   ADDRESS         REF BY
           =====                   =======         ======
           ADCH                    000000BB 
    -------------------------------------------------------------------------
SFR_AN
  Relative segment, address: DATA 000000F2 - 000000F2 (0x1 bytes), align: 0
  Segment part 5. ROOT.       Intra module refs:   adcSampleSingle
                                                   halUartInit (hal_uart)
           ENTRY                   ADDRESS         REF BY
           =====                   =======         ======
           ADCCFG                  000000F2 
    -------------------------------------------------------------------------
<BANKED_CODE> 1 (was BANKED_CODE)
  Relative segment, address: CODE 0000118C - 000011D0 (0x45 bytes), align: 0
  Segment part 11.            Intra module refs:   adcSampleSingle::?relay
           ENTRY                   ADDRESS         REF BY
           =====                   =======         ======
           adcSampleSingle         0000118C 
               ISTACK = 00000000 ( 00000002 )
    -------------------------------------------------------------------------
BANK_RELAYS
  Relative segment, address: CODE 000001E8 - 000001ED (0x6 bytes), align: 0
  Segment part 12.
           ENTRY                   ADDRESS         REF BY
           =====                   =======         ======
           adcSampleSingle::?relay
                                   000001E8        M430_GetValue (M430)

    *************************************************************************

  FILE NAME : D:\程式開發\TI CC2530 example\CC2530_ex_v4\CC2530_ex\mcu-kit1\ex_M430\Debug\Obj\hal_board.r51
  PROGRAM MODULE, NAME : hal_board

  SEGMENTS IN THE MODULE
  ======================
SFR_AN
  Relative segment, address: DATA 00000080 - 00000080 (0x1 bytes), align: 0
  Segment part 1. ROOT.       Intra module refs:   T1_ISR (hal_buzzer)
                                                   halBoardInit
                                                   halBuzzer (hal_buzzer)
                                                   lcdControl (hal_lcd)
                                                   lcdWrite (hal_lcd)
           ENTRY                   ADDRESS         REF BY
           =====                   =======         ======
           _A_P0                   00000080 
    -------------------------------------------------------------------------
SFR_AN
  Relative segment, address: DATA 00000090 - 00000090 (0x1 bytes), align: 0
  Segment part 2. ROOT.       Intra module refs:   halBoardInit
                                                   halLedSet (hal_led)
                                                   lcdControl (hal_lcd)
                                                   lcdWrite (hal_lcd)
           ENTRY                   ADDRESS         REF BY
           =====                   =======         ======
           _A_P1                   00000090 
    -------------------------------------------------------------------------
SFR_AN
  Relative segment, address: DATA 000000A0 - 000000A0 (0x1 bytes), align: 0
  Segment part 3. ROOT.       Intra module refs:   halBoardInit
                                                   halKeypadI2cAck (hal_keypad)
                                                   halKeypadI2cStart (hal_keypad)
                                                   halKeypadI2cStop (hal_keypad)
                                                   halKeypadI2cWrite (hal_keypad)
                                                   halLcdInit (hal_lcd)
                                                   lcdControl (hal_lcd)
                                                   lcdWrite (hal_lcd)
           ENTRY                   ADDRESS         REF BY
           =====                   =======         ======
           _A_P2                   000000A0 
    -------------------------------------------------------------------------
SFR_AN
  Relative segment, address: DATA 000000F4 - 000000F4 (0x1 bytes), align: 0
  Segment part 5. ROOT.       Intra module refs:   halBoardInit
           ENTRY                   ADDRESS         REF BY
           =====                   =======         ======
           P1SEL                   000000F4 
    -------------------------------------------------------------------------
SFR_AN
  Relative segment, address: DATA 000000F5 - 000000F5 (0x1 bytes), align: 0
  Segment part 6. ROOT.       Intra module refs:   halBoardInit
           ENTRY                   ADDRESS         REF BY
           =====                   =======         ======
           P2SEL                   000000F5 
    -------------------------------------------------------------------------
SFR_AN
  Relative segment, address: DATA 000000F7 - 000000F7 (0x1 bytes), align: 0
  Segment part 7. ROOT.       Intra module refs:   halBoardInit
           ENTRY                   ADDRESS         REF BY
           =====                   =======         ======
           P2INP                   000000F7 
    -------------------------------------------------------------------------
SFR_AN
  Relative segment, address: DATA 000000FD - 000000FD (0x1 bytes), align: 0
  Segment part 8. ROOT.       Intra module refs:   halBoardInit
                                                   halLcdInit (hal_lcd)
                                                   lcdControl (hal_lcd)
                                                   lcdWrite (hal_lcd)
           ENTRY                   ADDRESS         REF BY
           =====                   =======         ======
           P0DIR                   000000FD 
    -------------------------------------------------------------------------
SFR_AN
  Relative segment, address: DATA 000000FE - 000000FE (0x1 bytes), align: 0
  Segment part 9. ROOT.       Intra module refs:   halBoardInit
           ENTRY                   ADDRESS         REF BY
           =====                   =======         ======
           P1DIR                   000000FE 
    -------------------------------------------------------------------------
SFR_AN
  Relative segment, address: DATA 000000FF - 000000FF (0x1 bytes), align: 0
  Segment part 10. ROOT.      Intra module refs:   halBoardInit
           ENTRY                   ADDRESS         REF BY
           =====                   =======         ======
           P2DIR                   000000FF 
    -------------------------------------------------------------------------
XDATA_Z
  Relative segment, address: XDATA 00000F02 - 00000F02 (0x1 bytes), align: 0
  Segment part 18.            Intra module refs:   halBoardInit
           ENTRY                   ADDRESS         REF BY
           =====                   =======         ======
           pLedData                00000F02        ?Subroutine0 (hal_led)
                                                   ?Subroutine2 (hal_lcd)
                                                   halLedSet (hal_led)
    -------------------------------------------------------------------------
<BANKED_CODE> 1 (was BANKED_CODE)
  Relative segment, address: CODE 00001082 - 000010E4 (0x63 bytes), align: 0
  Segment part 19.            Intra module refs:   halBoardInit::?relay
           ENTRY                   ADDRESS         REF BY
           =====                   =======         ======
           halBoardInit            00001082 
               calls direct
               ISTACK = 00000000 ( 00000002 )
    -------------------------------------------------------------------------
BANK_RELAYS
  Relative segment, address: CODE 000001EE - 000001F3 (0x6 bytes), align: 0
  Segment part 20.
           ENTRY                   ADDRESS         REF BY
           =====                   =======         ======
           halBoardInit::?relay    000001EE        main (ex)

    *************************************************************************

  FILE NAME : D:\程式開發\TI CC2530 example\CC2530_ex_v4\CC2530_ex\mcu-kit1\ex_M430\Debug\Obj\hal_buzzer.r51
  PROGRAM MODULE, NAME : hal_buzzer

  SEGMENTS IN THE MODULE
  ======================
SFR_AN
  Relative segment, address: DATA 000000DA - 000000DA (0x1 bytes), align: 0
  Segment part 3. ROOT.       Intra module refs:   halBuzzerInit
           ENTRY                   ADDRESS         REF BY
           =====                   =======         ======
           T1CC0L                  000000DA 
    -------------------------------------------------------------------------
SFR_AN
  Relative segment, address: DATA 000000DB - 000000DB (0x1 bytes), align: 0
  Segment part 4. ROOT.       Intra module refs:   halBuzzerInit
           ENTRY                   ADDRESS         REF BY
           =====                   =======         ======
           T1CC0H                  000000DB 
    -------------------------------------------------------------------------
SFR_AN
  Relative segment, address: DATA 000000E2 - 000000E2 (0x1 bytes), align: 0
  Segment part 5. ROOT.       Intra module refs:   halBuzzer
           ENTRY                   ADDRESS         REF BY
           =====                   =======         ======
           T1CNTL                  000000E2 
    -------------------------------------------------------------------------
SFR_AN
  Relative segment, address: DATA 000000E4 - 000000E4 (0x1 bytes), align: 0
  Segment part 6. ROOT.       Intra module refs:   halBuzzer
                                                   halBuzzerInit
           ENTRY                   ADDRESS         REF BY
           =====                   =======         ======
           T1CTL                   000000E4 
    -------------------------------------------------------------------------
SFR_AN
  Relative segment, address: DATA 000000E5 - 000000E5 (0x1 bytes), align: 0
  Segment part 7. ROOT.       Intra module refs:   halBuzzerInit
           ENTRY                   ADDRESS         REF BY
           =====                   =======         ======
           T1CCTL0                 000000E5 
    -------------------------------------------------------------------------
<BANKED_CODE> 1 (was BANKED_CODE)
  Relative segment, address: CODE 000010E5 - 00001121 (0x3d bytes), align: 0
  Segment part 14.            Intra module refs:   halBuzzerInit::?relay
           ENTRY                   ADDRESS         REF BY
           =====                   =======         ======
           halBuzzerInit           000010E5 
               XSTACK = 00000000 ( 00000010 )
    -------------------------------------------------------------------------
<BANKED_CODE> 1 (was BANKED_CODE)
  Relative segment, address: CODE 00001122 - 00001126 (0x5 bytes), align: 0
  Segment part 16.            Intra module refs:   halBuzzerInit
           LOCAL                   ADDRESS         
           =====                   =======         
           ?Subroutine0            00001122 
    -------------------------------------------------------------------------
<BANKED_CODE> 1 (was BANKED_CODE)
  Relative segment, address: CODE 00001127 - 00001143 (0x1d bytes), align: 0
  Segment part 21.            Intra module refs:   halBuzzer::?relay
           ENTRY                   ADDRESS         REF BY
           =====                   =======         ======
           halBuzzer               00001127 
               calls direct
               ISTACK = 00000000 ( 00000002 )
    -------------------------------------------------------------------------
NEAR_CODE
  Relative segment, address: CODE 000006EF - 000006F8 (0xa bytes), align: 0
  Segment part 23.            Intra module refs:   T1_ISR::??INTVEC 75
           ENTRY                   ADDRESS         REF BY
           =====                   =======         ======
           T1_ISR                  000006EF 
               interrupt function
               ISTACK = 00000000 ( 00000002 )
    -------------------------------------------------------------------------
INTVEC
  Common segment, address: CODE 00000000 - 0000004D (0x4e bytes), align: 0
  Segment part 8. ROOT.
           ENTRY                   ADDRESS         REF BY
           =====                   =======         ======
           T1_ISR::??INTVEC 75     0000004B 
    -------------------------------------------------------------------------
BANK_RELAYS
  Relative segment, address: CODE 000001F4 - 000001F9 (0x6 bytes), align: 0
  Segment part 15.
           ENTRY                   ADDRESS         REF BY
           =====                   =======         ======
           halBuzzerInit::?relay   000001F4        halBoardInit (hal_board)
    -------------------------------------------------------------------------
BANK_RELAYS
  Relative segment, address: CODE 000001FA - 000001FF (0x6 bytes), align: 0
  Segment part 22.
           ENTRY                   ADDRESS         REF BY
           =====                   =======         ======
           halBuzzer::?relay       000001FA        main (ex)

    *************************************************************************

  FILE NAME : D:\程式開發\TI CC2530 example\CC2530_ex_v4\CC2530_ex\mcu-kit1\ex_M430\Debug\Obj\hal_clock.r51
  PROGRAM MODULE, NAME : hal_clock

  SEGMENTS IN THE MODULE
  ======================
SFR_AN
  Relative segment, address: DATA 0000009D - 0000009D (0x1 bytes), align: 0
  Segment part 1. ROOT.       Intra module refs:   clockSetMainSrc
           ENTRY                   ADDRESS         REF BY
           =====                   =======         ======
           SLEEPSTA                0000009D 
    -------------------------------------------------------------------------
SFR_AN
  Relative segment, address: DATA 0000009E - 0000009E (0x1 bytes), align: 0
  Segment part 2. ROOT.       Intra module refs:   clockSetMainSrc
           ENTRY                   ADDRESS         REF BY
           =====                   =======         ======
           CLKCONSTA               0000009E 
    -------------------------------------------------------------------------
SFR_AN
  Relative segment, address: DATA 000000BE - 000000BE (0x1 bytes), align: 0
  Segment part 3. ROOT.       Intra module refs:   clockSetMainSrc
           ENTRY                   ADDRESS         REF BY
           =====                   =======         ======
           SLEEPCMD                000000BE 
    -------------------------------------------------------------------------
SFR_AN
  Relative segment, address: DATA 000000C6 - 000000C6 (0x1 bytes), align: 0
  Segment part 4. ROOT.       Intra module refs:   clockSetMainSrc
           ENTRY                   ADDRESS         REF BY
           =====                   =======         ======
           CLKCONCMD               000000C6 
    -------------------------------------------------------------------------
<BANKED_CODE> 1 (was BANKED_CODE)
  Relative segment, address: CODE 000011D1 - 00001206 (0x36 bytes), align: 0
  Segment part 10.            Intra module refs:   clockSetMainSrc::?relay
           ENTRY                   ADDRESS         REF BY
           =====                   =======         ======
           clockSetMainSrc         000011D1 
    -------------------------------------------------------------------------
BANK_RELAYS
  Relative segment, address: CODE 00000200 - 00000205 (0x6 bytes), align: 0
  Segment part 11.
           ENTRY                   ADDRESS         REF BY
           =====                   =======         ======
           clockSetMainSrc::?relay
                                   00000200        halMcuInit (hal_mcu)

    *************************************************************************

  FILE NAME : D:\程式開發\TI CC2530 example\CC2530_ex_v4\CC2530_ex\mcu-kit1\ex_M430\Debug\Obj\hal_digio.r51
  PROGRAM MODULE, NAME : hal_digio

  SEGMENTS IN THE MODULE
  ======================
SFR_AN
  Relative segment, address: DATA 00000089 - 00000089 (0x1 bytes), align: 0
  Segment part 2. ROOT.       Intra module refs:   port0_ISR
           ENTRY                   ADDRESS         REF BY
           =====                   =======         ======
           P0IFG                   00000089 
    -------------------------------------------------------------------------
SFR_AN
  Relative segment, address: DATA 0000008A - 0000008A (0x1 bytes), align: 0
  Segment part 3. ROOT.       Intra module refs:   port1_ISR
           ENTRY                   ADDRESS         REF BY
           =====                   =======         ======
           P1IFG                   0000008A 
    -------------------------------------------------------------------------
SFR_AN
  Relative segment, address: DATA 0000008B - 0000008B (0x1 bytes), align: 0
  Segment part 4. ROOT.       Intra module refs:   port2_ISR
           ENTRY                   ADDRESS         REF BY
           =====                   =======         ======
           P2IFG                   0000008B 
    -------------------------------------------------------------------------
SFR_AN
  Relative segment, address: DATA 0000008C - 0000008C (0x1 bytes), align: 0
  Segment part 5. ROOT.
           ENTRY                   ADDRESS         REF BY
           =====                   =======         ======
           PICTL                   0000008C 
    -------------------------------------------------------------------------
SFR_AN
  Relative segment, address: DATA 0000008D - 0000008D (0x1 bytes), align: 0
  Segment part 6. ROOT.
           ENTRY                   ADDRESS         REF BY
           =====                   =======         ======
           P1IEN                   0000008D 
    -------------------------------------------------------------------------
SFR_AN
  Relative segment, address: DATA 0000009A - 0000009A (0x1 bytes), align: 0
  Segment part 8. ROOT.       Intra module refs:   halUart0TxIsr (hal_uart)
           ENTRY                   ADDRESS         REF BY
           =====                   =======         ======
           IEN2                    0000009A 
    -------------------------------------------------------------------------
SFR_AN
  Relative segment, address: DATA 000000A8 - 000000A8 (0x1 bytes), align: 0
  Segment part 10. ROOT.      Intra module refs:   halIntOn (hal_int)
                                                   halUartInit (hal_uart)
                                                   rfIsr (hal_rf)
           ENTRY                   ADDRESS         REF BY
           =====                   =======         ======
           _A_IEN0                 000000A8 
    -------------------------------------------------------------------------
SFR_AN
  Relative segment, address: DATA 000000AB - 000000AB (0x1 bytes), align: 0
  Segment part 11. ROOT.
           ENTRY                   ADDRESS         REF BY
           =====                   =======         ======
           P0IEN                   000000AB 
    -------------------------------------------------------------------------
SFR_AN
  Relative segment, address: DATA 000000AC - 000000AC (0x1 bytes), align: 0
  Segment part 12. ROOT.
           ENTRY                   ADDRESS         REF BY
           =====                   =======         ======
           P2IEN                   000000AC 
    -------------------------------------------------------------------------
SFR_AN
  Relative segment, address: DATA 000000C0 - 000000C0 (0x1 bytes), align: 0
  Segment part 14. ROOT.      Intra module refs:   port0_ISR
           ENTRY                   ADDRESS         REF BY
           =====                   =======         ======
           _A_IRCON                000000C0 
    -------------------------------------------------------------------------
SFR_AN
  Relative segment, address: DATA 000000E8 - 000000E8 (0x1 bytes), align: 0
  Segment part 15. ROOT.      Intra module refs:   halUart0TxIsr (hal_uart)
                                                   port1_ISR
                                                   port2_ISR
           ENTRY                   ADDRESS         REF BY
           =====                   =======         ======
           _A_IRCON2               000000E8 
    -------------------------------------------------------------------------
XDATA_Z
  Relative segment, address: XDATA 00000F03 - 00000F12 (0x10 bytes), align: 0
  Segment part 30.            Intra module refs:   port0_ISR
           LOCAL                   ADDRESS         
           =====                   =======         
           port0_isr_tbl           00000F03 
    -------------------------------------------------------------------------
XDATA_Z
  Relative segment, address: XDATA 00000F13 - 00000F22 (0x10 bytes), align: 0
  Segment part 31.            Intra module refs:   port1_ISR
           LOCAL                   ADDRESS         
           =====                   =======         
           port1_isr_tbl           00000F13 
    -------------------------------------------------------------------------
XDATA_Z
  Relative segment, address: XDATA 00000F23 - 00000F2C (0xa bytes), align: 0
  Segment part 32.            Intra module refs:   port2_ISR
           LOCAL                   ADDRESS         
           =====                   =======         
           port2_isr_tbl           00000F23 
    -------------------------------------------------------------------------
NEAR_CODE
  Relative segment, address: CODE 000006F9 - 0000074D (0x55 bytes), align: 0
  Segment part 55.            Intra module refs:   port0_ISR::??INTVEC 107
           ENTRY                   ADDRESS         REF BY
           =====                   =======         ======
           port0_ISR               000006F9 
               interrupt function
               ISTACK = 00000000 ( 00000010 )
    -------------------------------------------------------------------------
NEAR_CODE
  Relative segment, address: CODE 0000074E - 00000752 (0x5 bytes), align: 0
  Segment part 56.            Intra module refs:   port0_ISR
                                                   port1_ISR
                                                   port2_ISR
           LOCAL                   ADDRESS         
           =====                   =======         
           ?Subroutine3            0000074E 
    -------------------------------------------------------------------------
NEAR_CODE
  Relative segment, address: CODE 00000753 - 000007A9 (0x57 bytes), align: 0
  Segment part 57.            Intra module refs:   port1_ISR::??INTVEC 123
           ENTRY                   ADDRESS         REF BY
           =====                   =======         ======
           port1_ISR               00000753 
               interrupt function
               ISTACK = 00000000 ( 00000010 )
    -------------------------------------------------------------------------
NEAR_CODE
  Relative segment, address: CODE 000007AA - 000007B4 (0xb bytes), align: 0
  Segment part 58.            Intra module refs:   port0_ISR
                                                   port1_ISR
                                                   port2_ISR
           LOCAL                   ADDRESS         
           =====                   =======         
           ?Subroutine1            000007AA 
    -------------------------------------------------------------------------
NEAR_CODE
  Relative segment, address: CODE 000007B5 - 0000080C (0x58 bytes), align: 0
  Segment part 59.            Intra module refs:   port2_ISR::??INTVEC 51
           ENTRY                   ADDRESS         REF BY
           =====                   =======         ======
           port2_ISR               000007B5 
               interrupt function
               ISTACK = 00000000 ( 00000010 )
    -------------------------------------------------------------------------
INTVEC
  Common segment, address: CODE 00000000 - 00000035 (0x36 bytes), align: 0
  Segment part 22. ROOT.
           ENTRY                   ADDRESS         REF BY
           =====                   =======         ======
           port2_ISR::??INTVEC 51
                                   00000033 
    -------------------------------------------------------------------------
INTVEC
  Common segment, address: CODE 00000000 - 0000006D (0x6e bytes), align: 0
  Segment part 23. ROOT.
           ENTRY                   ADDRESS         REF BY
           =====                   =======         ======
           port0_ISR::??INTVEC 107
                                   0000006B 
    -------------------------------------------------------------------------
INTVEC
  Common segment, address: CODE 00000000 - 0000007D (0x7e bytes), align: 0
  Segment part 24. ROOT.
           ENTRY                   ADDRESS         REF BY
           =====                   =======         ======
           port1_ISR::??INTVEC 123
                                   0000007B 

    *************************************************************************

  FILE NAME : D:\程式開發\TI CC2530 example\CC2530_ex_v4\CC2530_ex\mcu-kit1\ex_M430\Debug\Obj\hal_int.r51
  PROGRAM MODULE, NAME : hal_int

  SEGMENTS IN THE MODULE
  ======================
<BANKED_CODE> 1 (was BANKED_CODE)
  Relative segment, address: CODE 00001254 - 00001258 (0x5 bytes), align: 0
  Segment part 7.             Intra module refs:   halIntOn::?relay
           ENTRY                   ADDRESS         REF BY
           =====                   =======         ======
           halIntOn                00001254 
    -------------------------------------------------------------------------
BANK_RELAYS
  Relative segment, address: CODE 00000206 - 0000020B (0x6 bytes), align: 0
  Segment part 8.
           ENTRY                   ADDRESS         REF BY
           =====                   =======         ======
           halIntOn::?relay        00000206        halBoardInit (hal_board)

    *************************************************************************

  FILE NAME : D:\程式開發\TI CC2530 example\CC2530_ex_v4\CC2530_ex\mcu-kit1\ex_M430\Debug\Obj\hal_keypad.r51
  PROGRAM MODULE, NAME : hal_keypad

  SEGMENTS IN THE MODULE
  ======================
<BANKED_CODE> 1 (was BANKED_CODE)
  Relative segment, address: CODE 00000DD3 - 00000DE8 (0x16 bytes), align: 0
  Segment part 11.            Intra module refs:   halKeypadI2cStart::?relay
           ENTRY                   ADDRESS         REF BY
           =====                   =======         ======
           halKeypadI2cStart       00000DD3 
               calls direct
               XSTACK = 00000009 ( 00000000 )
               ISTACK = 00000000 ( 00000002 )
    -------------------------------------------------------------------------
<BANKED_CODE> 1 (was BANKED_CODE)
  Relative segment, address: CODE 00000DE9 - 00000DEB (0x3 bytes), align: 0
  Segment part 13.            Intra module refs:   halKeypadI2cAck
           LOCAL                   ADDRESS         
           =====                   =======         
           ?Subroutine7            00000DE9 
    -------------------------------------------------------------------------
<BANKED_CODE> 1 (was BANKED_CODE)
  Relative segment, address: CODE 00000DEC - 00000DF2 (0x7 bytes), align: 0
  Segment part 14.            Intra module refs:   ?Subroutine7
                                                   halKeypadI2cStart
                                                   halKeypadI2cStop
                                                   halKeypadInit
    -------------------------------------------------------------------------
<BANKED_CODE> 1 (was BANKED_CODE)
  Relative segment, address: CODE 00000DF3 - 00000E13 (0x21 bytes), align: 0
  Segment part 15.            Intra module refs:   halKeypadI2cStop::?relay
           ENTRY                   ADDRESS         REF BY
           =====                   =======         ======
           halKeypadI2cStop        00000DF3 
               calls direct
               XSTACK = 00000009 ( 00000000 )
               ISTACK = 00000000 ( 00000002 )
    -------------------------------------------------------------------------
<BANKED_CODE> 1 (was BANKED_CODE)
  Relative segment, address: CODE 00000E14 - 00000E1B (0x8 bytes), align: 0
  Segment part 17.            Intra module refs:   halKeypadI2cAck::?relay
           ENTRY                   ADDRESS         REF BY
           =====                   =======         ======
           halKeypadI2cAck         00000E14 
               calls direct
               XSTACK = 00000009 ( 00000000 )
               ISTACK = 00000000 ( 00000002 )
    -------------------------------------------------------------------------
<BANKED_CODE> 1 (was BANKED_CODE)
  Relative segment, address: CODE 00000E1C - 00000E1D (0x2 bytes), align: 0
  Segment part 19.            Intra module refs:   ?Subroutine7
           LOCAL                   ADDRESS         
           =====                   =======         
           ?Subroutine3            00000E1C 
    -------------------------------------------------------------------------
<BANKED_CODE> 1 (was BANKED_CODE)
  Relative segment, address: CODE 00000E1E - 00000E21 (0x4 bytes), align: 0
  Segment part 20.            Intra module refs:   ?Subroutine3
                                                   halKeypadI2cStart
    -------------------------------------------------------------------------
<BANKED_CODE> 1 (was BANKED_CODE)
  Relative segment, address: CODE 00000E22 - 00000E32 (0x11 bytes), align: 0
  Segment part 21.            Intra module refs:   ?Subroutine2
                                                   Segment part 20
           LOCAL                   ADDRESS         
           =====                   =======         
           ?Subroutine6            00000E22 
    -------------------------------------------------------------------------
<BANKED_CODE> 1 (was BANKED_CODE)
  Relative segment, address: CODE 00000E33 - 00000E52 (0x20 bytes), align: 0
  Segment part 24.            Intra module refs:   halKeypadI2cWrite::?relay
           ENTRY                   ADDRESS         REF BY
           =====                   =======         ======
           halKeypadI2cWrite       00000E33 
               calls direct
               XSTACK = 00000009 ( 00000009 )
    -------------------------------------------------------------------------
<BANKED_CODE> 1 (was BANKED_CODE)
  Relative segment, address: CODE 00000E53 - 00000E57 (0x5 bytes), align: 0
  Segment part 27.            Intra module refs:   halKeypadI2cWrite
                                                   halKeypadWriteRegister
    -------------------------------------------------------------------------
<BANKED_CODE> 1 (was BANKED_CODE)
  Relative segment, address: CODE 00000E58 - 00000E5D (0x6 bytes), align: 0
  Segment part 30.            Intra module refs:   halKeypadI2cWrite
           LOCAL                   ADDRESS         
           =====                   =======         
           ?Subroutine2            00000E58 
    -------------------------------------------------------------------------
<BANKED_CODE> 1 (was BANKED_CODE)
  Relative segment, address: CODE 00000E5E - 00000E73 (0x16 bytes), align: 0
  Segment part 31.            Intra module refs:   halKeypadWriteRegister::?relay
           ENTRY                   ADDRESS         REF BY
           =====                   =======         ======
           halKeypadWriteRegister
                                   00000E5E 
               calls direct
               XSTACK = 0000000A ( 00000009 )
    -------------------------------------------------------------------------
<BANKED_CODE> 1 (was BANKED_CODE)
  Relative segment, address: CODE 00000E74 - 00000E86 (0x13 bytes), align: 0
  Segment part 35.            Intra module refs:   halKeypadWriteRegister
           LOCAL                   ADDRESS         
           =====                   =======         
           ?Subroutine0            00000E74 
    -------------------------------------------------------------------------
<BANKED_CODE> 1 (was BANKED_CODE)
  Relative segment, address: CODE 00000E87 - 00000E8A (0x4 bytes), align: 0
  Segment part 38.            Intra module refs:   halKeypadWriteRegister
           LOCAL                   ADDRESS         
           =====                   =======         
           ?Subroutine4            00000E87 
    -------------------------------------------------------------------------
<BANKED_CODE> 1 (was BANKED_CODE)
  Relative segment, address: CODE 00000E8B - 00000E91 (0x7 bytes), align: 0
  Segment part 39.            Intra module refs:   ?Subroutine0
                                                   ?Subroutine4
           LOCAL                   ADDRESS         
           =====                   =======         
           ?Subroutine5            00000E8B 
    -------------------------------------------------------------------------
<BANKED_CODE> 1 (was BANKED_CODE)
  Relative segment, address: CODE 00000E92 - 00000EC9 (0x38 bytes), align: 0
  Segment part 41.            Intra module refs:   halKeypadInit::?relay
           ENTRY                   ADDRESS         REF BY
           =====                   =======         ======
           halKeypadInit           00000E92 
               calls direct
               ISTACK = 00000000 ( 00000002 )
    -------------------------------------------------------------------------
BANK_RELAYS
  Relative segment, address: CODE 0000020C - 00000211 (0x6 bytes), align: 0
  Segment part 12.            Intra module refs:   ?Subroutine0
           ENTRY                   ADDRESS         REF BY
           =====                   =======         ======
           halKeypadI2cStart::?relay
                                   0000020C 
    -------------------------------------------------------------------------
BANK_RELAYS
  Relative segment, address: CODE 00000212 - 00000217 (0x6 bytes), align: 0
  Segment part 16.            Intra module refs:   halKeypadWriteRegister
           ENTRY                   ADDRESS         REF BY
           =====                   =======         ======
           halKeypadI2cStop::?relay
                                   00000212 
    -------------------------------------------------------------------------
BANK_RELAYS
  Relative segment, address: CODE 00000218 - 0000021D (0x6 bytes), align: 0
  Segment part 18.            Intra module refs:   ?Subroutine5
           ENTRY                   ADDRESS         REF BY
           =====                   =======         ======
           halKeypadI2cAck::?relay
                                   00000218 
    -------------------------------------------------------------------------
BANK_RELAYS
  Relative segment, address: CODE 0000021E - 00000223 (0x6 bytes), align: 0
  Segment part 25.            Intra module refs:   ?Subroutine5
           ENTRY                   ADDRESS         REF BY
           =====                   =======         ======
           halKeypadI2cWrite::?relay
                                   0000021E 
    -------------------------------------------------------------------------
BANK_RELAYS
  Relative segment, address: CODE 00000224 - 00000229 (0x6 bytes), align: 0
  Segment part 32.            Intra module refs:   halKeypadInit
           ENTRY                   ADDRESS         REF BY
           =====                   =======         ======
           halKeypadWriteRegister::?relay
                                   00000224 
    -------------------------------------------------------------------------
BANK_RELAYS
  Relative segment, address: CODE 0000022A - 0000022F (0x6 bytes), align: 0
  Segment part 42.
           ENTRY                   ADDRESS         REF BY
           =====                   =======         ======
           halKeypadInit::?relay   0000022A        halBoardInit (hal_board)

    *************************************************************************

  FILE NAME : D:\程式開發\TI CC2530 example\CC2530_ex_v4\CC2530_ex\mcu-kit1\ex_M430\Debug\Obj\hal_lcd.r51
  PROGRAM MODULE, NAME : hal_lcd

  SEGMENTS IN THE MODULE
  ======================
XDATA_Z
  Relative segment, address: XDATA 00000F2D - 00000F3C (0x10 bytes), align: 0
  Segment part 10.            Intra module refs:   ?Subroutine13
                                                   halLcdWriteLine
           LOCAL                   ADDRESS         
           =====                   =======         
           pLcdLineBuffer          00000F2D 
    -------------------------------------------------------------------------
<BANKED_CODE> 1 (was BANKED_CODE)
  Relative segment, address: CODE 000008F8 - 00000900 (0x9 bytes), align: 0
  Segment part 13.            Intra module refs:   lcdControl::?relay
           LOCAL                   ADDRESS         
           =====                   =======         
           lcdControl              000008F8 
               calls direct
               XSTACK = 00000009 ( 00000000 )
               ISTACK = 00000000 ( 00000002 )
    -------------------------------------------------------------------------
<BANKED_CODE> 1 (was BANKED_CODE)
  Relative segment, address: CODE 00000901 - 00000903 (0x3 bytes), align: 0
  Segment part 15.            Intra module refs:   lcdControl
                                                   lcdWrite
           LOCAL                   ADDRESS         
           =====                   =======         
           ?Subroutine17           00000901 
    -------------------------------------------------------------------------
<BANKED_CODE> 1 (was BANKED_CODE)
  Relative segment, address: CODE 00000904 - 0000090A (0x7 bytes), align: 0
  Segment part 16.            Intra module refs:   ?Subroutine17
                                                   halLcdInit
    -------------------------------------------------------------------------
<BANKED_CODE> 1 (was BANKED_CODE)
  Relative segment, address: CODE 0000090B - 00000915 (0xb bytes), align: 0
  Segment part 17.            Intra module refs:   lcdWrite::?relay
           LOCAL                   ADDRESS         
           =====                   =======         
           lcdWrite                0000090B 
               calls direct
               XSTACK = 00000009 ( 00000000 )
               ISTACK = 00000000 ( 00000002 )
    -------------------------------------------------------------------------
<BANKED_CODE> 1 (was BANKED_CODE)
  Relative segment, address: CODE 00000916 - 00000930 (0x1b bytes), align: 0
  Segment part 19.            Intra module refs:   ?Subroutine17
           LOCAL                   ADDRESS         
           =====                   =======         
           ?Subroutine2            00000916 
    -------------------------------------------------------------------------
<BANKED_CODE> 1 (was BANKED_CODE)
  Relative segment, address: CODE 00000931 - 0000095C (0x2c bytes), align: 0
  Segment part 20.            Intra module refs:   lcdWriteMany::?relay
           LOCAL                   ADDRESS         
           =====                   =======         
           lcdWriteMany            00000931 
               calls direct
               XSTACK = 00000009 ( 00000009 )
    -------------------------------------------------------------------------
<BANKED_CODE> 1 (was BANKED_CODE)
  Relative segment, address: CODE 0000095D - 00000977 (0x1b bytes), align: 0
  Segment part 22.            Intra module refs:   lcdWriteLine::?relay
           LOCAL                   ADDRESS         
           =====                   =======         
           lcdWriteLine            0000095D 
               calls direct
               XSTACK = 00000010 ( 00000009 )
    -------------------------------------------------------------------------
<BANKED_CODE> 1 (was BANKED_CODE)
  Relative segment, address: CODE 00000978 - 000009AF (0x38 bytes), align: 0
  Segment part 24.            Intra module refs:   halLcdInit::?relay
           ENTRY                   ADDRESS         REF BY
           =====                   =======         ======
           halLcdInit              00000978 
               calls direct
               ISTACK = 00000000 ( 00000002 )
    -------------------------------------------------------------------------
<BANKED_CODE> 1 (was BANKED_CODE)
  Relative segment, address: CODE 000009B0 - 000009B1 (0x2 bytes), align: 0
  Segment part 26.            Intra module refs:   halLcdInit
           LOCAL                   ADDRESS         
           =====                   =======         
           ?Subroutine4            000009B0 
    -------------------------------------------------------------------------
<BANKED_CODE> 1 (was BANKED_CODE)
  Relative segment, address: CODE 000009B2 - 000009B5 (0x4 bytes), align: 0
  Segment part 27.            Intra module refs:   ?Subroutine4
                                                   halLcdInit
    -------------------------------------------------------------------------
<BANKED_CODE> 1 (was BANKED_CODE)
  Relative segment, address: CODE 000009B6 - 000009C0 (0xb bytes), align: 0
  Segment part 28.            Intra module refs:   halLcdInit
           LOCAL                   ADDRESS         
           =====                   =======         
           ?Subroutine3            000009B6 
    -------------------------------------------------------------------------
<BANKED_CODE> 1 (was BANKED_CODE)
  Relative segment, address: CODE 000009C1 - 000009CB (0xb bytes), align: 0
  Segment part 29.            Intra module refs:   ?Subroutine3
                                                   Segment part 27
           LOCAL                   ADDRESS         
           =====                   =======         
           ?Subroutine12           000009C1 
    -------------------------------------------------------------------------
<BANKED_CODE> 1 (was BANKED_CODE)
  Relative segment, address: CODE 000009CC - 000009D2 (0x7 bytes), align: 0
  Segment part 32.            Intra module refs:   lcdWriteLine
           LOCAL                   ADDRESS         
           =====                   =======         
           ?Subroutine19           000009CC 
    -------------------------------------------------------------------------
<BANKED_CODE> 1 (was BANKED_CODE)
  Relative segment, address: CODE 000009D3 - 000009D7 (0x5 bytes), align: 0
  Segment part 33.            Intra module refs:   ?Subroutine19
                                                   halLcdClear
                                                   halLcdWriteChar
                                                   lcdWriteMany
    -------------------------------------------------------------------------
<BANKED_CODE> 1 (was BANKED_CODE)
  Relative segment, address: CODE 000009D8 - 000009FE (0x27 bytes), align: 0
  Segment part 34.            Intra module refs:   halLcdClear::?relay
           ENTRY                   ADDRESS         REF BY
           =====                   =======         ======
           halLcdClear             000009D8 
               calls direct
               XSTACK = 00000000 ( 00000009 )
    -------------------------------------------------------------------------
<BANKED_CODE> 1 (was BANKED_CODE)
  Relative segment, address: CODE 000009FF - 00000A1F (0x21 bytes), align: 0
  Segment part 40.            Intra module refs:   halLcdWriteChar::?relay
           ENTRY                   ADDRESS         REF BY
           =====                   =======         ======
           halLcdWriteChar         000009FF 
               calls direct
               XSTACK = 0000000E ( 00000009 )
    -------------------------------------------------------------------------
<BANKED_CODE> 1 (was BANKED_CODE)
  Relative segment, address: CODE 00000A20 - 00000A60 (0x41 bytes), align: 0
  Segment part 44.            Intra module refs:   halLcdWriteLine::?relay
           ENTRY                   ADDRESS         REF BY
           =====                   =======         ======
           halLcdWriteLine         00000A20 
               calls direct
               XSTACK = 00000009 ( 0000000A )
               ISTACK = 00000000 ( 00000001 )
    -------------------------------------------------------------------------
<BANKED_CODE> 1 (was BANKED_CODE)
  Relative segment, address: CODE 00000A61 - 00000A64 (0x4 bytes), align: 0
  Segment part 51.            Intra module refs:   halLcdWriteLine
    -------------------------------------------------------------------------
<BANKED_CODE> 1 (was BANKED_CODE)
  Relative segment, address: CODE 00000A65 - 00000A70 (0xc bytes), align: 0
  Segment part 52.            Intra module refs:   Segment part 51
                                                   Segment part 54
           LOCAL                   ADDRESS         
           =====                   =======         
           ?Subroutine13           00000A65 
    -------------------------------------------------------------------------
<BANKED_CODE> 1 (was BANKED_CODE)
  Relative segment, address: CODE 00000A71 - 00000A77 (0x7 bytes), align: 0
  Segment part 54.            Intra module refs:   halLcdWriteLine
    -------------------------------------------------------------------------
XDATA_I
  Relative segment, address: XDATA 00001088 - 00001097 (0x10 bytes), align: 0
  Segment part 11.            Intra module refs:   ?Subroutine16
           LOCAL                   ADDRESS         
           =====                   =======         
           hex                     00001088 
    -------------------------------------------------------------------------
<BANKED_CODE> 1 (was BANKED_CODE)
  Relative segment, address: CODE 00000A78 - 00000AFA (0x83 bytes), align: 0
  Segment part 59.            Intra module refs:   halLcdDisplayUint16::?relay
           ENTRY                   ADDRESS         REF BY
           =====                   =======         ======
           halLcdDisplayUint16     00000A78 
               calls direct
               XSTACK = 00000000 ( 0000000E )
    -------------------------------------------------------------------------
<BANKED_CODE> 1 (was BANKED_CODE)
  Relative segment, address: CODE 00000AFB - 00000AFF (0x5 bytes), align: 0
  Segment part 61.            Intra module refs:   halLcdDisplayUint16
           LOCAL                   ADDRESS         
           =====                   =======         
           ?Subroutine20           00000AFB 
    -------------------------------------------------------------------------
<BANKED_CODE> 1 (was BANKED_CODE)
  Relative segment, address: CODE 00000B00 - 00000B03 (0x4 bytes), align: 0
  Segment part 62.            Intra module refs:   halLcdDisplayUint16
           LOCAL                   ADDRESS         
           =====                   =======         
           ?Subroutine11           00000B00 
    -------------------------------------------------------------------------
<BANKED_CODE> 1 (was BANKED_CODE)
  Relative segment, address: CODE 00000B04 - 00000B06 (0x3 bytes), align: 0
  Segment part 63.            Intra module refs:   ?Subroutine11
                                                   ?Subroutine9
           LOCAL                   ADDRESS         
           =====                   =======         
           ?Subroutine15           00000B04 
    -------------------------------------------------------------------------
<BANKED_CODE> 1 (was BANKED_CODE)
  Relative segment, address: CODE 00000B07 - 00000B0B (0x5 bytes), align: 0
  Segment part 64.            Intra module refs:   ?Subroutine15
           LOCAL                   ADDRESS         
           =====                   =======         
           ?Subroutine18           00000B07 
    -------------------------------------------------------------------------
<BANKED_CODE> 1 (was BANKED_CODE)
  Relative segment, address: CODE 00000B0C - 00000B13 (0x8 bytes), align: 0
  Segment part 65.            Intra module refs:   halLcdDisplayUint16
           LOCAL                   ADDRESS         
           =====                   =======         
           ?Subroutine9            00000B0C 
    -------------------------------------------------------------------------
<BANKED_CODE> 1 (was BANKED_CODE)
  Relative segment, address: CODE 00000B14 - 00000B16 (0x3 bytes), align: 0
  Segment part 70.            Intra module refs:   halLcdDisplayUint16
           LOCAL                   ADDRESS         
           =====                   =======         
           ?Subroutine7            00000B14 
    -------------------------------------------------------------------------
<BANKED_CODE> 1 (was BANKED_CODE)
  Relative segment, address: CODE 00000B17 - 00000B1A (0x4 bytes), align: 0
  Segment part 71.            Intra module refs:   ?Subroutine7
[...]
RCODE
  Relative segment, address: CODE 00000475 - 00000481 (0xd bytes), align: 0
  Segment part 2.             Intra module refs:   ?S_SHL
                                                   ?S_SHL_REW

    -------------------------------------------------------------------------
  LIBRARY MODULE, NAME : ?ALLOC_XSTACK8

  SEGMENTS IN THE MODULE
  ======================
RCODE
  Relative segment, address: CODE 00000482 - 00000497 (0x16 bytes), align: 0
  Segment part 0.
           ENTRY                   ADDRESS         REF BY
           =====                   =======         ======
           ?ALLOC_XSTACK8          00000482        convInt32ToText (util)
                                                   utilPrintLogo (util_lcd)

    -------------------------------------------------------------------------
  LIBRARY MODULE, NAME : ?DEALLOC_XSTACK8

  SEGMENTS IN THE MODULE
  ======================
RCODE
  Relative segment, address: CODE 00000498 - 000004B1 (0x1a bytes), align: 0
  Segment part 0.
           ENTRY                   ADDRESS         REF BY
           =====                   =======         ======
           ?DEALLOC_XSTACK8        00000498        convInt32ToText (util)
                                                   utilPrintLogo (util_lcd)

    -------------------------------------------------------------------------
  LIBRARY MODULE, NAME : ?ADD_XSTACK_DISP8

  SEGMENTS IN THE MODULE
  ======================
RCODE
  Relative segment, address: CODE 000004B2 - 000004CC (0x1b bytes), align: 0
  Segment part 1.
           ENTRY                   ADDRESS         REF BY
           =====                   =======         ======
           ?ADD_XSTACK_DISP0_8     000004B2        ?PUSH_XSTACK_I (?PUSH_XSTACK_I)

    -------------------------------------------------------------------------
  LIBRARY MODULE, NAME : ?XSTACK_DISP8

  SEGMENTS IN THE MODULE
  ======================
RCODE
  Relative segment, address: CODE 000004CD - 000004D6 (0xa bytes), align: 0
  Segment part 1.
           ENTRY                   ADDRESS         REF BY
           =====                   =======         ======
           ?XSTACK_DISP0_8         000004CD        convInt32ToText (util)
                                                   strncpy (?strncpy)
                                                   utilPrintLogo (util_lcd)

    -------------------------------------------------------------------------
  LIBRARY MODULE, NAME : ?CALL_IND

  SEGMENTS IN THE MODULE
  ======================
RCODE
  Relative segment, address: CODE 000004D7 - 000004D8 (0x2 bytes), align: 0
  Segment part 0.
           ENTRY                   ADDRESS         REF BY
           =====                   =======         ======
           ?CALL_IND               000004D7        port0_ISR (hal_digio)
                                                   port1_ISR (hal_digio)
                                                   port2_ISR (hal_digio)
                                                   rfIsr (hal_rf)

    -------------------------------------------------------------------------
  LIBRARY MODULE, NAME : ?BANKED_ENTER_XDATA

  SEGMENTS IN THE MODULE
  ======================
RCODE
  Relative segment, address: CODE 000004D9 - 0000053E (0x66 bytes), align: 0
  Segment part 1.
           ENTRY                   ADDRESS         REF BY
           =====                   =======         ======
           ?BANKED_ENTER_XDATA     000004D9        M430_GetValue (M430)
                                                   convInt32ToText (util)
                                                   halBuzzerInit (hal_buzzer)
                                                   halKeypadI2cWrite (hal_keypad)
                                                   halKeypadWriteRegister (hal_keypad)
                                                   halLcdClear (hal_lcd)
                                                   halLcdDisplayUint16 (hal_lcd)
                                                   halLcdWriteChar (hal_lcd)
                                                   halLcdWriteLine (hal_lcd)
                                                   halMcuWaitMs (hal_mcu)
                                                   lcdWriteLine (hal_lcd)
                                                   lcdWriteMany (hal_lcd)
                                                   strncpy (?strncpy)
                                                   utilPrintLogo (util_lcd)

    -------------------------------------------------------------------------
  LIBRARY MODULE, NAME : ?BANKED_LEAVE_XDATA

  SEGMENTS IN THE MODULE
  ======================
RCODE
  Relative segment, address: CODE 0000053F - 0000057C (0x3e bytes), align: 0
  Segment part 1.
           ENTRY                   ADDRESS         REF BY
           =====                   =======         ======
           ?BANKED_LEAVE_XDATA     0000053F        ?Subroutine0 (hal_buzzer)
                                                   ?Subroutine1 (util_lcd)
                                                   ?Subroutine20 (hal_lcd)
                                                   M430_GetValue (M430)
                                                   Segment part 27 (hal_keypad)
                                                   Segment part 33 (hal_lcd)
                                                   convInt32ToText (util)
                                                   halLcdWriteLine (hal_lcd)
                                                   halMcuWaitMs (hal_mcu)
                                                   strncpy (?strncpy)

    -------------------------------------------------------------------------
  LIBRARY MODULE, NAME : ?INTERRUPT_ENTER_XSP

  SEGMENTS IN THE MODULE
  ======================
RCODE
  Relative segment, address: CODE 0000057D - 000005DB (0x5f bytes), align: 0
  Segment part 1.
           ENTRY                   ADDRESS         REF BY
           =====                   =======         ======
           ?INTERRUPT_ENTER_XSP    0000057D        port0_ISR (hal_digio)
                                                   port1_ISR (hal_digio)
                                                   port2_ISR (hal_digio)
                                                   rfIsr (hal_rf)

    -------------------------------------------------------------------------
  LIBRARY MODULE, NAME : ?INTERRUPT_LEAVE_XSP

  SEGMENTS IN THE MODULE
  ======================
RCODE
  Relative segment, address: CODE 000005DC - 0000062B (0x50 bytes), align: 0
  Segment part 1.
           ENTRY                   ADDRESS         REF BY
           =====                   =======         ======
           ?INTERRUPT_LEAVE_XSP    000005DC        ?Subroutine3 (hal_digio)
                                                   rfIsr (hal_rf)

    -------------------------------------------------------------------------
  LIBRARY MODULE, NAME : ?PUSH_XSTACK_I

  SEGMENTS IN THE MODULE
  ======================
RCODE
  Relative segment, address: CODE 0000062C - 0000062F (0x4 bytes), align: 0
  Segment part 2.
           ENTRY                   ADDRESS         REF BY
           =====                   =======         ======
           ?PUSH_XSTACK_I_TWO      0000062C        utilPrintLogo (util_lcd)
    -------------------------------------------------------------------------
RCODE
  Relative segment, address: CODE 00000630 - 0000063C (0xd bytes), align: 0
  Segment part 4.             Intra module refs:   ?PUSH_XSTACK_I_TWO
           ENTRY                   ADDRESS         REF BY
           =====                   =======         ======
           ?PUSH_XSTACK_I          00000630 

    -------------------------------------------------------------------------
  LIBRARY MODULE, NAME : ?UC_SWITCH_DENSE

  SEGMENTS IN THE MODULE
  ======================
RCODE
  Relative segment, address: CODE 0000063D - 00000642 (0x6 bytes), align: 0
  Segment part 0.
           ENTRY                   ADDRESS         REF BY
           =====                   =======         ======
           ?UC_SWITCH_DENSE        0000063D        halLedSet (hal_led)
    -------------------------------------------------------------------------
RCODE
  Relative segment, address: CODE 00000643 - 00000671 (0x2f bytes), align: 0
  Segment part 2.             Intra module refs:   ?UC_SWITCH_DENSE
    -------------------------------------------------------------------------
RCODE
  Relative segment, address: CODE 00000672 - 00000672 (0x1 bytes), align: 0
  Segment part 4.             Intra module refs:   ?UC_SWITCH_DENSE

    -------------------------------------------------------------------------
  LIBRARY MODULE, NAME : ?UC_SWITCH_SPARSE

  SEGMENTS IN THE MODULE
  ======================
RCODE
  Relative segment, address: CODE 00000673 - 00000679 (0x7 bytes), align: 0
  Segment part 0.
           ENTRY                   ADDRESS         REF BY
           =====                   =======         ======
           ?UC_SWITCH_SPARSE       00000673        utilChipIdToStr (util)
    -------------------------------------------------------------------------
RCODE
  Relative segment, address: CODE 0000067A - 0000069B (0x22 bytes), align: 0
  Segment part 2.             Intra module refs:   ?UC_SWITCH_SPARSE
           ENTRY                   ADDRESS         REF BY
           =====                   =======         ======
           ?UC_SWITCH_SPARSE_LEAVE
                                   00000690        ?UC_JMP_IF_IN_RANGE (?UC_JMP_IF_IN_RANGE)
                                                   ?UC_JMP_IF_VALUE (?UC_JMP_IF_VALUE)
    -------------------------------------------------------------------------
RCODE
  Relative segment, address: CODE 0000069C - 0000069C (0x1 bytes), align: 0
  Segment part 4.             Intra module refs:   ?UC_SWITCH_SPARSE

    -------------------------------------------------------------------------
  LIBRARY MODULE, NAME : ?UC_JMP_IF_IN_RANGE

  SEGMENTS IN THE MODULE
  ======================
RCODE
  Relative segment, address: CODE 0000069D - 000006BB (0x1f bytes), align: 0
  Segment part 0.
           ENTRY                   ADDRESS         REF BY
           =====                   =======         ======
           ?UC_JMP_IF_IN_RANGE     0000069D        ?UC_SWITCH_SPARSE_LEAVE (?UC_SWITCH_SPARSE)

    -------------------------------------------------------------------------
  LIBRARY MODULE, NAME : ?UC_JMP_IF_VALUE

  SEGMENTS IN THE MODULE
  ======================
RCODE
  Relative segment, address: CODE 000006BC - 000006D1 (0x16 bytes), align: 0
  Segment part 0.
           ENTRY                   ADDRESS         REF BY
           =====                   =======         ======
           ?UC_JMP_IF_VALUE        000006BC        ?UC_SWITCH_SPARSE_LEAVE (?UC_SWITCH_SPARSE)

    -------------------------------------------------------------------------
  LIBRARY MODULE, NAME : ?strncpy

  SEGMENTS IN THE MODULE
  ======================
<BANKED_CODE> 1 (was BANKED_CODE)
  Relative segment, address: CODE 0000101B - 00001081 (0x67 bytes), align: 0
  Segment part 6.             Intra module refs:   strncpy::?relay
           ENTRY                   ADDRESS         REF BY
           =====                   =======         ======
           strncpy                 0000101B 
               XSTACK = 00000002 ( 0000000A )
               ISTACK = 00000000 ( 00000001 )
    -------------------------------------------------------------------------
BANK_RELAYS
  Relative segment, address: CODE 000002A2 - 000002A7 (0x6 bytes), align: 0
  Segment part 7.
           ENTRY                   ADDRESS         REF BY
           =====                   =======         ======
           strncpy::?relay         000002A2        utilPrintLogo (util_lcd)

    -------------------------------------------------------------------------
  LIBRARY MODULE, NAME : ?low_level_init

  SEGMENTS IN THE MODULE
  ======================
CSTART
  Relative segment, address: CODE 00000137 - 00000139 (0x3 bytes), align: 0
  Segment part 6. ROOT.
           ENTRY                   ADDRESS         REF BY
           =====                   =======         ======
           __low_level_init        00000137        __low_level_init_call (?cmain)




                ****************************************
                *                                      *
                *            MODULE SUMMARY            *
                *                                      *
                ****************************************

Module                    CODE      DATA      XDATA  IDATA    BIT
------                    ----      ----      -----  -----    ---
                         (Rel)  (Rel)  (Abs)  (Rel)  (Rel)  (Rel)
?ADD_XSTACK_DISP8           27
?ALLOC_XSTACK8              22
?BANKED_CODE_SUPPORT        66
?BANKED_ENTER_XDATA        102
?BANKED_LEAVE_XDATA         62
?CALL_IND                    2
?DEALLOC_XSTACK8            26
?INTERRUPT_ENTER_XSP        95
?INTERRUPT_LEAVE_XSP        80
?L_DIV_MOD                  87
?L_EQ_X                     21
?L_MOV_TO_X                 15
?L_MOV_X                    15
?L_NEG                      17
?L_NEG_R1                   17
?MOVE_LONG8_XDATA_IDATA     13
?MOVE_LONG8_XDATA_XDATA     33
?PUSH_XSTACK_I              17
?SL_GT_X                    21
?S_DIV_MOD                  89
?S_SHL                      19
?UC_JMP_IF_IN_RANGE         31
?UC_JMP_IF_VALUE            22
?UC_SWITCH_DENSE            54
?UC_SWITCH_SPARSE           42
?UL_DIV_MOD                112
?US_SHR                     15
?XSTACK_DISP8               10
?cexit                       5
?cmain                      88
?low_level_init              3
?strncpy                   109
CSTARTUP                    18
  + common                   3
M430                        99             1      2
  + shared                 102             2
  + common
VIRTUAL_REGISTERS                   2                           8
basic_rf                     4
  + shared                                        4
ex                         309                   51
hal_adc                     75             4
  + shared                                 1
hal_board                  105                    1
  + shared                                 9
hal_buzzer                 117             5
  + common                  78
hal_clock                   60             4
hal_digio                  276             8     42
  + shared                 126             3
  + common
hal_int                     11
hal_keypad                 283
hal_lcd                    640                   32
hal_led                    110
hal_mcu                    129             1
hal_rf                     104             5      2
  + common                 134
hal_rf_security                            3
hal_uart                   252             7    262
  + common                  62
util                       486                   71
util_lcd                   148                   20
N/A (command line)                 16         3 839     64
N/A (alignment)
----------               -----     --     --  -----     --      -
Total:                   4 563     18     53  4 326     64      8
  + common                 134


                ****************************************
                *                                      *
                *      SEGMENTS IN ADDRESS ORDER       *
                *                                      *
                ****************************************


SEGMENT              SPACE    START ADDRESS   END ADDRESS     SIZE  TYPE  ALIGN
=======              =====    =============   ===========     ====  ====  =====
INTVEC               CODE          00000000 - 00000085          86   com    0
CSTART               CODE          00000086 - 00000139          B4   rel    0
DATA_ID              CODE               0000013A                     dse    0
BDATA_ID             CODE               0000013A                     dse    0
BIT_ID               CODE               0000013A                     dse    0
IXDATA_ID            CODE               0000013A                     dse    0
PDATA_ID             CODE               0000013A                     dse    0
IDATA_ID             CODE               0000013A                     dse    0
XDATA_ID             CODE          0000013A - 000001CF          96   rel    0
BANK_RELAYS          CODE          000001D0 - 000002A7          D8   rel    0
RCODE                CODE          000002A8 - 000006D1         42A   rel    0
CODE_N               CODE               000006D2                     dse    0
CODE_C               CODE               000006D2                     dse    0
DIFUNCT              CODE               000006D2                     dse    0
NEAR_CODE            CODE          000006D2 - 000008F7         226   rel    0
<BANKED_CODE> 1      CODE          000008F8 - 00001258         961   rel    0
REGISTERS            DATA          00000000 - 00000007           8   rel    0
VREG                 DATA          00000008 - 0000000F           8   rel    0
PSP                  DATA               00000010                     dse    0
XSP                  DATA          00000010 - 00000011           2   rel    0
BREG                 BIT        00000020.0  -  00000020.7        8   rel    0
SFR_AN               DATA          00000080 - 00000080           1   rel    0
                     DATA          00000086 - 00000086           1 
                     DATA          00000088 - 0000008D           6 
                     DATA          00000090 - 00000091           2 
                     DATA          00000095 - 00000095           1 
                     DATA          0000009A - 0000009B           2 
                     DATA          0000009D - 0000009E           2 
                     DATA          000000A0 - 000000A0           1 
                     DATA          000000A8 - 000000A8           1 
                     DATA          000000AB - 000000AC           2 
                     DATA          000000B1 - 000000B3           3 
                     DATA          000000B6 - 000000B6           1 
                     DATA          000000B8 - 000000B8           1 
                     DATA          000000BA - 000000BB           2 
                     DATA          000000BE - 000000BE           1 
                     DATA          000000C0 - 000000C2           3 
                     DATA          000000C4 - 000000C6           3 
                     DATA          000000C9 - 000000C9           1 
                     DATA          000000D9 - 000000DB           3 
                     DATA          000000E1 - 000000E2           2 
                     DATA          000000E4 - 000000E5           2 
                     DATA          000000E8 - 000000E9           2 
                     DATA          000000EB - 000000EB           1 
                     DATA          000000F1 - 000000F5           5 
                     DATA          000000F7 - 000000F7           1 
                     DATA          000000FD - 000000FF           3 
XSTACK               XDATA         00000001 - 00000EFF         EFF   rel    0
XDATA_Z              XDATA         00000F00 - 00001050         151   rel    0
XDATA_I              XDATA         00001051 - 000010E6          96   rel    0
ISTACK               IDATA         000000C0 - 000000FF          40   rel    0

                ****************************************
                *                                      *
                *        END OF CROSS REFERENCE        *
                *                                      *
                ****************************************

 4 697 bytes of CODE  memory
    18 bytes of DATA  memory (+ 53 absolute )
 4 326 bytes of XDATA memory
    64 bytes of IDATA memory
     8 bits  of BIT   memory

Errors: none
Warnings: none

